Archive member included to satisfy reference by file (symbol)

c:/progra~1/raspbe~1/picosd~1.0/gcc-ar~1/bin/../lib/gcc/arm-none-eabi/10.3.1/thumb/v6-m/nofp\libgcc.a(_dvmd_tls.o)
                              CMakeFiles/pico-mouse.dir/C_/Program_Files/Raspberry_Pi/Pico_SDK_v1.5.0/pico-sdk/src/rp2_common/pico_divider/divider.S.obj (__aeabi_idiv0)
c:/progra~1/raspbe~1/picosd~1.0/gcc-ar~1/bin/../lib/gcc/arm-none-eabi/10.3.1/../../../../arm-none-eabi/lib/thumb/v6-m/nofp\libg.a(lib_a-calloc.o)
                              CMakeFiles/pico-mouse.dir/C_/Program_Files/Raspberry_Pi/Pico_SDK_v1.5.0/pico-sdk/src/rp2_common/pico_malloc/pico_malloc.c.obj (calloc)
c:/progra~1/raspbe~1/picosd~1.0/gcc-ar~1/bin/../lib/gcc/arm-none-eabi/10.3.1/../../../../arm-none-eabi/lib/thumb/v6-m/nofp\libg.a(lib_a-callocr.o)
                              c:/progra~1/raspbe~1/picosd~1.0/gcc-ar~1/bin/../lib/gcc/arm-none-eabi/10.3.1/../../../../arm-none-eabi/lib/thumb/v6-m/nofp\libg.a(lib_a-calloc.o) (_calloc_r)
c:/progra~1/raspbe~1/picosd~1.0/gcc-ar~1/bin/../lib/gcc/arm-none-eabi/10.3.1/../../../../arm-none-eabi/lib/thumb/v6-m/nofp\libg.a(lib_a-errno.o)
                              c:/progra~1/raspbe~1/picosd~1.0/gcc-ar~1/bin/../lib/gcc/arm-none-eabi/10.3.1/../../../../arm-none-eabi/lib/thumb/v6-m/nofp\libg.a(lib_a-callocr.o) (__errno)
c:/progra~1/raspbe~1/picosd~1.0/gcc-ar~1/bin/../lib/gcc/arm-none-eabi/10.3.1/../../../../arm-none-eabi/lib/thumb/v6-m/nofp\libg.a(lib_a-impure.o)
                              c:/progra~1/raspbe~1/picosd~1.0/gcc-ar~1/bin/../lib/gcc/arm-none-eabi/10.3.1/../../../../arm-none-eabi/lib/thumb/v6-m/nofp\libg.a(lib_a-calloc.o) (_impure_ptr)
c:/progra~1/raspbe~1/picosd~1.0/gcc-ar~1/bin/../lib/gcc/arm-none-eabi/10.3.1/../../../../arm-none-eabi/lib/thumb/v6-m/nofp\libg.a(lib_a-init.o)
                              c:/progra~1/raspbe~1/picosd~1.0/gcc-ar~1/bin/../lib/gcc/arm-none-eabi/10.3.1/../../../../arm-none-eabi/lib/thumb/v6-m/nofp/crt0.o (__libc_init_array)
c:/progra~1/raspbe~1/picosd~1.0/gcc-ar~1/bin/../lib/gcc/arm-none-eabi/10.3.1/../../../../arm-none-eabi/lib/thumb/v6-m/nofp\libg.a(lib_a-malloc.o)
                              CMakeFiles/pico-mouse.dir/C_/Program_Files/Raspberry_Pi/Pico_SDK_v1.5.0/pico-sdk/src/rp2_common/pico_malloc/pico_malloc.c.obj (malloc)
c:/progra~1/raspbe~1/picosd~1.0/gcc-ar~1/bin/../lib/gcc/arm-none-eabi/10.3.1/../../../../arm-none-eabi/lib/thumb/v6-m/nofp\libg.a(lib_a-mallocr.o)
                              c:/progra~1/raspbe~1/picosd~1.0/gcc-ar~1/bin/../lib/gcc/arm-none-eabi/10.3.1/../../../../arm-none-eabi/lib/thumb/v6-m/nofp\libg.a(lib_a-callocr.o) (_malloc_r)
c:/progra~1/raspbe~1/picosd~1.0/gcc-ar~1/bin/../lib/gcc/arm-none-eabi/10.3.1/../../../../arm-none-eabi/lib/thumb/v6-m/nofp\libg.a(lib_a-mlock.o)
                              c:/progra~1/raspbe~1/picosd~1.0/gcc-ar~1/bin/../lib/gcc/arm-none-eabi/10.3.1/../../../../arm-none-eabi/lib/thumb/v6-m/nofp\libg.a(lib_a-mallocr.o) (__malloc_lock)
c:/progra~1/raspbe~1/picosd~1.0/gcc-ar~1/bin/../lib/gcc/arm-none-eabi/10.3.1/../../../../arm-none-eabi/lib/thumb/v6-m/nofp\libg.a(lib_a-realloc.o)
                              CMakeFiles/pico-mouse.dir/C_/Program_Files/Raspberry_Pi/Pico_SDK_v1.5.0/pico-sdk/src/rp2_common/pico_malloc/pico_malloc.c.obj (realloc)
c:/progra~1/raspbe~1/picosd~1.0/gcc-ar~1/bin/../lib/gcc/arm-none-eabi/10.3.1/../../../../arm-none-eabi/lib/thumb/v6-m/nofp\libg.a(lib_a-reallocr.o)
                              c:/progra~1/raspbe~1/picosd~1.0/gcc-ar~1/bin/../lib/gcc/arm-none-eabi/10.3.1/../../../../arm-none-eabi/lib/thumb/v6-m/nofp\libg.a(lib_a-realloc.o) (_realloc_r)
c:/progra~1/raspbe~1/picosd~1.0/gcc-ar~1/bin/../lib/gcc/arm-none-eabi/10.3.1/../../../../arm-none-eabi/lib/thumb/v6-m/nofp\libg.a(lib_a-sbrkr.o)
                              c:/progra~1/raspbe~1/picosd~1.0/gcc-ar~1/bin/../lib/gcc/arm-none-eabi/10.3.1/../../../../arm-none-eabi/lib/thumb/v6-m/nofp\libg.a(lib_a-mallocr.o) (_sbrk_r)
c:/progra~1/raspbe~1/picosd~1.0/gcc-ar~1/bin/../lib/gcc/arm-none-eabi/10.3.1/../../../../arm-none-eabi/lib/thumb/v6-m/nofp\libg.a(lib_a-strlen-stub.o)
                              CMakeFiles/pico-mouse.dir/usb_descriptors.c.obj (strlen)
c:/progra~1/raspbe~1/picosd~1.0/gcc-ar~1/bin/../lib/gcc/arm-none-eabi/10.3.1/../../../../arm-none-eabi/lib/thumb/v6-m/nofp\libg.a(lib_a-freer.o)
                              c:/progra~1/raspbe~1/picosd~1.0/gcc-ar~1/bin/../lib/gcc/arm-none-eabi/10.3.1/../../../../arm-none-eabi/lib/thumb/v6-m/nofp\libg.a(lib_a-malloc.o) (_free_r)
c:/progra~1/raspbe~1/picosd~1.0/gcc-ar~1/bin/../lib/gcc/arm-none-eabi/10.3.1/../../../../arm-none-eabi/lib/thumb/v6-m/nofp\libg.a(lib_a-lock.o)
                              c:/progra~1/raspbe~1/picosd~1.0/gcc-ar~1/bin/../lib/gcc/arm-none-eabi/10.3.1/../../../../arm-none-eabi/lib/thumb/v6-m/nofp\libg.a(lib_a-mlock.o) (__retarget_lock_acquire_recursive)
[...]
Memory Configuration

Name             Origin             Length             Attributes
FLASH            0x10000000         0x00200000         xr
RAM              0x20000000         0x00040000         xrw
SCRATCH_X        0x20040000         0x00001000         xrw
SCRATCH_Y        0x20041000         0x00001000         xrw
*default*        0x00000000         0xffffffff

Linker script and memory map

LOAD c:/progra~1/raspbe~1/picosd~1.0/gcc-ar~1/bin/../lib/gcc/arm-none-eabi/10.3.1/thumb/v6-m/nofp/crti.o
LOAD c:/progra~1/raspbe~1/picosd~1.0/gcc-ar~1/bin/../lib/gcc/arm-none-eabi/10.3.1/thumb/v6-m/nofp/crtbegin.o
LOAD c:/progra~1/raspbe~1/picosd~1.0/gcc-ar~1/bin/../lib/gcc/arm-none-eabi/10.3.1/../../../../arm-none-eabi/lib/thumb/v6-m/nofp/crt0.o

.flash_begin    0x10000000        0x0
                0x10000000                __flash_binary_start = .

.boot2          0x10000000      0x100
                0x10000000                __boot2_start__ = .
 *(.boot2)
 .boot2         0x10000000      0x100 C:\Users\Brent\AppData\Local\Temp\ccyXnJhM.o
                0x10000100                __boot2_end__ = .
                0x00000001                ASSERT (((__boot2_end__ - __boot2_start__) == 0x100), ERROR: Pico second stage bootloader must be 256 bytes in size)

.text           0x10000100     0x66f8
                0x10000100                __logical_binary_start = .
 *(.vectors)
 .vectors       0x10000100       0xd4 CMakeFiles/pico-mouse.dir/C_/Program_Files/Raspberry_Pi/Pico_SDK_v1.5.0/pico-sdk/src/rp2_common/pico_standard_link/crt0.S.obj
                0x10000100                __VECTOR_TABLE
                0x10000100                __vectors
                0x100001c0                isr_invalid
                0x100001c0                __default_isrs_start
                0x100001c2                isr_nmi
                0x100001c4                isr_hardfault
                0x100001c6                isr_svcall
                0x100001c8                isr_pendsv
                0x100001ca                isr_systick
                0x100001cc                isr_irq23
                0x100001cc                isr_irq18
                0x100001cc                isr_irq11
                0x100001cc                isr_irq28
                0x100001cc                isr_irq19
                0x100001cc                isr_irq0
                0x100001cc                isr_irq6
                0x100001cc                isr_irq5
                0x100001cc                isr_irq12
                0x100001cc                isr_irq22
                0x100001cc                isr_irq31
                0x100001cc                isr_irq17
                0x100001cc                isr_irq27
                0x100001cc                isr_irq30
                0x100001cc                isr_irq2
                0x100001cc                isr_irq10
                0x100001cc                isr_irq8
                0x100001cc                isr_irq24
                0x100001cc                isr_irq1
                0x100001cc                isr_irq7
                0x100001cc                isr_irq21
                0x100001cc                isr_irq20
                0x100001cc                isr_irq15
                0x100001cc                isr_irq25
                0x100001cc                isr_irq13
                0x100001cc                __unhandled_user_irq
                0x100001cc                isr_irq4
                0x100001cc                isr_irq16
                0x100001cc                isr_irq29
                0x100001cc                isr_irq26
                0x100001cc                __default_isrs_end
                0x100001cc                isr_irq3
                0x100001cc                isr_irq14
                0x100001cc                isr_irq9
                0x100001d2                unhandled_user_irq_num_in_r0
 *(.binary_info_header)
 .binary_info_header
                0x100001d4       0x14 CMakeFiles/pico-mouse.dir/C_/Program_Files/Raspberry_Pi/Pico_SDK_v1.5.0/pico-sdk/src/rp2_common/pico_standard_link/crt0.S.obj
                0x100001e8                __binary_info_header_end = .
 *(.reset)
 .reset         0x100001e8       0xa0 CMakeFiles/pico-mouse.dir/C_/Program_Files/Raspberry_Pi/Pico_SDK_v1.5.0/pico-sdk/src/rp2_common/pico_standard_link/crt0.S.obj
                0x100001e8                _entry_point
 .reset         0x10000288       0x30 CMakeFiles/pico-mouse.dir/C_/Program_Files/Raspberry_Pi/Pico_SDK_v1.5.0/pico-sdk/src/rp2_common/pico_standard_link/binary_info.c.obj
 *(.init)
 .init          0x100002b8        0x4 c:/progra~1/raspbe~1/picosd~1.0/gcc-ar~1/bin/../lib/gcc/arm-none-eabi/10.3.1/thumb/v6-m/nofp/crti.o
                0x100002b8                _init
 *(EXCLUDE_FILE(*libm.a: *libc.a:*lib_a-mem*.o *libgcc.a:) .text*)
 .text          0x100002bc       0x48 c:/progra~1/raspbe~1/picosd~1.0/gcc-ar~1/bin/../lib/gcc/arm-none-eabi/10.3.1/thumb/v6-m/nofp/crtbegin.o
 .text.send_hid_report
                0x10000304       0x36 CMakeFiles/pico-mouse.dir/main.c.obj
 *fill*         0x1000033a        0x2 
 .text.tud_mount_cb
                0x1000033c       0x10 CMakeFiles/pico-mouse.dir/main.c.obj
                0x1000033c                tud_mount_cb
 .text.tud_umount_cb
                0x1000034c        0xc CMakeFiles/pico-mouse.dir/main.c.obj
                0x1000034c                tud_umount_cb
 .text.tud_suspend_cb
                0x10000358       0x10 CMakeFiles/pico-mouse.dir/main.c.obj
                0x10000358                tud_suspend_cb
 .text.tud_resume_cb
                0x10000368       0x10 CMakeFiles/pico-mouse.dir/main.c.obj
                0x10000368                tud_resume_cb
 .text.hid_task
                0x10000378       0x6c CMakeFiles/pico-mouse.dir/main.c.obj
                0x10000378                hid_task
 .text.tud_hid_report_complete_cb
                0x100003e4        0x2 CMakeFiles/pico-mouse.dir/main.c.obj
                0x100003e4                tud_hid_report_complete_cb
 .text.tud_hid_get_report_cb
                0x100003e6        0x4 CMakeFiles/pico-mouse.dir/main.c.obj
                0x100003e6                tud_hid_get_report_cb
 .text.tud_hid_set_report_cb
                0x100003ea        0x2 CMakeFiles/pico-mouse.dir/main.c.obj
                0x100003ea                tud_hid_set_report_cb
 .text.led_blinking_task
                0x100003ec       0x74 CMakeFiles/pico-mouse.dir/main.c.obj
                0x100003ec                led_blinking_task
 .text.main     0x10000460       0x44 CMakeFiles/pico-mouse.dir/main.c.obj
                0x10000460                main
 .text.tud_descriptor_device_cb
                0x100004a4        0x8 CMakeFiles/pico-mouse.dir/usb_descriptors.c.obj
                0x100004a4                tud_descriptor_device_cb
 .text.tud_hid_descriptor_report_cb
                0x100004ac        0x8 CMakeFiles/pico-mouse.dir/usb_descriptors.c.obj
                0x100004ac                tud_hid_descriptor_report_cb
 .text.tud_descriptor_configuration_cb
                0x100004b4        0x8 CMakeFiles/pico-mouse.dir/usb_descriptors.c.obj
                0x100004b4                tud_descriptor_configuration_cb
 .text.tud_descriptor_string_cb
                0x100004bc       0x60 CMakeFiles/pico-mouse.dir/usb_descriptors.c.obj
                0x100004bc                tud_descriptor_string_cb
 .text.PMW3360_writeRegister
                0x1000051c       0x64 CMakeFiles/pico-mouse.dir/C_/Users/Brent/Documents/GitHub/PMW3360-Firmware/src/PMW3360.c.obj
 .text.PMW3360_readRegister
                0x10000580       0x6c CMakeFiles/pico-mouse.dir/C_/Users/Brent/Documents/GitHub/PMW3360-Firmware/src/PMW3360.c.obj
 .text.PMW3360_init
                0x100005ec      0x150 CMakeFiles/pico-mouse.dir/C_/Users/Brent/Documents/GitHub/PMW3360-Firmware/src/PMW3360.c.obj
                0x100005ec                PMW3360_init
 .text.PMW3360_read
                0x1000073c       0xc4 CMakeFiles/pico-mouse.dir/C_/Users/Brent/Documents/GitHub/PMW3360-Firmware/src/PMW3360.c.obj
                0x1000073c                PMW3360_read
 .text.gpio_set_function
                0x10000800       0x30 CMakeFiles/pico-mouse.dir/C_/Program_Files/Raspberry_Pi/Pico_SDK_v1.5.0/pico-sdk/src/rp2_common/hardware_gpio/gpio.c.obj
                0x10000800                gpio_set_function
 .text.gpio_init
                0x10000830       0x16 CMakeFiles/pico-mouse.dir/C_/Program_Files/Raspberry_Pi/Pico_SDK_v1.5.0/pico-sdk/src/rp2_common/hardware_gpio/gpio.c.obj
                0x10000830                gpio_init
 *fill*         0x10000846        0x2 
 .text.running_on_fpga
                0x10000848       0x14 CMakeFiles/pico-mouse.dir/C_/Program_Files/Raspberry_Pi/Pico_SDK_v1.5.0/pico-sdk/src/rp2_common/pico_platform/platform.c.obj
                0x10000848                running_on_fpga
 .text.hw_claim_lock
                0x1000085c       0x18 CMakeFiles/pico-mouse.dir/C_/Program_Files/Raspberry_Pi/Pico_SDK_v1.5.0/pico-sdk/src/rp2_common/hardware_claim/claim.c.obj
                0x1000085c                hw_claim_lock
 .text.hw_claim_unlock
                0x10000874       0x14 CMakeFiles/pico-mouse.dir/C_/Program_Files/Raspberry_Pi/Pico_SDK_v1.5.0/pico-sdk/src/rp2_common/hardware_claim/claim.c.obj
                0x10000874                hw_claim_unlock
 .text.hw_claim_or_assert
                0x10000888       0x32 CMakeFiles/pico-mouse.dir/C_/Program_Files/Raspberry_Pi/Pico_SDK_v1.5.0/pico-sdk/src/rp2_common/hardware_claim/claim.c.obj
                0x10000888                hw_claim_or_assert
 .text.hw_claim_unused_from_range
                0x100008ba       0x50 CMakeFiles/pico-mouse.dir/C_/Program_Files/Raspberry_Pi/Pico_SDK_v1.5.0/pico-sdk/src/rp2_common/hardware_claim/claim.c.obj
                0x100008ba                hw_claim_unused_from_range
 *fill*         0x1000090a        0x2 
 .text.spin_locks_reset
                0x1000090c       0x20 CMakeFiles/pico-mouse.dir/C_/Program_Files/Raspberry_Pi/Pico_SDK_v1.5.0/pico-sdk/src/rp2_common/hardware_sync/sync.c.obj
                0x1000090c                spin_locks_reset
 .text.next_striped_spin_lock_num
                0x1000092c       0x1c CMakeFiles/pico-mouse.dir/C_/Program_Files/Raspberry_Pi/Pico_SDK_v1.5.0/pico-sdk/src/rp2_common/hardware_sync/sync.c.obj
                0x1000092c                next_striped_spin_lock_num
 .text.spin_lock_claim_unused
                0x10000948       0x20 CMakeFiles/pico-mouse.dir/C_/Program_Files/Raspberry_Pi/Pico_SDK_v1.5.0/pico-sdk/src/rp2_common/hardware_sync/sync.c.obj
                0x10000948                spin_lock_claim_unused
 .text.set_raw_irq_handler_and_unlock
                0x10000968       0x28 CMakeFiles/pico-mouse.dir/C_/Program_Files/Raspberry_Pi/Pico_SDK_v1.5.0/pico-sdk/src/rp2_common/hardware_irq/irq.c.obj
 .text.make_branch
                0x10000990       0x48 CMakeFiles/pico-mouse.dir/C_/Program_Files/Raspberry_Pi/Pico_SDK_v1.5.0/pico-sdk/src/rp2_common/hardware_irq/irq.c.obj
 .text.insert_branch_and_link
                0x100009d8       0x40 CMakeFiles/pico-mouse.dir/C_/Program_Files/Raspberry_Pi/Pico_SDK_v1.5.0/pico-sdk/src/rp2_common/hardware_irq/irq.c.obj
 .text.irq_is_enabled
                0x10000a18       0x18 CMakeFiles/pico-mouse.dir/C_/Program_Files/Raspberry_Pi/Pico_SDK_v1.5.0/pico-sdk/src/rp2_common/hardware_irq/irq.c.obj
                0x10000a18                irq_is_enabled
 .text.irq_set_mask_enabled
                0x10000a30       0x20 CMakeFiles/pico-mouse.dir/C_/Program_Files/Raspberry_Pi/Pico_SDK_v1.5.0/pico-sdk/src/rp2_common/hardware_irq/irq.c.obj
                0x10000a30                irq_set_mask_enabled
 .text.irq_set_enabled
                0x10000a50        0xe CMakeFiles/pico-mouse.dir/C_/Program_Files/Raspberry_Pi/Pico_SDK_v1.5.0/pico-sdk/src/rp2_common/hardware_irq/irq.c.obj
                0x10000a50                irq_set_enabled
 *fill*         0x10000a5e        0x2 
 .text.irq_get_vtable_handler
                0x10000a60       0x10 CMakeFiles/pico-mouse.dir/C_/Program_Files/Raspberry_Pi/Pico_SDK_v1.5.0/pico-sdk/src/rp2_common/hardware_irq/irq.c.obj
                0x10000a60                irq_get_vtable_handler
 .text.irq_set_exclusive_handler
                0x10000a70       0x54 CMakeFiles/pico-mouse.dir/C_/Program_Files/Raspberry_Pi/Pico_SDK_v1.5.0/pico-sdk/src/rp2_common/hardware_irq/irq.c.obj
                0x10000a70                irq_set_exclusive_handler
 .text.irq_add_shared_handler
                0x10000ac4      0x234 CMakeFiles/pico-mouse.dir/C_/Program_Files/Raspberry_Pi/Pico_SDK_v1.5.0/pico-sdk/src/rp2_common/hardware_irq/irq.c.obj
                0x10000ac4                irq_add_shared_handler
 .text.irq_remove_handler
                0x10000cf8      0x1ac CMakeFiles/pico-mouse.dir/C_/Program_Files/Raspberry_Pi/Pico_SDK_v1.5.0/pico-sdk/src/rp2_common/hardware_irq/irq.c.obj
                0x10000cf8                irq_remove_handler
 .text.irq_add_tail_to_free_list
                0x10000ea4       0xf0 CMakeFiles/pico-mouse.dir/C_/Program_Files/Raspberry_Pi/Pico_SDK_v1.5.0/pico-sdk/src/rp2_common/hardware_irq/irq.c.obj
                0x10000ea4                irq_add_tail_to_free_list
 .text.irq_init_priorities
                0x10000f94       0x1c CMakeFiles/pico-mouse.dir/C_/Program_Files/Raspberry_Pi/Pico_SDK_v1.5.0/pico-sdk/src/rp2_common/hardware_irq/irq.c.obj
                0x10000f94                irq_init_priorities
 .text.lock_init
                0x10000fb0       0x10 CMakeFiles/pico-mouse.dir/C_/Program_Files/Raspberry_Pi/Pico_SDK_v1.5.0/pico-sdk/src/common/pico_sync/lock_core.c.obj
                0x10000fb0                lock_init
 .text.mutex_init
                0x10000fc0       0x1a CMakeFiles/pico-mouse.dir/C_/Program_Files/Raspberry_Pi/Pico_SDK_v1.5.0/pico-sdk/src/common/pico_sync/mutex.c.obj
                0x10000fc0                mutex_init
 .text.recursive_mutex_init
                0x10000fda       0x1e CMakeFiles/pico-mouse.dir/C_/Program_Files/Raspberry_Pi/Pico_SDK_v1.5.0/pico-sdk/src/common/pico_sync/mutex.c.obj
                0x10000fda                recursive_mutex_init
 .text.critical_section_init_with_lock_num
                0x10000ff8       0x14 CMakeFiles/pico-mouse.dir/C_/Program_Files/Raspberry_Pi/Pico_SDK_v1.5.0/pico-sdk/src/common/pico_sync/critical_section.c.obj
                0x10000ff8                critical_section_init_with_lock_num
 .text.critical_section_init
                0x1000100c       0x14 CMakeFiles/pico-mouse.dir/C_/Program_Files/Raspberry_Pi/Pico_SDK_v1.5.0/pico-sdk/src/common/pico_sync/critical_section.c.obj
                0x1000100c                critical_section_init
 .text.alarm_pool_post_alloc_init
                0x10001020       0x40 CMakeFiles/pico-mouse.dir/C_/Program_Files/Raspberry_Pi/Pico_SDK_v1.5.0/pico-sdk/src/common/pico_time/time.c.obj
 .text.sleep_until_callback
                0x10001060       0x30 CMakeFiles/pico-mouse.dir/C_/Program_Files/Raspberry_Pi/Pico_SDK_v1.5.0/pico-sdk/src/common/pico_time/time.c.obj
 .text.timer_pool_entry_comparator
                0x10001090       0x7c CMakeFiles/pico-mouse.dir/C_/Program_Files/Raspberry_Pi/Pico_SDK_v1.5.0/pico-sdk/src/common/pico_time/time.c.obj
                0x10001090                timer_pool_entry_comparator
 .text.ph_add_child_node
                0x1000110c       0xa4 CMakeFiles/pico-mouse.dir/C_/Program_Files/Raspberry_Pi/Pico_SDK_v1.5.0/pico-sdk/src/common/pico_time/time.c.obj
 .text.ph_merge_nodes
                0x100011b0       0x3e CMakeFiles/pico-mouse.dir/C_/Program_Files/Raspberry_Pi/Pico_SDK_v1.5.0/pico-sdk/src/common/pico_time/time.c.obj
 *fill*         0x100011ee        0x2 
 .text.add_alarm_under_lock
                0x100011f0      0x174 CMakeFiles/pico-mouse.dir/C_/Program_Files/Raspberry_Pi/Pico_SDK_v1.5.0/pico-sdk/src/common/pico_time/time.c.obj
 .text.alarm_pool_alarm_callback
                0x10001364      0x33c CMakeFiles/pico-mouse.dir/C_/Program_Files/Raspberry_Pi/Pico_SDK_v1.5.0/pico-sdk/src/common/pico_time/time.c.obj
 .text.alarm_pool_init_default
                0x100016a0       0x40 CMakeFiles/pico-mouse.dir/C_/Program_Files/Raspberry_Pi/Pico_SDK_v1.5.0/pico-sdk/src/common/pico_time/time.c.obj
                0x100016a0                alarm_pool_init_default
 .text.alarm_pool_get_default
                0x100016e0       0x2c CMakeFiles/pico-mouse.dir/C_/Program_Files/Raspberry_Pi/Pico_SDK_v1.5.0/pico-sdk/src/common/pico_time/time.c.obj
                0x100016e0                alarm_pool_get_default
 .text.alarm_pool_add_alarm_at
                0x1000170c      0x168 CMakeFiles/pico-mouse.dir/C_/Program_Files/Raspberry_Pi/Pico_SDK_v1.5.0/pico-sdk/src/common/pico_time/time.c.obj
                0x1000170c                alarm_pool_add_alarm_at
 .text.alarm_pool_cancel_alarm
                0x10001874       0xf0 CMakeFiles/pico-mouse.dir/C_/Program_Files/Raspberry_Pi/Pico_SDK_v1.5.0/pico-sdk/src/common/pico_time/time.c.obj
                0x10001874                alarm_pool_cancel_alarm
 .text.sleep_until
                0x10001964       0xfc CMakeFiles/pico-mouse.dir/C_/Program_Files/Raspberry_Pi/Pico_SDK_v1.5.0/pico-sdk/src/common/pico_time/time.c.obj
                0x10001964                sleep_until
 .text.sleep_us
                0x10001a60       0x58 CMakeFiles/pico-mouse.dir/C_/Program_Files/Raspberry_Pi/Pico_SDK_v1.5.0/pico-sdk/src/common/pico_time/time.c.obj
                0x10001a60                sleep_us
 .text.sleep_ms
                0x10001ab8       0x14 CMakeFiles/pico-mouse.dir/C_/Program_Files/Raspberry_Pi/Pico_SDK_v1.5.0/pico-sdk/src/common/pico_time/time.c.obj
                0x10001ab8                sleep_ms
 .text.best_effort_wfe_or_timeout
                0x10001acc       0xac CMakeFiles/pico-mouse.dir/C_/Program_Files/Raspberry_Pi/Pico_SDK_v1.5.0/pico-sdk/src/common/pico_time/time.c.obj
                0x10001acc                best_effort_wfe_or_timeout
 .text.hardware_alarm_irq_handler
                0x10001b78       0x90 CMakeFiles/pico-mouse.dir/C_/Program_Files/Raspberry_Pi/Pico_SDK_v1.5.0/pico-sdk/src/rp2_common/hardware_timer/timer.c.obj
 .text.hardware_alarm_claim
                0x10001c08       0x18 CMakeFiles/pico-mouse.dir/C_/Program_Files/Raspberry_Pi/Pico_SDK_v1.5.0/pico-sdk/src/rp2_common/hardware_timer/timer.c.obj
                0x10001c08                hardware_alarm_claim
 .text.time_us_64
                0x10001c20       0x18 CMakeFiles/pico-mouse.dir/C_/Program_Files/Raspberry_Pi/Pico_SDK_v1.5.0/pico-sdk/src/rp2_common/hardware_timer/timer.c.obj
                0x10001c20                time_us_64
 .text.busy_wait_until
                0x10001c38       0x28 CMakeFiles/pico-mouse.dir/C_/Program_Files/Raspberry_Pi/Pico_SDK_v1.5.0/pico-sdk/src/rp2_common/hardware_timer/timer.c.obj
                0x10001c38                busy_wait_until
 .text.hardware_alarm_set_callback
                0x10001c60       0x90 CMakeFiles/pico-mouse.dir/C_/Program_Files/Raspberry_Pi/Pico_SDK_v1.5.0/pico-sdk/src/rp2_common/hardware_timer/timer.c.obj
                0x10001c60                hardware_alarm_set_callback
 .text.hardware_alarm_set_target
                0x10001cf0       0xe8 CMakeFiles/pico-mouse.dir/C_/Program_Files/Raspberry_Pi/Pico_SDK_v1.5.0/pico-sdk/src/rp2_common/hardware_timer/timer.c.obj
                0x10001cf0                hardware_alarm_set_target
 .text.hardware_alarm_cancel
                0x10001dd8       0x40 CMakeFiles/pico-mouse.dir/C_/Program_Files/Raspberry_Pi/Pico_SDK_v1.5.0/pico-sdk/src/rp2_common/hardware_timer/timer.c.obj
                0x10001dd8                hardware_alarm_cancel
 .text.ph_add_child_node
                0x10001e18       0xa4 CMakeFiles/pico-mouse.dir/C_/Program_Files/Raspberry_Pi/Pico_SDK_v1.5.0/pico-sdk/src/common/pico_util/pheap.c.obj
 .text.ph_merge_nodes
                0x10001ebc       0x3e CMakeFiles/pico-mouse.dir/C_/Program_Files/Raspberry_Pi/Pico_SDK_v1.5.0/pico-sdk/src/common/pico_util/pheap.c.obj
 *fill*         0x10001efa        0x2 
 .text.ph_clear
                0x10001efc       0x70 CMakeFiles/pico-mouse.dir/C_/Program_Files/Raspberry_Pi/Pico_SDK_v1.5.0/pico-sdk/src/common/pico_util/pheap.c.obj
                0x10001efc                ph_clear
 .text.ph_post_alloc_init
                0x10001f6c        0xe CMakeFiles/pico-mouse.dir/C_/Program_Files/Raspberry_Pi/Pico_SDK_v1.5.0/pico-sdk/src/common/pico_util/pheap.c.obj
                0x10001f6c                ph_post_alloc_init
 *fill*         0x10001f7a        0x2 
 .text.ph_merge_two_pass
                0x10001f7c       0xa8 CMakeFiles/pico-mouse.dir/C_/Program_Files/Raspberry_Pi/Pico_SDK_v1.5.0/pico-sdk/src/common/pico_util/pheap.c.obj
                0x10001f7c                ph_merge_two_pass
 .text.ph_remove_any_head
                0x10002024      0x128 CMakeFiles/pico-mouse.dir/C_/Program_Files/Raspberry_Pi/Pico_SDK_v1.5.0/pico-sdk/src/common/pico_util/pheap.c.obj
 .text.ph_remove_head
                0x1000214c       0x14 CMakeFiles/pico-mouse.dir/C_/Program_Files/Raspberry_Pi/Pico_SDK_v1.5.0/pico-sdk/src/common/pico_util/pheap.c.obj
                0x1000214c                ph_remove_head
 .text.ph_remove_and_free_node
                0x10002160       0xf8 CMakeFiles/pico-mouse.dir/C_/Program_Files/Raspberry_Pi/Pico_SDK_v1.5.0/pico-sdk/src/common/pico_util/pheap.c.obj
                0x10002160                ph_remove_and_free_node
 .text.uart_set_baudrate
                0x10002258       0x5c CMakeFiles/pico-mouse.dir/C_/Program_Files/Raspberry_Pi/Pico_SDK_v1.5.0/pico-sdk/src/rp2_common/hardware_uart/uart.c.obj
                0x10002258                uart_set_baudrate
 .text.uart_set_translate_crlf
                0x100022b4       0x28 CMakeFiles/pico-mouse.dir/C_/Program_Files/Raspberry_Pi/Pico_SDK_v1.5.0/pico-sdk/src/rp2_common/hardware_uart/uart.c.obj
                0x100022b4                uart_set_translate_crlf
 .text.uart_init
                0x100022dc       0x80 CMakeFiles/pico-mouse.dir/C_/Program_Files/Raspberry_Pi/Pico_SDK_v1.5.0/pico-sdk/src/rp2_common/hardware_uart/uart.c.obj
                0x100022dc                uart_init
 .text.clock_configure
                0x1000235c      0x104 CMakeFiles/pico-mouse.dir/C_/Program_Files/Raspberry_Pi/Pico_SDK_v1.5.0/pico-sdk/src/rp2_common/hardware_clocks/clocks.c.obj
                0x1000235c                clock_configure
 .text.clocks_init
                0x10002460      0x100 CMakeFiles/pico-mouse.dir/C_/Program_Files/Raspberry_Pi/Pico_SDK_v1.5.0/pico-sdk/src/rp2_common/hardware_clocks/clocks.c.obj
                0x10002460                clocks_init
 .text.clock_get_hz
                0x10002560        0xc CMakeFiles/pico-mouse.dir/C_/Program_Files/Raspberry_Pi/Pico_SDK_v1.5.0/pico-sdk/src/rp2_common/hardware_clocks/clocks.c.obj
                0x10002560                clock_get_hz
 .text.pll_init
                0x1000256c      0x12c CMakeFiles/pico-mouse.dir/C_/Program_Files/Raspberry_Pi/Pico_SDK_v1.5.0/pico-sdk/src/rp2_common/hardware_pll/pll.c.obj
                0x1000256c                pll_init
 .text.watchdog_start_tick
                0x10002698       0x10 CMakeFiles/pico-mouse.dir/C_/Program_Files/Raspberry_Pi/Pico_SDK_v1.5.0/pico-sdk/src/rp2_common/hardware_watchdog/watchdog.c.obj
                0x10002698                watchdog_start_tick
 .text.xosc_init
                0x100026a8       0x28 CMakeFiles/pico-mouse.dir/C_/Program_Files/Raspberry_Pi/Pico_SDK_v1.5.0/pico-sdk/src/rp2_common/hardware_xosc/xosc.c.obj
                0x100026a8                xosc_init
 .text._exit    0x100026d0        0x4 CMakeFiles/pico-mouse.dir/C_/Program_Files/Raspberry_Pi/Pico_SDK_v1.5.0/pico-sdk/src/rp2_common/pico_runtime/runtime.c.obj
                0x100026d0                _exit
 .text.exit     0x100026d4        0x6 CMakeFiles/pico-mouse.dir/C_/Program_Files/Raspberry_Pi/Pico_SDK_v1.5.0/pico-sdk/src/rp2_common/pico_runtime/runtime.c.obj
                0x100026d4                exit
 *fill*         0x100026da        0x2 
 .text.__assert_func
                0x100026dc       0x3c CMakeFiles/pico-mouse.dir/C_/Program_Files/Raspberry_Pi/Pico_SDK_v1.5.0/pico-sdk/src/rp2_common/pico_runtime/runtime.c.obj
                0x100026dc                __assert_func
 .text.runtime_init
                0x10002718       0xf8 CMakeFiles/pico-mouse.dir/C_/Program_Files/Raspberry_Pi/Pico_SDK_v1.5.0/pico-sdk/src/rp2_common/pico_runtime/runtime.c.obj
                0x10002718                runtime_init
 .text.panic    0x10002810       0x30 CMakeFiles/pico-mouse.dir/C_/Program_Files/Raspberry_Pi/Pico_SDK_v1.5.0/pico-sdk/src/rp2_common/pico_runtime/runtime.c.obj
                0x10002810                panic
 .text._out_null
                0x10002840        0x2 CMakeFiles/pico-mouse.dir/C_/Program_Files/Raspberry_Pi/Pico_SDK_v1.5.0/pico-sdk/src/rp2_common/pico_printf/printf.c.obj
 .text._out_fct
                0x10002842        0xe CMakeFiles/pico-mouse.dir/C_/Program_Files/Raspberry_Pi/Pico_SDK_v1.5.0/pico-sdk/src/rp2_common/pico_printf/printf.c.obj
 .text._atoi    0x10002850       0x24 CMakeFiles/pico-mouse.dir/C_/Program_Files/Raspberry_Pi/Pico_SDK_v1.5.0/pico-sdk/src/rp2_common/pico_printf/printf.c.obj
 .text._out_rev
                0x10002874       0xae CMakeFiles/pico-mouse.dir/C_/Program_Files/Raspberry_Pi/Pico_SDK_v1.5.0/pico-sdk/src/rp2_common/pico_printf/printf.c.obj
 .text._ntoa_format
                0x10002922      0x112 CMakeFiles/pico-mouse.dir/C_/Program_Files/Raspberry_Pi/Pico_SDK_v1.5.0/pico-sdk/src/rp2_common/pico_printf/printf.c.obj
 .text._ntoa_long
                0x10002a34       0xbc CMakeFiles/pico-mouse.dir/C_/Program_Files/Raspberry_Pi/Pico_SDK_v1.5.0/pico-sdk/src/rp2_common/pico_printf/printf.c.obj
 .text._ntoa_long_long
                0x10002af0       0xe2 CMakeFiles/pico-mouse.dir/C_/Program_Files/Raspberry_Pi/Pico_SDK_v1.5.0/pico-sdk/src/rp2_common/pico_printf/printf.c.obj
 *fill*         0x10002bd2        0x2 
 .text._etoa    0x10002bd4      0x414 CMakeFiles/pico-mouse.dir/C_/Program_Files/Raspberry_Pi/Pico_SDK_v1.5.0/pico-sdk/src/rp2_common/pico_printf/printf.c.obj
 .text._ftoa    0x10002fe8      0x354 CMakeFiles/pico-mouse.dir/C_/Program_Files/Raspberry_Pi/Pico_SDK_v1.5.0/pico-sdk/src/rp2_common/pico_printf/printf.c.obj
 .text._vsnprintf
                0x1000333c      0x624 CMakeFiles/pico-mouse.dir/C_/Program_Files/Raspberry_Pi/Pico_SDK_v1.5.0/pico-sdk/src/rp2_common/pico_printf/printf.c.obj
 .text.vfctprintf
                0x10003960       0x20 CMakeFiles/pico-mouse.dir/C_/Program_Files/Raspberry_Pi/Pico_SDK_v1.5.0/pico-sdk/src/rp2_common/pico_printf/printf.c.obj
                0x10003960                vfctprintf
 .text          0x10003980       0x10 CMakeFiles/pico-mouse.dir/C_/Program_Files/Raspberry_Pi/Pico_SDK_v1.5.0/pico-sdk/src/rp2_common/pico_bit_ops/bit_ops_aeabi.S.obj
 .text.rom_func_lookup
                0x10003990       0x10 CMakeFiles/pico-mouse.dir/C_/Program_Files/Raspberry_Pi/Pico_SDK_v1.5.0/pico-sdk/src/rp2_common/pico_bootrom/bootrom.c.obj
                0x10003990                rom_func_lookup
 .text.rom_data_lookup
                0x100039a0       0x10 CMakeFiles/pico-mouse.dir/C_/Program_Files/Raspberry_Pi/Pico_SDK_v1.5.0/pico-sdk/src/rp2_common/pico_bootrom/bootrom.c.obj
                0x100039a0                rom_data_lookup
 .text.rom_funcs_lookup
                0x100039b0       0x36 CMakeFiles/pico-mouse.dir/C_/Program_Files/Raspberry_Pi/Pico_SDK_v1.5.0/pico-sdk/src/rp2_common/pico_bootrom/bootrom.c.obj
                0x100039b0                rom_funcs_lookup
 *fill*         0x100039e6        0x2 
 .text.__wrap___aeabi_idiv
                0x100039e8       0x50 CMakeFiles/pico-mouse.dir/C_/Program_Files/Raspberry_Pi/Pico_SDK_v1.5.0/pico-sdk/src/rp2_common/pico_divider/divider.S.obj
                0x100039e8                __wrap___aeabi_idivmod
                0x100039e8                divmod_s32s32
                0x100039e8                div_s32s32
                0x100039e8                __wrap___aeabi_idiv
                0x100039f0                divmod_s32s32_unsafe
                0x10003a1c                divmod_s32s32_savestate
 .text.__wrap___aeabi_uidiv
                0x10003a38       0x4c CMakeFiles/pico-mouse.dir/C_/Program_Files/Raspberry_Pi/Pico_SDK_v1.5.0/pico-sdk/src/rp2_common/pico_divider/divider.S.obj
                0x10003a38                __wrap___aeabi_uidiv
                0x10003a38                __wrap___aeabi_uidivmod
                0x10003a38                div_u32u32
                0x10003a38                divmod_u32u32
                0x10003a40                divmod_u32u32_unsafe
                0x10003a68                divmod_u32u32_savestate
 .text.__wrap___aeabi_ldiv
                0x10003a84      0x424 CMakeFiles/pico-mouse.dir/C_/Program_Files/Raspberry_Pi/Pico_SDK_v1.5.0/pico-sdk/src/rp2_common/pico_divider/divider.S.obj
                0x10003a84                div_s64s64
                0x10003a84                divmod_s64s64
                0x10003a84                __wrap___aeabi_ldivmod
                0x10003ab4                divmod_u64u64
                0x10003ab4                div_u64u64
                0x10003ab4                __wrap___aeabi_uldivmod
                0x10003ac4                divmod_u64u64_savestate
                0x10003ae4                divmod_s64s64_unsafe
                0x10003b6c                divmod_u64u64_unsafe
 .text.__wrap___aeabi_darithmetic
                0x10003ea8       0x80 CMakeFiles/pico-mouse.dir/C_/Program_Files/Raspberry_Pi/Pico_SDK_v1.5.0/pico-sdk/src/rp2_common/pico_double/double_aeabi.S.obj
                0x10003ea8                __wrap___aeabi_drsub
                0x10003eae                __wrap___aeabi_dsub
                0x10003ec0                __wrap___aeabi_dadd
                0x10003ed2                __wrap___aeabi_ddiv
                0x10003f0e                __wrap___aeabi_dmul
 .text.__wrap___aeabi_cdcmple
                0x10003f28       0x6c CMakeFiles/pico-mouse.dir/C_/Program_Files/Raspberry_Pi/Pico_SDK_v1.5.0/pico-sdk/src/rp2_common/pico_double/double_aeabi.S.obj
                0x10003f28                __wrap___aeabi_cdrcmple
                0x10003f38                __wrap___aeabi_cdcmpeq
                0x10003f38                __wrap___aeabi_cdcmple
 .text.__wrap___aeabi_dcmplt
                0x10003f94        0xc CMakeFiles/pico-mouse.dir/C_/Program_Files/Raspberry_Pi/Pico_SDK_v1.5.0/pico-sdk/src/rp2_common/pico_double/double_aeabi.S.obj
                0x10003f94                __wrap___aeabi_dcmplt
 .text.__wrap___aeabi_dcmple
                0x10003fa0       0x10 CMakeFiles/pico-mouse.dir/C_/Program_Files/Raspberry_Pi/Pico_SDK_v1.5.0/pico-sdk/src/rp2_common/pico_double/double_aeabi.S.obj
                0x10003fa0                __wrap___aeabi_dcmple
 .text.__wrap___aeabi_dcmpge
                0x10003fb0       0x10 CMakeFiles/pico-mouse.dir/C_/Program_Files/Raspberry_Pi/Pico_SDK_v1.5.0/pico-sdk/src/rp2_common/pico_double/double_aeabi.S.obj
                0x10003fb0                __wrap___aeabi_dcmpge
 .text.__wrap___aeabi_dcmpgt
                0x10003fc0        0xa CMakeFiles/pico-mouse.dir/C_/Program_Files/Raspberry_Pi/Pico_SDK_v1.5.0/pico-sdk/src/rp2_common/pico_double/double_aeabi.S.obj
                0x10003fc0                __wrap___aeabi_dcmpgt
 .text.__wrap___aeabi_dcmpun
                0x10003fca       0x1c CMakeFiles/pico-mouse.dir/C_/Program_Files/Raspberry_Pi/Pico_SDK_v1.5.0/pico-sdk/src/rp2_common/pico_double/double_aeabi.S.obj
                0x10003fca                __wrap___aeabi_dcmpun
 *fill*         0x10003fe6        0x2 
 .text.__wrap___aeabi_i2d
                0x10003fe8       0x38 CMakeFiles/pico-mouse.dir/C_/Program_Files/Raspberry_Pi/Pico_SDK_v1.5.0/pico-sdk/src/rp2_common/pico_double/double_aeabi.S.obj
                0x10003fe8                __wrap___aeabi_ui2d
                0x10003ff0                __wrap___aeabi_i2d
 .text.__wrap___aeabi_d2iz
                0x10004020       0x48 CMakeFiles/pico-mouse.dir/C_/Program_Files/Raspberry_Pi/Pico_SDK_v1.5.0/pico-sdk/src/rp2_common/pico_double/double_aeabi.S.obj
                0x10004020                double2int_z
                0x10004020                __wrap___aeabi_d2iz
 .text.__wrap___aeabi_d2uiz
                0x10004068       0x18 CMakeFiles/pico-mouse.dir/C_/Program_Files/Raspberry_Pi/Pico_SDK_v1.5.0/pico-sdk/src/rp2_common/pico_double/double_aeabi.S.obj
                0x10004068                __wrap___aeabi_d2uiz
                0x10004068                double2uint
 .text.__aeabi_double_init
                0x10004080       0xc8 CMakeFiles/pico-mouse.dir/C_/Program_Files/Raspberry_Pi/Pico_SDK_v1.5.0/pico-sdk/src/rp2_common/pico_double/double_init_rom.c.obj
                0x10004080                __aeabi_double_init
 .text.double_table_shim_on_use_helper
                0x10004148       0x34 CMakeFiles/pico-mouse.dir/C_/Program_Files/Raspberry_Pi/Pico_SDK_v1.5.0/pico-sdk/src/rp2_common/pico_double/double_v1_rom_shim.S.obj
                0x10004148                double_table_shim_on_use_helper
 .text.__wrap___aeabi_dsub
                0x1000417c       0x10 CMakeFiles/pico-mouse.dir/C_/Program_Files/Raspberry_Pi/Pico_SDK_v1.5.0/pico-sdk/src/rp2_common/pico_double/double_v1_rom_shim.S.obj
                0x1000417c                drsub_shim
                0x10004182                dsub_shim
 .text.dadd_shim
                0x1000418c      0x15c CMakeFiles/pico-mouse.dir/C_/Program_Files/Raspberry_Pi/Pico_SDK_v1.5.0/pico-sdk/src/rp2_common/pico_double/double_v1_rom_shim.S.obj
                0x1000418c                dadd_shim
 .text.dmul_shim
                0x100042e8      0x15c CMakeFiles/pico-mouse.dir/C_/Program_Files/Raspberry_Pi/Pico_SDK_v1.5.0/pico-sdk/src/rp2_common/pico_double/double_v1_rom_shim.S.obj
                0x100042e8                dmul_shim
 .text.ddiv_shim
                0x10004444      0x1b0 CMakeFiles/pico-mouse.dir/C_/Program_Files/Raspberry_Pi/Pico_SDK_v1.5.0/pico-sdk/src/rp2_common/pico_double/double_v1_rom_shim.S.obj
                0x10004444                ddiv_shim
 .text.double2uint_shim
                0x100045f4        0xe CMakeFiles/pico-mouse.dir/C_/Program_Files/Raspberry_Pi/Pico_SDK_v1.5.0/pico-sdk/src/rp2_common/pico_double/double_v1_rom_shim.S.obj
                0x100045f4                double2uint_shim
                0x100045f6                double2ufix_shim
 *fill*         0x10004602        0x2 
 .text.double2uint64_shim
                0x10004604       0x70 CMakeFiles/pico-mouse.dir/C_/Program_Files/Raspberry_Pi/Pico_SDK_v1.5.0/pico-sdk/src/rp2_common/pico_double/double_v1_rom_shim.S.obj
                0x10004604                double2uint64_shim
                0x10004606                double2ufix64_shim
                0x10004626                d2fix_a
 .text.dunpacks
                0x10004674       0x3c CMakeFiles/pico-mouse.dir/C_/Program_Files/Raspberry_Pi/Pico_SDK_v1.5.0/pico-sdk/src/rp2_common/pico_double/double_v1_rom_shim.S.obj
                0x10004674                dunpacks
 .text.__aeabi_lmul
                0x100046b0       0x32 CMakeFiles/pico-mouse.dir/C_/Program_Files/Raspberry_Pi/Pico_SDK_v1.5.0/pico-sdk/src/rp2_common/pico_int64_ops/pico_int64_ops_aeabi.S.obj
                0x100046b0                __wrap___aeabi_lmul
 *fill*         0x100046e2        0x2 
 .text.__aeabi_float_init
                0x100046e4       0xfc CMakeFiles/pico-mouse.dir/C_/Program_Files/Raspberry_Pi/Pico_SDK_v1.5.0/pico-sdk/src/rp2_common/pico_float/float_init_rom.c.obj
                0x100046e4                __aeabi_float_init
 .text.float_table_shim_on_use_helper
                0x100047e0       0x34 CMakeFiles/pico-mouse.dir/C_/Program_Files/Raspberry_Pi/Pico_SDK_v1.5.0/pico-sdk/src/rp2_common/pico_float/float_v1_rom_shim.S.obj
                0x100047e0                float_table_shim_on_use_helper
 .text          0x10004814       0x10 CMakeFiles/pico-mouse.dir/C_/Program_Files/Raspberry_Pi/Pico_SDK_v1.5.0/pico-sdk/src/rp2_common/pico_mem_ops/mem_ops_aeabi.S.obj
                0x10004814                __aeabi_mem_init
 .text.memset   0x10004824        0xc CMakeFiles/pico-mouse.dir/C_/Program_Files/Raspberry_Pi/Pico_SDK_v1.5.0/pico-sdk/src/rp2_common/pico_mem_ops/mem_ops_aeabi.S.obj
                0x10004824                __wrap_memset
 .text.memcpy   0x10004830        0xc CMakeFiles/pico-mouse.dir/C_/Program_Files/Raspberry_Pi/Pico_SDK_v1.5.0/pico-sdk/src/rp2_common/pico_mem_ops/mem_ops_aeabi.S.obj
                0x10004830                __wrap_memcpy
                0x10004830                __wrap___aeabi_memcpy
 .text.stdio_out_chars_no_crlf
                0x1000483c        0xe CMakeFiles/pico-mouse.dir/C_/Program_Files/Raspberry_Pi/Pico_SDK_v1.5.0/pico-sdk/src/rp2_common/pico_stdio/stdio.c.obj
 *fill*         0x1000484a        0x2 
 .text.stdio_out_chars_crlf
                0x1000484c       0x80 CMakeFiles/pico-mouse.dir/C_/Program_Files/Raspberry_Pi/Pico_SDK_v1.5.0/pico-sdk/src/rp2_common/pico_stdio/stdio.c.obj
 .text.stdio_stack_buffer_flush
                0x100048cc       0x44 CMakeFiles/pico-mouse.dir/C_/Program_Files/Raspberry_Pi/Pico_SDK_v1.5.0/pico-sdk/src/rp2_common/pico_stdio/stdio.c.obj
 .text.stdio_buffered_printer
                0x10004910       0x20 CMakeFiles/pico-mouse.dir/C_/Program_Files/Raspberry_Pi/Pico_SDK_v1.5.0/pico-sdk/src/rp2_common/pico_stdio/stdio.c.obj
 .text.stdout_serialize_begin
                0x10004930       0x5c CMakeFiles/pico-mouse.dir/C_/Program_Files/Raspberry_Pi/Pico_SDK_v1.5.0/pico-sdk/src/rp2_common/pico_stdio/stdio.c.obj
                0x10004930                stdout_serialize_begin
 .text.stdout_serialize_end
                0x1000498c       0x10 CMakeFiles/pico-mouse.dir/C_/Program_Files/Raspberry_Pi/Pico_SDK_v1.5.0/pico-sdk/src/rp2_common/pico_stdio/stdio.c.obj
                0x1000498c                stdout_serialize_end
 .text.stdio_put_string
                0x1000499c       0x98 CMakeFiles/pico-mouse.dir/C_/Program_Files/Raspberry_Pi/Pico_SDK_v1.5.0/pico-sdk/src/rp2_common/pico_stdio/stdio.c.obj
 .text.stdio_set_driver_enabled
                0x10004a34       0x2c CMakeFiles/pico-mouse.dir/C_/Program_Files/Raspberry_Pi/Pico_SDK_v1.5.0/pico-sdk/src/rp2_common/pico_stdio/stdio.c.obj
                0x10004a34                stdio_set_driver_enabled
 .text.stdio_flush
                0x10004a60       0x20 CMakeFiles/pico-mouse.dir/C_/Program_Files/Raspberry_Pi/Pico_SDK_v1.5.0/pico-sdk/src/rp2_common/pico_stdio/stdio.c.obj
                0x10004a60                stdio_flush
 .text.__wrap_puts
                0x10004a80       0x1e CMakeFiles/pico-mouse.dir/C_/Program_Files/Raspberry_Pi/Pico_SDK_v1.5.0/pico-sdk/src/rp2_common/pico_stdio/stdio.c.obj
                0x10004a80                __wrap_puts
 *fill*         0x10004a9e        0x2 
 .text.__wrap_vprintf
                0x10004aa0       0x40 CMakeFiles/pico-mouse.dir/C_/Program_Files/Raspberry_Pi/Pico_SDK_v1.5.0/pico-sdk/src/rp2_common/pico_stdio/stdio.c.obj
                0x10004aa0                __wrap_vprintf
 .text.__wrap_printf
                0x10004ae0       0x18 CMakeFiles/pico-mouse.dir/C_/Program_Files/Raspberry_Pi/Pico_SDK_v1.5.0/pico-sdk/src/rp2_common/pico_stdio/stdio.c.obj
                0x10004ae0                __wrap_printf
 .text.stdio_uart_out_chars
                0x10004af8       0x74 CMakeFiles/pico-mouse.dir/C_/Program_Files/Raspberry_Pi/Pico_SDK_v1.5.0/pico-sdk/src/rp2_common/pico_stdio_uart/stdio_uart.c.obj
 .text.stdio_uart_in_chars
                0x10004b6c       0x80 CMakeFiles/pico-mouse.dir/C_/Program_Files/Raspberry_Pi/Pico_SDK_v1.5.0/pico-sdk/src/rp2_common/pico_stdio_uart/stdio_uart.c.obj
                0x10004b6c                stdio_uart_in_chars
 .text.on_uart_rx
                0x10004bec       0x28 CMakeFiles/pico-mouse.dir/C_/Program_Files/Raspberry_Pi/Pico_SDK_v1.5.0/pico-sdk/src/rp2_common/pico_stdio_uart/stdio_uart.c.obj
 .text.stdio_uart_set_chars_available_callback
                0x10004c14       0x8c CMakeFiles/pico-mouse.dir/C_/Program_Files/Raspberry_Pi/Pico_SDK_v1.5.0/pico-sdk/src/rp2_common/pico_stdio_uart/stdio_uart.c.obj
 .text.stdio_uart_init_full
                0x10004ca0       0x44 CMakeFiles/pico-mouse.dir/C_/Program_Files/Raspberry_Pi/Pico_SDK_v1.5.0/pico-sdk/src/rp2_common/pico_stdio_uart/stdio_uart.c.obj
                0x10004ca0                stdio_uart_init_full
 .text.spi_set_baudrate
                0x10004ce4       0x92 CMakeFiles/pico-mouse.dir/C_/Program_Files/Raspberry_Pi/Pico_SDK_v1.5.0/pico-sdk/src/rp2_common/hardware_spi/spi.c.obj
                0x10004ce4                spi_set_baudrate
 *fill*         0x10004d76        0x2 
 .text.spi_init
                0x10004d78       0x68 CMakeFiles/pico-mouse.dir/C_/Program_Files/Raspberry_Pi/Pico_SDK_v1.5.0/pico-sdk/src/rp2_common/hardware_spi/spi.c.obj
                0x10004d78                spi_init
 .text.hw_endpoint_get_by_addr
                0x10004de0       0x18 CMakeFiles/pico-mouse.dir/C_/Program_Files/Raspberry_Pi/Pico_SDK_v1.5.0/pico-sdk/lib/tinyusb/src/portable/raspberrypi/rp2040/dcd_rp2040.c.obj
 .text._hw_endpoint_alloc
                0x10004df8       0x70 CMakeFiles/pico-mouse.dir/C_/Program_Files/Raspberry_Pi/Pico_SDK_v1.5.0/pico-sdk/lib/tinyusb/src/portable/raspberrypi/rp2040/dcd_rp2040.c.obj
 .text.hw_endpoint_init
                0x10004e68       0x88 CMakeFiles/pico-mouse.dir/C_/Program_Files/Raspberry_Pi/Pico_SDK_v1.5.0/pico-sdk/lib/tinyusb/src/portable/raspberrypi/rp2040/dcd_rp2040.c.obj
 .text.hw_endpoint_xfer
                0x10004ef0       0x14 CMakeFiles/pico-mouse.dir/C_/Program_Files/Raspberry_Pi/Pico_SDK_v1.5.0/pico-sdk/lib/tinyusb/src/portable/raspberrypi/rp2040/dcd_rp2040.c.obj
 .text.dcd_int_enable
                0x10004f04       0x2c CMakeFiles/pico-mouse.dir/C_/Program_Files/Raspberry_Pi/Pico_SDK_v1.5.0/pico-sdk/lib/tinyusb/src/portable/raspberrypi/rp2040/dcd_rp2040.c.obj
                0x10004f04                dcd_int_enable
 .text.dcd_set_address
                0x10004f30       0x2c CMakeFiles/pico-mouse.dir/C_/Program_Files/Raspberry_Pi/Pico_SDK_v1.5.0/pico-sdk/lib/tinyusb/src/portable/raspberrypi/rp2040/dcd_rp2040.c.obj
                0x10004f30                dcd_set_address
 .text.dcd_remote_wakeup
                0x10004f5c       0x38 CMakeFiles/pico-mouse.dir/C_/Program_Files/Raspberry_Pi/Pico_SDK_v1.5.0/pico-sdk/lib/tinyusb/src/portable/raspberrypi/rp2040/dcd_rp2040.c.obj
                0x10004f5c                dcd_remote_wakeup
 .text.dcd_connect
                0x10004f94       0x10 CMakeFiles/pico-mouse.dir/C_/Program_Files/Raspberry_Pi/Pico_SDK_v1.5.0/pico-sdk/lib/tinyusb/src/portable/raspberrypi/rp2040/dcd_rp2040.c.obj
                0x10004f94                dcd_connect
 .text.dcd_init
                0x10004fa4       0x80 CMakeFiles/pico-mouse.dir/C_/Program_Files/Raspberry_Pi/Pico_SDK_v1.5.0/pico-sdk/lib/tinyusb/src/portable/raspberrypi/rp2040/dcd_rp2040.c.obj
                0x10004fa4                dcd_init
 .text.dcd_edpt0_status_complete
                0x10005024       0x1c CMakeFiles/pico-mouse.dir/C_/Program_Files/Raspberry_Pi/Pico_SDK_v1.5.0/pico-sdk/lib/tinyusb/src/portable/raspberrypi/rp2040/dcd_rp2040.c.obj
                0x10005024                dcd_edpt0_status_complete
 .text.dcd_edpt_open
                0x10005040       0x40 CMakeFiles/pico-mouse.dir/C_/Program_Files/Raspberry_Pi/Pico_SDK_v1.5.0/pico-sdk/lib/tinyusb/src/portable/raspberrypi/rp2040/dcd_rp2040.c.obj
                0x10005040                dcd_edpt_open
 .text.dcd_edpt_close_all
                0x10005080        0x8 CMakeFiles/pico-mouse.dir/C_/Program_Files/Raspberry_Pi/Pico_SDK_v1.5.0/pico-sdk/lib/tinyusb/src/portable/raspberrypi/rp2040/dcd_rp2040.c.obj
                0x10005080                dcd_edpt_close_all
 .text.dcd_edpt_xfer
                0x10005088       0x34 CMakeFiles/pico-mouse.dir/C_/Program_Files/Raspberry_Pi/Pico_SDK_v1.5.0/pico-sdk/lib/tinyusb/src/portable/raspberrypi/rp2040/dcd_rp2040.c.obj
                0x10005088                dcd_edpt_xfer
 .text.dcd_edpt_stall
                0x100050bc       0x2c CMakeFiles/pico-mouse.dir/C_/Program_Files/Raspberry_Pi/Pico_SDK_v1.5.0/pico-sdk/lib/tinyusb/src/portable/raspberrypi/rp2040/dcd_rp2040.c.obj
                0x100050bc                dcd_edpt_stall
 .text.dcd_edpt_clear_stall
                0x100050e8       0x20 CMakeFiles/pico-mouse.dir/C_/Program_Files/Raspberry_Pi/Pico_SDK_v1.5.0/pico-sdk/lib/tinyusb/src/portable/raspberrypi/rp2040/dcd_rp2040.c.obj
                0x100050e8                dcd_edpt_clear_stall
 .text.rp2040_usb_init
                0x10005108       0x4c CMakeFiles/pico-mouse.dir/C_/Program_Files/Raspberry_Pi/Pico_SDK_v1.5.0/pico-sdk/lib/tinyusb/src/portable/raspberrypi/rp2040/rp2040_usb.c.obj
                0x10005108                rp2040_usb_init
 .text.hw_endpoint_xfer_start
                0x10005154       0x50 CMakeFiles/pico-mouse.dir/C_/Program_Files/Raspberry_Pi/Pico_SDK_v1.5.0/pico-sdk/lib/tinyusb/src/portable/raspberrypi/rp2040/rp2040_usb.c.obj
                0x10005154                hw_endpoint_xfer_start
 .text.configuration_reset
                0x100051a4       0x84 CMakeFiles/pico-mouse.dir/C_/Program_Files/Raspberry_Pi/Pico_SDK_v1.5.0/pico-sdk/lib/tinyusb/src/device/usbd.c.obj
 .text.usbd_reset
                0x10005228        0xc CMakeFiles/pico-mouse.dir/C_/Program_Files/Raspberry_Pi/Pico_SDK_v1.5.0/pico-sdk/lib/tinyusb/src/device/usbd.c.obj
 .text.invoke_class_control
                0x10005234       0x1a CMakeFiles/pico-mouse.dir/C_/Program_Files/Raspberry_Pi/Pico_SDK_v1.5.0/pico-sdk/lib/tinyusb/src/device/usbd.c.obj
 *fill*         0x1000524e        0x2 
 .text.process_set_config
                0x10005250      0x15c CMakeFiles/pico-mouse.dir/C_/Program_Files/Raspberry_Pi/Pico_SDK_v1.5.0/pico-sdk/lib/tinyusb/src/device/usbd.c.obj
 .text.process_get_descriptor
                0x100053ac       0xdc CMakeFiles/pico-mouse.dir/C_/Program_Files/Raspberry_Pi/Pico_SDK_v1.5.0/pico-sdk/lib/tinyusb/src/device/usbd.c.obj
 .text.tud_mounted
                0x10005488       0x10 CMakeFiles/pico-mouse.dir/C_/Program_Files/Raspberry_Pi/Pico_SDK_v1.5.0/pico-sdk/lib/tinyusb/src/device/usbd.c.obj
                0x10005488                tud_mounted
 .text.tud_suspended
                0x10005498       0x10 CMakeFiles/pico-mouse.dir/C_/Program_Files/Raspberry_Pi/Pico_SDK_v1.5.0/pico-sdk/lib/tinyusb/src/device/usbd.c.obj
                0x10005498                tud_suspended
 .text.tud_remote_wakeup
                0x100054a8       0x34 CMakeFiles/pico-mouse.dir/C_/Program_Files/Raspberry_Pi/Pico_SDK_v1.5.0/pico-sdk/lib/tinyusb/src/device/usbd.c.obj
                0x100054a8                tud_remote_wakeup
 .text.tud_inited
                0x100054dc       0x14 CMakeFiles/pico-mouse.dir/C_/Program_Files/Raspberry_Pi/Pico_SDK_v1.5.0/pico-sdk/lib/tinyusb/src/device/usbd.c.obj
                0x100054dc                tud_inited
 .text.tud_init
                0x100054f0       0xcc CMakeFiles/pico-mouse.dir/C_/Program_Files/Raspberry_Pi/Pico_SDK_v1.5.0/pico-sdk/lib/tinyusb/src/device/usbd.c.obj
                0x100054f0                tud_init
 .text.usbd_edpt_open
                0x100055bc       0x34 CMakeFiles/pico-mouse.dir/C_/Program_Files/Raspberry_Pi/Pico_SDK_v1.5.0/pico-sdk/lib/tinyusb/src/device/usbd.c.obj
                0x100055bc                usbd_edpt_open
 .text.usbd_open_edpt_pair
                0x100055f0       0x62 CMakeFiles/pico-mouse.dir/C_/Program_Files/Raspberry_Pi/Pico_SDK_v1.5.0/pico-sdk/lib/tinyusb/src/device/usbd.c.obj
                0x100055f0                usbd_open_edpt_pair
 *fill*         0x10005652        0x2 
 .text.usbd_edpt_claim
                0x10005654       0x28 CMakeFiles/pico-mouse.dir/C_/Program_Files/Raspberry_Pi/Pico_SDK_v1.5.0/pico-sdk/lib/tinyusb/src/device/usbd.c.obj
                0x10005654                usbd_edpt_claim
 .text.usbd_edpt_xfer
                0x1000567c       0x78 CMakeFiles/pico-mouse.dir/C_/Program_Files/Raspberry_Pi/Pico_SDK_v1.5.0/pico-sdk/lib/tinyusb/src/device/usbd.c.obj
                0x1000567c                usbd_edpt_xfer
 .text.usbd_edpt_busy
                0x100056f4       0x1c CMakeFiles/pico-mouse.dir/C_/Program_Files/Raspberry_Pi/Pico_SDK_v1.5.0/pico-sdk/lib/tinyusb/src/device/usbd.c.obj
                0x100056f4                usbd_edpt_busy
 .text.usbd_edpt_stall
                0x10005710       0x48 CMakeFiles/pico-mouse.dir/C_/Program_Files/Raspberry_Pi/Pico_SDK_v1.5.0/pico-sdk/lib/tinyusb/src/device/usbd.c.obj
                0x10005710                usbd_edpt_stall
 .text.usbd_edpt_clear_stall
                0x10005758       0x48 CMakeFiles/pico-mouse.dir/C_/Program_Files/Raspberry_Pi/Pico_SDK_v1.5.0/pico-sdk/lib/tinyusb/src/device/usbd.c.obj
                0x10005758                usbd_edpt_clear_stall
 .text.usbd_edpt_stalled
                0x100057a0       0x1c CMakeFiles/pico-mouse.dir/C_/Program_Files/Raspberry_Pi/Pico_SDK_v1.5.0/pico-sdk/lib/tinyusb/src/device/usbd.c.obj
                0x100057a0                usbd_edpt_stalled
 .text.process_control_request
                0x100057bc      0x37c CMakeFiles/pico-mouse.dir/C_/Program_Files/Raspberry_Pi/Pico_SDK_v1.5.0/pico-sdk/lib/tinyusb/src/device/usbd.c.obj
 .text.tud_task_ext
                0x10005b38      0x1b4 CMakeFiles/pico-mouse.dir/C_/Program_Files/Raspberry_Pi/Pico_SDK_v1.5.0/pico-sdk/lib/tinyusb/src/device/usbd.c.obj
                0x10005b38                tud_task_ext
 .text._data_stage_xact
                0x10005cec       0x58 CMakeFiles/pico-mouse.dir/C_/Program_Files/Raspberry_Pi/Pico_SDK_v1.5.0/pico-sdk/lib/tinyusb/src/device/usbd_control.c.obj
 .text.tud_control_status
                0x10005d44       0x38 CMakeFiles/pico-mouse.dir/C_/Program_Files/Raspberry_Pi/Pico_SDK_v1.5.0/pico-sdk/lib/tinyusb/src/device/usbd_control.c.obj
                0x10005d44                tud_control_status
 .text.tud_control_xfer
                0x10005d7c       0x74 CMakeFiles/pico-mouse.dir/C_/Program_Files/Raspberry_Pi/Pico_SDK_v1.5.0/pico-sdk/lib/tinyusb/src/device/usbd_control.c.obj
                0x10005d7c                tud_control_xfer
 .text.usbd_control_reset
                0x10005df0       0x14 CMakeFiles/pico-mouse.dir/C_/Program_Files/Raspberry_Pi/Pico_SDK_v1.5.0/pico-sdk/lib/tinyusb/src/device/usbd_control.c.obj
                0x10005df0                usbd_control_reset
 .text.usbd_control_set_complete_callback
                0x10005e04        0xc CMakeFiles/pico-mouse.dir/C_/Program_Files/Raspberry_Pi/Pico_SDK_v1.5.0/pico-sdk/lib/tinyusb/src/device/usbd_control.c.obj
                0x10005e04                usbd_control_set_complete_callback
 .text.usbd_control_set_request
                0x10005e10       0x1c CMakeFiles/pico-mouse.dir/C_/Program_Files/Raspberry_Pi/Pico_SDK_v1.5.0/pico-sdk/lib/tinyusb/src/device/usbd_control.c.obj
                0x10005e10                usbd_control_set_request
 .text.usbd_control_xfer_cb
                0x10005e2c       0xcc CMakeFiles/pico-mouse.dir/C_/Program_Files/Raspberry_Pi/Pico_SDK_v1.5.0/pico-sdk/lib/tinyusb/src/device/usbd_control.c.obj
                0x10005e2c                usbd_control_xfer_cb
 .text.tud_hid_n_ready
                0x10005ef8       0x50 CMakeFiles/pico-mouse.dir/C_/Program_Files/Raspberry_Pi/Pico_SDK_v1.5.0/pico-sdk/lib/tinyusb/src/class/hid/hid_device.c.obj
                0x10005ef8                tud_hid_n_ready
 .text.tud_hid_n_report
                0x10005f48       0x84 CMakeFiles/pico-mouse.dir/C_/Program_Files/Raspberry_Pi/Pico_SDK_v1.5.0/pico-sdk/lib/tinyusb/src/class/hid/hid_device.c.obj
                0x10005f48                tud_hid_n_report
 .text.tud_hid_n_mouse_report
                0x10005fcc       0x2e CMakeFiles/pico-mouse.dir/C_/Program_Files/Raspberry_Pi/Pico_SDK_v1.5.0/pico-sdk/lib/tinyusb/src/class/hid/hid_device.c.obj
                0x10005fcc                tud_hid_n_mouse_report
 *fill*         0x10005ffa        0x2 
 .text.hidd_reset
                0x10005ffc       0x14 CMakeFiles/pico-mouse.dir/C_/Program_Files/Raspberry_Pi/Pico_SDK_v1.5.0/pico-sdk/lib/tinyusb/src/class/hid/hid_device.c.obj
                0x10005ffc                hidd_reset
 .text.hidd_init
                0x10006010        0xa CMakeFiles/pico-mouse.dir/C_/Program_Files/Raspberry_Pi/Pico_SDK_v1.5.0/pico-sdk/lib/tinyusb/src/class/hid/hid_device.c.obj
                0x10006010                hidd_init
 *fill*         0x1000601a        0x2 
 .text.hidd_open
                0x1000601c       0xbc CMakeFiles/pico-mouse.dir/C_/Program_Files/Raspberry_Pi/Pico_SDK_v1.5.0/pico-sdk/lib/tinyusb/src/class/hid/hid_device.c.obj
                0x1000601c                hidd_open
 .text.hidd_control_xfer_cb
                0x100060d8      0x278 CMakeFiles/pico-mouse.dir/C_/Program_Files/Raspberry_Pi/Pico_SDK_v1.5.0/pico-sdk/lib/tinyusb/src/class/hid/hid_device.c.obj
                0x100060d8                hidd_control_xfer_cb
 .text.hidd_xfer_cb
                0x10006350       0x84 CMakeFiles/pico-mouse.dir/C_/Program_Files/Raspberry_Pi/Pico_SDK_v1.5.0/pico-sdk/lib/tinyusb/src/class/hid/hid_device.c.obj
                0x10006350                hidd_xfer_cb
 .text.tusb_init
                0x100063d4        0xa CMakeFiles/pico-mouse.dir/C_/Program_Files/Raspberry_Pi/Pico_SDK_v1.5.0/pico-sdk/lib/tinyusb/src/tusb.c.obj
                0x100063d4                tusb_init
 .text.tusb_inited
                0x100063de        0xe CMakeFiles/pico-mouse.dir/C_/Program_Files/Raspberry_Pi/Pico_SDK_v1.5.0/pico-sdk/lib/tinyusb/src/tusb.c.obj
                0x100063de                tusb_inited
 .text.tu_edpt_claim
                0x100063ec       0x50 CMakeFiles/pico-mouse.dir/C_/Program_Files/Raspberry_Pi/Pico_SDK_v1.5.0/pico-sdk/lib/tinyusb/src/tusb.c.obj
                0x100063ec                tu_edpt_claim
 .text.tu_edpt_validate
                0x1000643c       0x78 CMakeFiles/pico-mouse.dir/C_/Program_Files/Raspberry_Pi/Pico_SDK_v1.5.0/pico-sdk/lib/tinyusb/src/tusb.c.obj
                0x1000643c                tu_edpt_validate
 .text.tu_edpt_bind_driver
                0x100064b4       0x26 CMakeFiles/pico-mouse.dir/C_/Program_Files/Raspberry_Pi/Pico_SDK_v1.5.0/pico-sdk/lib/tinyusb/src/tusb.c.obj
                0x100064b4                tu_edpt_bind_driver
 .text.advance_index
                0x100064da       0x1a CMakeFiles/pico-mouse.dir/C_/Program_Files/Raspberry_Pi/Pico_SDK_v1.5.0/pico-sdk/lib/tinyusb/src/common/tusb_fifo.c.obj
 .text._tu_fifo_peek
                0x100064f4       0x56 CMakeFiles/pico-mouse.dir/C_/Program_Files/Raspberry_Pi/Pico_SDK_v1.5.0/pico-sdk/lib/tinyusb/src/common/tusb_fifo.c.obj
 .text.tu_fifo_full
                0x1000654a       0x28 CMakeFiles/pico-mouse.dir/C_/Program_Files/Raspberry_Pi/Pico_SDK_v1.5.0/pico-sdk/lib/tinyusb/src/common/tusb_fifo.c.obj
                0x1000654a                tu_fifo_full
 .text.tu_fifo_read
                0x10006572       0x42 CMakeFiles/pico-mouse.dir/C_/Program_Files/Raspberry_Pi/Pico_SDK_v1.5.0/pico-sdk/lib/tinyusb/src/common/tusb_fifo.c.obj
                0x10006572                tu_fifo_read
 .text.tu_fifo_write
                0x100065b4       0x64 CMakeFiles/pico-mouse.dir/C_/Program_Files/Raspberry_Pi/Pico_SDK_v1.5.0/pico-sdk/lib/tinyusb/src/common/tusb_fifo.c.obj
                0x100065b4                tu_fifo_write
 .text.tu_fifo_clear
                0x10006618       0x3e CMakeFiles/pico-mouse.dir/C_/Program_Files/Raspberry_Pi/Pico_SDK_v1.5.0/pico-sdk/lib/tinyusb/src/common/tusb_fifo.c.obj
                0x10006618                tu_fifo_clear
 *fill*         0x10006656        0x2 
 .text.board_init
                0x10006658       0x30 CMakeFiles/pico-mouse.dir/C_/Program_Files/Raspberry_Pi/Pico_SDK_v1.5.0/pico-sdk/lib/tinyusb/hw/bsp/rp2040/family.c.obj
                0x10006658                board_init
 .text.board_led_write
                0x10006688       0x1c CMakeFiles/pico-mouse.dir/C_/Program_Files/Raspberry_Pi/Pico_SDK_v1.5.0/pico-sdk/lib/tinyusb/hw/bsp/rp2040/family.c.obj
                0x10006688                board_led_write
 .text.board_button_read
                0x100066a4        0xe CMakeFiles/pico-mouse.dir/C_/Program_Files/Raspberry_Pi/Pico_SDK_v1.5.0/pico-sdk/lib/tinyusb/hw/bsp/rp2040/family.c.obj
                0x100066a4                board_button_read
 *fill*         0x100066b2        0x2 
 .text.strlen   0x100066b4       0x5c c:/progra~1/raspbe~1/picosd~1.0/gcc-ar~1/bin/../lib/gcc/arm-none-eabi/10.3.1/../../../../arm-none-eabi/lib/thumb/v6-m/nofp\libg.a(lib_a-strlen-stub.o)
                0x100066b4                strlen
 *(.fini)
 .fini          0x10006710        0x4 c:/progra~1/raspbe~1/picosd~1.0/gcc-ar~1/bin/../lib/gcc/arm-none-eabi/10.3.1/thumb/v6-m/nofp/crti.o
                0x10006710                _fini
 *fill*         0x10006714        0x4 
 .fini.__stub   0x10006718       0xe0 linker stubs
 *crtbegin.o(.ctors)
 *crtbegin?.o(.ctors)
 *(EXCLUDE_FILE(*crtend.o *crtend?.o) .ctors)
 *(SORT_BY_NAME(.ctors.*))
 *(.ctors)
 *crtbegin.o(.dtors)
 *crtbegin?.o(.dtors)
 *(EXCLUDE_FILE(*crtend.o *crtend?.o) .dtors)
 *(SORT_BY_NAME(.dtors.*))
 *(.dtors)
 *(.eh_frame*)
 .eh_frame      0x100067f8        0x0 c:/progra~1/raspbe~1/picosd~1.0/gcc-ar~1/bin/../lib/gcc/arm-none-eabi/10.3.1/thumb/v6-m/nofp/crtbegin.o
                0x100067f8                . = ALIGN (0x4)

.glue_7         0x100067f8        0x0
 .glue_7        0x100067f8        0x0 linker stubs

.glue_7t        0x100067f8        0x0
 .glue_7t       0x100067f8        0x0 linker stubs

.vfp11_veneer   0x100067f8        0x0
 .vfp11_veneer  0x100067f8        0x0 linker stubs

.v4_bx          0x100067f8        0x0
 .v4_bx         0x100067f8        0x0 linker stubs

.iplt           0x100067f8        0x0
 .iplt          0x100067f8        0x0 c:/progra~1/raspbe~1/picosd~1.0/gcc-ar~1/bin/../lib/gcc/arm-none-eabi/10.3.1/thumb/v6-m/nofp/crtbegin.o

.rodata         0x100067f8     0x24bc
 *(EXCLUDE_FILE(*libm.a: *libc.a:*lib_a-mem*.o *libgcc.a:) .rodata*)
 .rodata.hid_task.str1.4
                0x100067f8       0x7d CMakeFiles/pico-mouse.dir/main.c.obj
 *fill*         0x10006875        0x3 
 .rodata.__func__.2
                0x10006878       0x15 CMakeFiles/pico-mouse.dir/main.c.obj
 *fill*         0x1000688d        0x3 
 .rodata.str1.4
                0x10006890       0x1f CMakeFiles/pico-mouse.dir/usb_descriptors.c.obj
 *fill*         0x100068af        0x1 
 .rodata.__compound_literal.0
                0x100068b0        0x2 CMakeFiles/pico-mouse.dir/usb_descriptors.c.obj
 *fill*         0x100068b2        0x2 
 .rodata.desc_configuration
                0x100068b4       0x22 CMakeFiles/pico-mouse.dir/usb_descriptors.c.obj
                0x100068b4                desc_configuration
 *fill*         0x100068d6        0x2 
 .rodata.desc_device
                0x100068d8       0x12 CMakeFiles/pico-mouse.dir/usb_descriptors.c.obj
                0x100068d8                desc_device
 *fill*         0x100068ea        0x2 
 .rodata.desc_hid_report
                0x100068ec       0x4f CMakeFiles/pico-mouse.dir/usb_descriptors.c.obj
                0x100068ec                desc_hid_report
 *fill*         0x1000693b        0x1 
 .rodata.PMW3360_firmware
                0x1000693c      0xffe CMakeFiles/pico-mouse.dir/C_/Users/Brent/Documents/GitHub/PMW3360-Firmware/src/PMW3360.c.obj
 *fill*         0x1000793a        0x2 
 .rodata.spin_lock_claim_unused.str1.4
                0x1000793c       0x1b CMakeFiles/pico-mouse.dir/C_/Program_Files/Raspberry_Pi/Pico_SDK_v1.5.0/pico-sdk/src/rp2_common/hardware_sync/sync.c.obj
 *fill*         0x10007957        0x1 
 .rodata.make_branch.str1.4
                0x10007958       0x89 CMakeFiles/pico-mouse.dir/C_/Program_Files/Raspberry_Pi/Pico_SDK_v1.5.0/pico-sdk/src/rp2_common/hardware_irq/irq.c.obj
 *fill*         0x100079e1        0x3 
 .rodata.insert_branch_and_link.str1.4
                0x100079e4       0x10 CMakeFiles/pico-mouse.dir/C_/Program_Files/Raspberry_Pi/Pico_SDK_v1.5.0/pico-sdk/src/rp2_common/hardware_irq/irq.c.obj
 .rodata.irq_set_exclusive_handler.str1.4
                0x100079f4       0x36 CMakeFiles/pico-mouse.dir/C_/Program_Files/Raspberry_Pi/Pico_SDK_v1.5.0/pico-sdk/src/rp2_common/hardware_irq/irq.c.obj
 *fill*         0x10007a2a        0x2 
 .rodata.irq_add_shared_handler.str1.4
                0x10007a2c       0xd9 CMakeFiles/pico-mouse.dir/C_/Program_Files/Raspberry_Pi/Pico_SDK_v1.5.0/pico-sdk/src/rp2_common/hardware_irq/irq.c.obj
 *fill*         0x10007b05        0x3 
 .rodata.irq_remove_handler.str1.4
                0x10007b08       0x3a CMakeFiles/pico-mouse.dir/C_/Program_Files/Raspberry_Pi/Pico_SDK_v1.5.0/pico-sdk/src/rp2_common/hardware_irq/irq.c.obj
 *fill*         0x10007b42        0x2 
 .rodata.irq_add_tail_to_free_list.str1.4
                0x10007b44       0x3a CMakeFiles/pico-mouse.dir/C_/Program_Files/Raspberry_Pi/Pico_SDK_v1.5.0/pico-sdk/src/rp2_common/hardware_irq/irq.c.obj
 *fill*         0x10007b7e        0x2 
 .rodata.__func__.0
                0x10007b80       0x1a CMakeFiles/pico-mouse.dir/C_/Program_Files/Raspberry_Pi/Pico_SDK_v1.5.0/pico-sdk/src/rp2_common/hardware_irq/irq.c.obj
 *fill*         0x10007b9a        0x2 
 .rodata.__func__.1
                0x10007b9c       0x17 CMakeFiles/pico-mouse.dir/C_/Program_Files/Raspberry_Pi/Pico_SDK_v1.5.0/pico-sdk/src/rp2_common/hardware_irq/irq.c.obj
 *fill*         0x10007bb3        0x1 
 .rodata.__func__.2
                0x10007bb4       0x13 CMakeFiles/pico-mouse.dir/C_/Program_Files/Raspberry_Pi/Pico_SDK_v1.5.0/pico-sdk/src/rp2_common/hardware_irq/irq.c.obj
 *fill*         0x10007bc7        0x1 
 .rodata.__func__.3
                0x10007bc8        0xc CMakeFiles/pico-mouse.dir/C_/Program_Files/Raspberry_Pi/Pico_SDK_v1.5.0/pico-sdk/src/rp2_common/hardware_irq/irq.c.obj
 .rodata.__func__.4
                0x10007bd4        0xf CMakeFiles/pico-mouse.dir/C_/Program_Files/Raspberry_Pi/Pico_SDK_v1.5.0/pico-sdk/src/rp2_common/hardware_irq/irq.c.obj
 *fill*         0x10007be3        0x1 
 .rodata.__func__.5
                0x10007be4       0x17 CMakeFiles/pico-mouse.dir/C_/Program_Files/Raspberry_Pi/Pico_SDK_v1.5.0/pico-sdk/src/rp2_common/hardware_irq/irq.c.obj
 *fill*         0x10007bfb        0x1 
 .rodata.__func__.6
                0x10007bfc       0x1a CMakeFiles/pico-mouse.dir/C_/Program_Files/Raspberry_Pi/Pico_SDK_v1.5.0/pico-sdk/src/rp2_common/hardware_irq/irq.c.obj
 *fill*         0x10007c16        0x2 
 .rodata.str1.4
                0x10007c18       0xa5 CMakeFiles/pico-mouse.dir/C_/Program_Files/Raspberry_Pi/Pico_SDK_v1.5.0/pico-sdk/src/common/pico_sync/mutex.c.obj
                                0x125 (size before relaxing)
 *fill*         0x10007cbd        0x3 
 .rodata.__func__.1
                0x10007cc0        0xb CMakeFiles/pico-mouse.dir/C_/Program_Files/Raspberry_Pi/Pico_SDK_v1.5.0/pico-sdk/src/common/pico_sync/mutex.c.obj
 *fill*         0x10007ccb        0x1 
 .rodata.__func__.3
                0x10007ccc       0x18 CMakeFiles/pico-mouse.dir/C_/Program_Files/Raspberry_Pi/Pico_SDK_v1.5.0/pico-sdk/src/common/pico_sync/mutex.c.obj
 .rodata.__func__.4
                0x10007ce4       0x15 CMakeFiles/pico-mouse.dir/C_/Program_Files/Raspberry_Pi/Pico_SDK_v1.5.0/pico-sdk/src/common/pico_sync/mutex.c.obj
 *fill*         0x10007cf9        0x3 
 .rodata.repeating_timer_callback.str1.4
                0x10007cfc       0x67 CMakeFiles/pico-mouse.dir/C_/Program_Files/Raspberry_Pi/Pico_SDK_v1.5.0/pico-sdk/src/common/pico_time/time.c.obj
 *fill*         0x10007d63        0x1 
 .rodata.timer_pool_entry_comparator.str1.4
                0x10007d64       0x22 CMakeFiles/pico-mouse.dir/C_/Program_Files/Raspberry_Pi/Pico_SDK_v1.5.0/pico-sdk/src/common/pico_time/time.c.obj
 *fill*         0x10007d86        0x2 
 .rodata.ph_add_child_node.str1.4
                0x10007d88       0xb2 CMakeFiles/pico-mouse.dir/C_/Program_Files/Raspberry_Pi/Pico_SDK_v1.5.0/pico-sdk/src/common/pico_time/time.c.obj
 *fill*         0x10007e3a        0x2 
 .rodata.add_alarm_under_lock.str1.4
                0x10007e3c       0x28 CMakeFiles/pico-mouse.dir/C_/Program_Files/Raspberry_Pi/Pico_SDK_v1.5.0/pico-sdk/src/common/pico_time/time.c.obj
                                 0x2b (size before relaxing)
 .rodata.alarm_pool_alarm_callback.str1.4
                0x10007e64       0x98 CMakeFiles/pico-mouse.dir/C_/Program_Files/Raspberry_Pi/Pico_SDK_v1.5.0/pico-sdk/src/common/pico_time/time.c.obj
                                0x118 (size before relaxing)
 .rodata.alarm_pool_get_default.str1.4
                0x10007efc       0x21 CMakeFiles/pico-mouse.dir/C_/Program_Files/Raspberry_Pi/Pico_SDK_v1.5.0/pico-sdk/src/common/pico_time/time.c.obj
 *fill*         0x10007f1d        0x3 
 .rodata.alarm_pool_cancel_alarm.str1.4
                0x10007f20       0x27 CMakeFiles/pico-mouse.dir/C_/Program_Files/Raspberry_Pi/Pico_SDK_v1.5.0/pico-sdk/src/common/pico_time/time.c.obj
 *fill*         0x10007f47        0x1 
 .rodata.sleep_until.str1.4
                0x10007f48       0x4d CMakeFiles/pico-mouse.dir/C_/Program_Files/Raspberry_Pi/Pico_SDK_v1.5.0/pico-sdk/src/common/pico_time/time.c.obj
 *fill*         0x10007f95        0x3 
 .rodata.__func__.1
                0x10007f98       0x18 CMakeFiles/pico-mouse.dir/C_/Program_Files/Raspberry_Pi/Pico_SDK_v1.5.0/pico-sdk/src/common/pico_time/time.c.obj
 .rodata.__func__.10
                0x10007fb0       0x15 CMakeFiles/pico-mouse.dir/C_/Program_Files/Raspberry_Pi/Pico_SDK_v1.5.0/pico-sdk/src/common/pico_time/time.c.obj
 *fill*         0x10007fc5        0x3 
 .rodata.__func__.11
                0x10007fc8       0x1a CMakeFiles/pico-mouse.dir/C_/Program_Files/Raspberry_Pi/Pico_SDK_v1.5.0/pico-sdk/src/common/pico_time/time.c.obj
 *fill*         0x10007fe2        0x2 
 .rodata.__func__.12
                0x10007fe4        0xa CMakeFiles/pico-mouse.dir/C_/Program_Files/Raspberry_Pi/Pico_SDK_v1.5.0/pico-sdk/src/common/pico_time/time.c.obj
 *fill*         0x10007fee        0x2 
 .rodata.__func__.3
                0x10007ff0       0x17 CMakeFiles/pico-mouse.dir/C_/Program_Files/Raspberry_Pi/Pico_SDK_v1.5.0/pico-sdk/src/common/pico_time/time.c.obj
 *fill*         0x10008007        0x1 
 .rodata.__func__.4
                0x10008008       0x12 CMakeFiles/pico-mouse.dir/C_/Program_Files/Raspberry_Pi/Pico_SDK_v1.5.0/pico-sdk/src/common/pico_time/time.c.obj
 *fill*         0x1000801a        0x2 
 .rodata.__func__.5
                0x1000801c        0xd CMakeFiles/pico-mouse.dir/C_/Program_Files/Raspberry_Pi/Pico_SDK_v1.5.0/pico-sdk/src/common/pico_time/time.c.obj
 *fill*         0x10008029        0x3 
 .rodata.__func__.6
                0x1000802c       0x12 CMakeFiles/pico-mouse.dir/C_/Program_Files/Raspberry_Pi/Pico_SDK_v1.5.0/pico-sdk/src/common/pico_time/time.c.obj
 *fill*         0x1000803e        0x2 
 .rodata.__func__.7
                0x10008040        0xf CMakeFiles/pico-mouse.dir/C_/Program_Files/Raspberry_Pi/Pico_SDK_v1.5.0/pico-sdk/src/common/pico_time/time.c.obj
 *fill*         0x1000804f        0x1 
 .rodata.__func__.8
                0x10008050        0xc CMakeFiles/pico-mouse.dir/C_/Program_Files/Raspberry_Pi/Pico_SDK_v1.5.0/pico-sdk/src/common/pico_time/time.c.obj
 .rodata.__func__.9
                0x1000805c       0x15 CMakeFiles/pico-mouse.dir/C_/Program_Files/Raspberry_Pi/Pico_SDK_v1.5.0/pico-sdk/src/common/pico_time/time.c.obj
 *fill*         0x10008071        0x3 
 .rodata.hardware_alarm_claim.str1.4
                0x10008074       0x22 CMakeFiles/pico-mouse.dir/C_/Program_Files/Raspberry_Pi/Pico_SDK_v1.5.0/pico-sdk/src/rp2_common/hardware_timer/timer.c.obj
 *fill*         0x10008096        0x2 
 .rodata.hardware_alarm_set_target.str1.4
                0x10008098       0x81 CMakeFiles/pico-mouse.dir/C_/Program_Files/Raspberry_Pi/Pico_SDK_v1.5.0/pico-sdk/src/rp2_common/hardware_timer/timer.c.obj
 *fill*         0x10008119        0x3 
 .rodata.__func__.0
                0x1000811c       0x1a CMakeFiles/pico-mouse.dir/C_/Program_Files/Raspberry_Pi/Pico_SDK_v1.5.0/pico-sdk/src/rp2_common/hardware_timer/timer.c.obj
 .rodata.ph_add_child_node.str1.4
                0x10008136       0xb2 CMakeFiles/pico-mouse.dir/C_/Program_Files/Raspberry_Pi/Pico_SDK_v1.5.0/pico-sdk/src/common/pico_util/pheap.c.obj
 *fill*         0x10008136        0x2 
 .rodata.ph_remove_any_head.str1.4
                0x10008138       0xa8 CMakeFiles/pico-mouse.dir/C_/Program_Files/Raspberry_Pi/Pico_SDK_v1.5.0/pico-sdk/src/common/pico_util/pheap.c.obj
                                 0xbc (size before relaxing)
 .rodata.ph_remove_and_free_node.str1.4
                0x100081e0       0x1e CMakeFiles/pico-mouse.dir/C_/Program_Files/Raspberry_Pi/Pico_SDK_v1.5.0/pico-sdk/src/common/pico_util/pheap.c.obj
                                 0x26 (size before relaxing)
 *fill*         0x100081fe        0x2 
 .rodata.__func__.0
                0x10008200       0x18 CMakeFiles/pico-mouse.dir/C_/Program_Files/Raspberry_Pi/Pico_SDK_v1.5.0/pico-sdk/src/common/pico_util/pheap.c.obj
 .rodata.__func__.1
                0x10008218       0x13 CMakeFiles/pico-mouse.dir/C_/Program_Files/Raspberry_Pi/Pico_SDK_v1.5.0/pico-sdk/src/common/pico_util/pheap.c.obj
 *fill*         0x1000822b        0x1 
 .rodata.__func__.2
                0x1000822c       0x12 CMakeFiles/pico-mouse.dir/C_/Program_Files/Raspberry_Pi/Pico_SDK_v1.5.0/pico-sdk/src/common/pico_util/pheap.c.obj
 *fill*         0x1000823e        0x2 
 .rodata.__func__.3
                0x10008240        0xc CMakeFiles/pico-mouse.dir/C_/Program_Files/Raspberry_Pi/Pico_SDK_v1.5.0/pico-sdk/src/common/pico_util/pheap.c.obj
 .rodata.clock_configure.str1.4
                0x1000824c       0x73 CMakeFiles/pico-mouse.dir/C_/Program_Files/Raspberry_Pi/Pico_SDK_v1.5.0/pico-sdk/src/rp2_common/hardware_clocks/clocks.c.obj
 *fill*         0x100082bf        0x1 
 .rodata.__func__.1
                0x100082c0       0x10 CMakeFiles/pico-mouse.dir/C_/Program_Files/Raspberry_Pi/Pico_SDK_v1.5.0/pico-sdk/src/rp2_common/hardware_clocks/clocks.c.obj
 .rodata.pll_init.str1.4
                0x100082d0      0x13f CMakeFiles/pico-mouse.dir/C_/Program_Files/Raspberry_Pi/Pico_SDK_v1.5.0/pico-sdk/src/rp2_common/hardware_pll/pll.c.obj
 *fill*         0x1000840f        0x1 
 .rodata.__func__.0
                0x10008410        0x9 CMakeFiles/pico-mouse.dir/C_/Program_Files/Raspberry_Pi/Pico_SDK_v1.5.0/pico-sdk/src/rp2_common/hardware_pll/pll.c.obj
 *fill*         0x10008419        0x3 
 .rodata.__assert_func.str1.4
                0x1000841c       0x3f CMakeFiles/pico-mouse.dir/C_/Program_Files/Raspberry_Pi/Pico_SDK_v1.5.0/pico-sdk/src/rp2_common/pico_runtime/runtime.c.obj
                                 0x43 (size before relaxing)
 *fill*         0x1000845b        0x1 
 .rodata.runtime_init.str1.4
                0x1000845c       0x7d CMakeFiles/pico-mouse.dir/C_/Program_Files/Raspberry_Pi/Pico_SDK_v1.5.0/pico-sdk/src/rp2_common/pico_runtime/runtime.c.obj
 *fill*         0x100084d9        0x3 
 .rodata.panic.str1.4
                0x100084dc       0x12 CMakeFiles/pico-mouse.dir/C_/Program_Files/Raspberry_Pi/Pico_SDK_v1.5.0/pico-sdk/src/rp2_common/pico_runtime/runtime.c.obj
 *fill*         0x100084ee        0x2 
 .rodata.__func__.2
                0x100084f0        0xd CMakeFiles/pico-mouse.dir/C_/Program_Files/Raspberry_Pi/Pico_SDK_v1.5.0/pico-sdk/src/rp2_common/pico_runtime/runtime.c.obj
 *fill*         0x100084fd        0x3 
 .rodata._ftoa.str1.4
                0x10008500       0x15 CMakeFiles/pico-mouse.dir/C_/Program_Files/Raspberry_Pi/Pico_SDK_v1.5.0/pico-sdk/src/rp2_common/pico_printf/printf.c.obj
 *fill*         0x10008515        0x3 
 .rodata._vsnprintf
                0x10008518      0x1e0 CMakeFiles/pico-mouse.dir/C_/Program_Files/Raspberry_Pi/Pico_SDK_v1.5.0/pico-sdk/src/rp2_common/pico_printf/printf.c.obj
 .rodata.pow10.0
                0x100086f8       0x50 CMakeFiles/pico-mouse.dir/C_/Program_Files/Raspberry_Pi/Pico_SDK_v1.5.0/pico-sdk/src/rp2_common/pico_printf/printf.c.obj
 .rodata.__aeabi_double_init.str1.4
                0x10008748       0xc4 CMakeFiles/pico-mouse.dir/C_/Program_Files/Raspberry_Pi/Pico_SDK_v1.5.0/pico-sdk/src/rp2_common/pico_double/double_init_rom.c.obj
 .rodata.__func__.0
                0x1000880c       0x14 CMakeFiles/pico-mouse.dir/C_/Program_Files/Raspberry_Pi/Pico_SDK_v1.5.0/pico-sdk/src/rp2_common/pico_double/double_init_rom.c.obj
 .rodata.__aeabi_float_init.str1.4
                0x10008820       0x96 CMakeFiles/pico-mouse.dir/C_/Program_Files/Raspberry_Pi/Pico_SDK_v1.5.0/pico-sdk/src/rp2_common/pico_float/float_init_rom.c.obj
                                 0x9a (size before relaxing)
 *fill*         0x100088b6        0x2 
 .rodata.__func__.0
                0x100088b8       0x13 CMakeFiles/pico-mouse.dir/C_/Program_Files/Raspberry_Pi/Pico_SDK_v1.5.0/pico-sdk/src/rp2_common/pico_float/float_init_rom.c.obj
 *fill*         0x100088cb        0x1 
 .rodata.str1.4
                0x100088cc       0x40 CMakeFiles/pico-mouse.dir/C_/Program_Files/Raspberry_Pi/Pico_SDK_v1.5.0/pico-sdk/src/rp2_common/pico_standard_link/binary_info.c.obj
 .rodata.__bi_44
                0x1000890c        0xc CMakeFiles/pico-mouse.dir/C_/Program_Files/Raspberry_Pi/Pico_SDK_v1.5.0/pico-sdk/src/rp2_common/pico_standard_link/binary_info.c.obj
 .rodata.__bi_75
                0x10008918        0xc CMakeFiles/pico-mouse.dir/C_/Program_Files/Raspberry_Pi/Pico_SDK_v1.5.0/pico-sdk/src/rp2_common/pico_standard_link/binary_info.c.obj
 .rodata.__bi_81
                0x10008924        0xc CMakeFiles/pico-mouse.dir/C_/Program_Files/Raspberry_Pi/Pico_SDK_v1.5.0/pico-sdk/src/rp2_common/pico_standard_link/binary_info.c.obj
 .rodata.stdout_serialize_begin.str1.4
                0x10008930       0x7d CMakeFiles/pico-mouse.dir/C_/Program_Files/Raspberry_Pi/Pico_SDK_v1.5.0/pico-sdk/src/rp2_common/pico_stdio/stdio.c.obj
 .rodata.__func__.3
                0x10008930       0x15 CMakeFiles/pico-mouse.dir/C_/Program_Files/Raspberry_Pi/Pico_SDK_v1.5.0/pico-sdk/src/rp2_common/pico_stdio/stdio.c.obj
 *fill*         0x10008945        0x3 
 .rodata.crlf_str.2
                0x10008948        0x2 CMakeFiles/pico-mouse.dir/C_/Program_Files/Raspberry_Pi/Pico_SDK_v1.5.0/pico-sdk/src/rp2_common/pico_stdio/stdio.c.obj
 *fill*         0x1000894a        0x2 
 .rodata._hw_endpoint_alloc.str1.4
                0x1000894c       0xd1 CMakeFiles/pico-mouse.dir/C_/Program_Files/Raspberry_Pi/Pico_SDK_v1.5.0/pico-sdk/lib/tinyusb/src/portable/raspberrypi/rp2040/dcd_rp2040.c.obj
 *fill*         0x10008a1d        0x3 
 .rodata.str1.4
                0x10008a20       0x14 CMakeFiles/pico-mouse.dir/C_/Program_Files/Raspberry_Pi/Pico_SDK_v1.5.0/pico-sdk/lib/tinyusb/src/portable/raspberrypi/rp2040/dcd_rp2040.c.obj
 .rodata.dcd_int_enable.str1.4
                0x10008a34        0xc CMakeFiles/pico-mouse.dir/C_/Program_Files/Raspberry_Pi/Pico_SDK_v1.5.0/pico-sdk/lib/tinyusb/src/portable/raspberrypi/rp2040/dcd_rp2040.c.obj
 .rodata.__func__.0
                0x10008a40        0xe CMakeFiles/pico-mouse.dir/C_/Program_Files/Raspberry_Pi/Pico_SDK_v1.5.0/pico-sdk/lib/tinyusb/src/portable/raspberrypi/rp2040/dcd_rp2040.c.obj
 *fill*         0x10008a4e        0x2 
 .rodata.__func__.1
                0x10008a50        0xe CMakeFiles/pico-mouse.dir/C_/Program_Files/Raspberry_Pi/Pico_SDK_v1.5.0/pico-sdk/lib/tinyusb/src/portable/raspberrypi/rp2040/dcd_rp2040.c.obj
 *fill*         0x10008a5e        0x2 
 .rodata.__func__.2
                0x10008a60       0x12 CMakeFiles/pico-mouse.dir/C_/Program_Files/Raspberry_Pi/Pico_SDK_v1.5.0/pico-sdk/lib/tinyusb/src/portable/raspberrypi/rp2040/dcd_rp2040.c.obj
 *fill*         0x10008a72        0x2 
 .rodata.__func__.3
                0x10008a74       0x10 CMakeFiles/pico-mouse.dir/C_/Program_Files/Raspberry_Pi/Pico_SDK_v1.5.0/pico-sdk/lib/tinyusb/src/portable/raspberrypi/rp2040/dcd_rp2040.c.obj
 .rodata.__func__.5
                0x10008a84        0xf CMakeFiles/pico-mouse.dir/C_/Program_Files/Raspberry_Pi/Pico_SDK_v1.5.0/pico-sdk/lib/tinyusb/src/portable/raspberrypi/rp2040/dcd_rp2040.c.obj
 *fill*         0x10008a93        0x1 
 .rodata.__func__.6
                0x10008a94       0x13 CMakeFiles/pico-mouse.dir/C_/Program_Files/Raspberry_Pi/Pico_SDK_v1.5.0/pico-sdk/lib/tinyusb/src/portable/raspberrypi/rp2040/dcd_rp2040.c.obj
 *fill*         0x10008aa7        0x1 
 .rodata.__func__.7
                0x10008aa8        0x9 CMakeFiles/pico-mouse.dir/C_/Program_Files/Raspberry_Pi/Pico_SDK_v1.5.0/pico-sdk/lib/tinyusb/src/portable/raspberrypi/rp2040/dcd_rp2040.c.obj
 *fill*         0x10008ab1        0x3 
 .rodata.str1.4
                0x10008ab4      0x103 CMakeFiles/pico-mouse.dir/C_/Program_Files/Raspberry_Pi/Pico_SDK_v1.5.0/pico-sdk/lib/tinyusb/src/portable/raspberrypi/rp2040/rp2040_usb.c.obj
 *fill*         0x10008bb7        0x1 
 .rodata.__func__.0
                0x10008bb8        0xf CMakeFiles/pico-mouse.dir/C_/Program_Files/Raspberry_Pi/Pico_SDK_v1.5.0/pico-sdk/lib/tinyusb/src/portable/raspberrypi/rp2040/rp2040_usb.c.obj
 *fill*         0x10008bc7        0x1 
 .rodata.process_get_descriptor
                0x10008bc8       0x40 CMakeFiles/pico-mouse.dir/C_/Program_Files/Raspberry_Pi/Pico_SDK_v1.5.0/pico-sdk/lib/tinyusb/src/device/usbd.c.obj
 .rodata.process_control_request
                0x10008c08       0x28 CMakeFiles/pico-mouse.dir/C_/Program_Files/Raspberry_Pi/Pico_SDK_v1.5.0/pico-sdk/lib/tinyusb/src/device/usbd.c.obj
 .rodata.tud_task_ext
                0x10008c30       0x24 CMakeFiles/pico-mouse.dir/C_/Program_Files/Raspberry_Pi/Pico_SDK_v1.5.0/pico-sdk/lib/tinyusb/src/device/usbd.c.obj
 .rodata._usbd_driver
                0x10008c54       0x18 CMakeFiles/pico-mouse.dir/C_/Program_Files/Raspberry_Pi/Pico_SDK_v1.5.0/pico-sdk/lib/tinyusb/src/device/usbd.c.obj
 .rodata.hidd_control_xfer_cb
                0x10008c6c       0x30 CMakeFiles/pico-mouse.dir/C_/Program_Files/Raspberry_Pi/Pico_SDK_v1.5.0/pico-sdk/lib/tinyusb/src/class/hid/hid_device.c.obj
 .rodata.str1.4
                0x10008c9c        0x4 CMakeFiles/pico-mouse.dir/C_/Program_Files/Raspberry_Pi/Pico_SDK_v1.5.0/pico-sdk/lib/tinyusb/hw/bsp/rp2040/family.c.obj
 .rodata.__bi_142.0
                0x10008ca0        0xc CMakeFiles/pico-mouse.dir/C_/Program_Files/Raspberry_Pi/Pico_SDK_v1.5.0/pico-sdk/lib/tinyusb/hw/bsp/rp2040/family.c.obj
 .rodata.__bi_152.1
                0x10008cac        0x8 CMakeFiles/pico-mouse.dir/C_/Program_Files/Raspberry_Pi/Pico_SDK_v1.5.0/pico-sdk/lib/tinyusb/hw/bsp/rp2040/family.c.obj
                0x10008cb4                . = ALIGN (0x4)
 *(SORT_BY_ALIGNMENT(SORT_BY_NAME(.flashdata*)))
                0x10008cb4                . = ALIGN (0x4)

.rel.dyn        0x10008cb4        0x0
 .rel.iplt      0x10008cb4        0x0 c:/progra~1/raspbe~1/picosd~1.0/gcc-ar~1/bin/../lib/gcc/arm-none-eabi/10.3.1/thumb/v6-m/nofp/crtbegin.o

.ARM.extab
 *(.ARM.extab* .gnu.linkonce.armextab.*)
                0x10008cb4                __exidx_start = .

.ARM.exidx
 *(.ARM.exidx* .gnu.linkonce.armexidx.*)
                0x10008cb4                __exidx_end = .
                0x10008cb4                . = ALIGN (0x4)
                0x10008cb4                __binary_info_start = .

.binary_info    0x10008cb4       0x24
 *(.binary_info.keep.*)
 .binary_info.keep.__bi_ptr22
                0x10008cb4        0x4 CMakeFiles/pico-mouse.dir/C_/Program_Files/Raspberry_Pi/Pico_SDK_v1.5.0/pico-sdk/src/rp2_common/pico_standard_link/binary_info.c.obj
 .binary_info.keep.__bi_ptr30
                0x10008cb8        0x4 CMakeFiles/pico-mouse.dir/C_/Program_Files/Raspberry_Pi/Pico_SDK_v1.5.0/pico-sdk/src/rp2_common/pico_standard_link/binary_info.c.obj
 .binary_info.keep.__bi_ptr38
                0x10008cbc        0x4 CMakeFiles/pico-mouse.dir/C_/Program_Files/Raspberry_Pi/Pico_SDK_v1.5.0/pico-sdk/src/rp2_common/pico_standard_link/binary_info.c.obj
 .binary_info.keep.__bi_ptr44
                0x10008cc0        0x4 CMakeFiles/pico-mouse.dir/C_/Program_Files/Raspberry_Pi/Pico_SDK_v1.5.0/pico-sdk/src/rp2_common/pico_standard_link/binary_info.c.obj
 .binary_info.keep.__bi_ptr50
                0x10008cc4        0x4 CMakeFiles/pico-mouse.dir/C_/Program_Files/Raspberry_Pi/Pico_SDK_v1.5.0/pico-sdk/src/rp2_common/pico_standard_link/binary_info.c.obj
 .binary_info.keep.__bi_ptr75
                0x10008cc8        0x4 CMakeFiles/pico-mouse.dir/C_/Program_Files/Raspberry_Pi/Pico_SDK_v1.5.0/pico-sdk/src/rp2_common/pico_standard_link/binary_info.c.obj
 .binary_info.keep.__bi_ptr81
                0x10008ccc        0x4 CMakeFiles/pico-mouse.dir/C_/Program_Files/Raspberry_Pi/Pico_SDK_v1.5.0/pico-sdk/src/rp2_common/pico_standard_link/binary_info.c.obj
 .binary_info.keep.__bi_ptr142
                0x10008cd0        0x4 CMakeFiles/pico-mouse.dir/C_/Program_Files/Raspberry_Pi/Pico_SDK_v1.5.0/pico-sdk/lib/tinyusb/hw/bsp/rp2040/family.c.obj
 .binary_info.keep.__bi_ptr152
                0x10008cd4        0x4 CMakeFiles/pico-mouse.dir/C_/Program_Files/Raspberry_Pi/Pico_SDK_v1.5.0/pico-sdk/lib/tinyusb/hw/bsp/rp2040/family.c.obj
 *(.binary_info.*)
                0x10008cd8                __binary_info_end = .
                0x10008cd8                . = ALIGN (0x4)
                0x10008cd8                __etext = .

.ram_vector_table
                0x20000000       0xc0
 *(.ram_vector_table)
 .ram_vector_table
                0x20000000       0xc0 CMakeFiles/pico-mouse.dir/C_/Program_Files/Raspberry_Pi/Pico_SDK_v1.5.0/pico-sdk/src/rp2_common/pico_runtime/runtime.c.obj
                0x20000000                ram_vector_table

.data           0x200000c0      0xb7c load address 0x10008cd8
                0x200000c0                __data_start__ = .
 *(vtable)
 *(.time_critical*)
 .time_critical.mutex_try_enter
                0x200000c0       0x46 CMakeFiles/pico-mouse.dir/C_/Program_Files/Raspberry_Pi/Pico_SDK_v1.5.0/pico-sdk/src/common/pico_sync/mutex.c.obj
                0x200000c0                mutex_try_enter
 *fill*         0x20000106        0x2 
 .time_critical.mutex_enter_block_until
                0x20000108       0x8c CMakeFiles/pico-mouse.dir/C_/Program_Files/Raspberry_Pi/Pico_SDK_v1.5.0/pico-sdk/src/common/pico_sync/mutex.c.obj
                0x20000108                mutex_enter_block_until
 .time_critical.mutex_try_enter_block_until
                0x20000194       0x34 CMakeFiles/pico-mouse.dir/C_/Program_Files/Raspberry_Pi/Pico_SDK_v1.5.0/pico-sdk/src/common/pico_sync/mutex.c.obj
                0x20000194                mutex_try_enter_block_until
 .time_critical.mutex_enter_timeout_ms
                0x200001c8       0x68 CMakeFiles/pico-mouse.dir/C_/Program_Files/Raspberry_Pi/Pico_SDK_v1.5.0/pico-sdk/src/common/pico_sync/mutex.c.obj
                0x200001c8                mutex_enter_timeout_ms
 .time_critical.mutex_exit
                0x20000230       0x4c CMakeFiles/pico-mouse.dir/C_/Program_Files/Raspberry_Pi/Pico_SDK_v1.5.0/pico-sdk/src/common/pico_sync/mutex.c.obj
                0x20000230                mutex_exit
 .time_critical.spi_write_read_blocking
                0x2000027c       0x42 CMakeFiles/pico-mouse.dir/C_/Program_Files/Raspberry_Pi/Pico_SDK_v1.5.0/pico-sdk/src/rp2_common/hardware_spi/spi.c.obj
                0x2000027c                spi_write_read_blocking
 .time_critical.spi_write_blocking
                0x200002be       0x3a CMakeFiles/pico-mouse.dir/C_/Program_Files/Raspberry_Pi/Pico_SDK_v1.5.0/pico-sdk/src/rp2_common/hardware_spi/spi.c.obj
                0x200002be                spi_write_blocking
 .time_critical.reset_non_control_endpoints
                0x200002f8       0x40 CMakeFiles/pico-mouse.dir/C_/Program_Files/Raspberry_Pi/Pico_SDK_v1.5.0/pico-sdk/lib/tinyusb/src/portable/raspberrypi/rp2040/dcd_rp2040.c.obj
 .time_critical.hw_handle_buff_status
                0x20000338       0xa4 CMakeFiles/pico-mouse.dir/C_/Program_Files/Raspberry_Pi/Pico_SDK_v1.5.0/pico-sdk/lib/tinyusb/src/portable/raspberrypi/rp2040/dcd_rp2040.c.obj
 .time_critical.dcd_rp2040_irq
                0x200003dc      0x1cc CMakeFiles/pico-mouse.dir/C_/Program_Files/Raspberry_Pi/Pico_SDK_v1.5.0/pico-sdk/lib/tinyusb/src/portable/raspberrypi/rp2040/dcd_rp2040.c.obj
 .time_critical.e15_is_bulkin_ep
                0x200005a8       0x2c CMakeFiles/pico-mouse.dir/C_/Program_Files/Raspberry_Pi/Pico_SDK_v1.5.0/pico-sdk/lib/tinyusb/src/portable/raspberrypi/rp2040/rp2040_usb.c.obj
 .time_critical.e15_is_critical_frame_period
                0x200005d4       0x30 CMakeFiles/pico-mouse.dir/C_/Program_Files/Raspberry_Pi/Pico_SDK_v1.5.0/pico-sdk/lib/tinyusb/src/portable/raspberrypi/rp2040/rp2040_usb.c.obj
 .time_critical.prepare_ep_buffer
                0x20000604       0x70 CMakeFiles/pico-mouse.dir/C_/Program_Files/Raspberry_Pi/Pico_SDK_v1.5.0/pico-sdk/lib/tinyusb/src/portable/raspberrypi/rp2040/rp2040_usb.c.obj
 .time_critical.sync_ep_buffer
                0x20000674       0x80 CMakeFiles/pico-mouse.dir/C_/Program_Files/Raspberry_Pi/Pico_SDK_v1.5.0/pico-sdk/lib/tinyusb/src/portable/raspberrypi/rp2040/rp2040_usb.c.obj
 .time_critical._hw_endpoint_xfer_sync
                0x200006f4       0x28 CMakeFiles/pico-mouse.dir/C_/Program_Files/Raspberry_Pi/Pico_SDK_v1.5.0/pico-sdk/lib/tinyusb/src/portable/raspberrypi/rp2040/rp2040_usb.c.obj
 .time_critical.hw_endpoint_reset_transfer
                0x2000071c        0xc CMakeFiles/pico-mouse.dir/C_/Program_Files/Raspberry_Pi/Pico_SDK_v1.5.0/pico-sdk/lib/tinyusb/src/portable/raspberrypi/rp2040/rp2040_usb.c.obj
                0x2000071c                hw_endpoint_reset_transfer
 .time_critical._hw_endpoint_buffer_control_update32
                0x20000728       0x58 CMakeFiles/pico-mouse.dir/C_/Program_Files/Raspberry_Pi/Pico_SDK_v1.5.0/pico-sdk/lib/tinyusb/src/portable/raspberrypi/rp2040/rp2040_usb.c.obj
                0x20000728                _hw_endpoint_buffer_control_update32
 .time_critical.hw_endpoint_start_next_buffer
                0x20000780       0x88 CMakeFiles/pico-mouse.dir/C_/Program_Files/Raspberry_Pi/Pico_SDK_v1.5.0/pico-sdk/lib/tinyusb/src/portable/raspberrypi/rp2040/rp2040_usb.c.obj
                0x20000780                hw_endpoint_start_next_buffer
 .time_critical.hw_endpoint_xfer_continue
                0x20000808       0x50 CMakeFiles/pico-mouse.dir/C_/Program_Files/Raspberry_Pi/Pico_SDK_v1.5.0/pico-sdk/lib/tinyusb/src/portable/raspberrypi/rp2040/rp2040_usb.c.obj
                0x20000808                hw_endpoint_xfer_continue
 .time_critical.tinyusb
                0x20000858      0x1ec CMakeFiles/pico-mouse.dir/C_/Program_Files/Raspberry_Pi/Pico_SDK_v1.5.0/pico-sdk/lib/tinyusb/src/device/usbd.c.obj
                0x20000858                dcd_event_handler
 .time_critical.get_bootsel_button
                0x20000a44       0x60 CMakeFiles/pico-mouse.dir/C_/Program_Files/Raspberry_Pi/Pico_SDK_v1.5.0/pico-sdk/lib/tinyusb/hw/bsp/rp2040/family.c.obj
                0x20000a44                get_bootsel_button
 *(.text*)
 .text          0x20000aa4        0x4 c:/progra~1/raspbe~1/picosd~1.0/gcc-ar~1/bin/../lib/gcc/arm-none-eabi/10.3.1/thumb/v6-m/nofp\libgcc.a(_dvmd_tls.o)
                0x20000aa4                __aeabi_idiv0
                0x20000aa4                __aeabi_ldiv0
 .text.__stub   0x20000aa8       0x90 linker stubs
                0x20000b38                . = ALIGN (0x4)
 *(.rodata*)
                0x20000b38                . = ALIGN (0x4)
 *(.data*)
 .data.blink_interval_ms
                0x20000b38        0x4 CMakeFiles/pico-mouse.dir/main.c.obj
 .data.string_desc_arr
                0x20000b3c       0x10 CMakeFiles/pico-mouse.dir/usb_descriptors.c.obj
                0x20000b3c                string_desc_arr
 .data.striped_spin_lock_num
                0x20000b4c        0x1 CMakeFiles/pico-mouse.dir/C_/Program_Files/Raspberry_Pi/Pico_SDK_v1.5.0/pico-sdk/src/rp2_common/hardware_sync/sync.c.obj
 *fill*         0x20000b4d        0x3 
 .data          0x20000b50       0x48 CMakeFiles/pico-mouse.dir/C_/Program_Files/Raspberry_Pi/Pico_SDK_v1.5.0/pico-sdk/src/rp2_common/hardware_irq/irq_handler_chain.S.obj
                0x20000b50                irq_handler_chain_slots
                0x20000b80                irq_handler_chain_first_slot
                0x20000b8a                irq_handler_chain_remove_tail
 .data.default_alarm_pool
                0x20000b98       0x18 CMakeFiles/pico-mouse.dir/C_/Program_Files/Raspberry_Pi/Pico_SDK_v1.5.0/pico-sdk/src/common/pico_time/time.c.obj
 .data.default_alarm_pool_heap
                0x20000bb0       0x10 CMakeFiles/pico-mouse.dir/C_/Program_Files/Raspberry_Pi/Pico_SDK_v1.5.0/pico-sdk/src/common/pico_time/time.c.obj
 .data.aeabi_bits_funcs
                0x20000bc0       0x10 CMakeFiles/pico-mouse.dir/C_/Program_Files/Raspberry_Pi/Pico_SDK_v1.5.0/pico-sdk/src/rp2_common/pico_bit_ops/bit_ops_aeabi.S.obj
                0x20000bc0                aeabi_bits_funcs
                0x20000bd0                aeabi_bits_funcs_end
 .data.aeabi_mem_funcs
                0x20000bd0       0x10 CMakeFiles/pico-mouse.dir/C_/Program_Files/Raspberry_Pi/Pico_SDK_v1.5.0/pico-sdk/src/rp2_common/pico_mem_ops/mem_ops_aeabi.S.obj
                0x20000bd0                aeabi_mem_funcs
                0x20000be0                aeabi_mem_funcs_end
 .data.stdio_uart
                0x20000be0       0x18 CMakeFiles/pico-mouse.dir/C_/Program_Files/Raspberry_Pi/Pico_SDK_v1.5.0/pico-sdk/src/rp2_common/pico_stdio_uart/stdio_uart.c.obj
                0x20000be0                stdio_uart
 .data.ep_dir_string
                0x20000bf8        0x8 CMakeFiles/pico-mouse.dir/C_/Program_Files/Raspberry_Pi/Pico_SDK_v1.5.0/pico-sdk/lib/tinyusb/src/portable/raspberrypi/rp2040/rp2040_usb.c.obj
                0x20000bf8                ep_dir_string
 .data._usbd_qdef
                0x20000c00       0x1c CMakeFiles/pico-mouse.dir/C_/Program_Files/Raspberry_Pi/Pico_SDK_v1.5.0/pico-sdk/lib/tinyusb/src/device/usbd.c.obj
                0x20000c00                _usbd_qdef
 .data._usbd_rhport
                0x20000c1c        0x1 CMakeFiles/pico-mouse.dir/C_/Program_Files/Raspberry_Pi/Pico_SDK_v1.5.0/pico-sdk/lib/tinyusb/src/device/usbd.c.obj
                0x20000c20                . = ALIGN (0x4)
 *fill*         0x20000c1d        0x3 
 *(.after_data.*)
                0x20000c20                . = ALIGN (0x4)
                0x20000c20                PROVIDE (__mutex_array_start = .)
 *(SORT_BY_NAME(.mutex_array.*))
 *(.mutex_array)
 .mutex_array   0x20000c20        0x8 CMakeFiles/pico-mouse.dir/C_/Program_Files/Raspberry_Pi/Pico_SDK_v1.5.0/pico-sdk/src/rp2_common/pico_stdio/stdio.c.obj
                0x20000c28                PROVIDE (__mutex_array_end = .)
                0x20000c28                . = ALIGN (0x4)
                0x20000c28                PROVIDE (__preinit_array_start = .)
 *(SORT_BY_NAME(.preinit_array.*))
 .preinit_array.00001
                0x20000c28        0x4 CMakeFiles/pico-mouse.dir/C_/Program_Files/Raspberry_Pi/Pico_SDK_v1.5.0/pico-sdk/src/rp2_common/pico_mem_ops/mem_ops_aeabi.S.obj
 .preinit_array.00010
                0x20000c2c        0x4 CMakeFiles/pico-mouse.dir/C_/Program_Files/Raspberry_Pi/Pico_SDK_v1.5.0/pico-sdk/src/rp2_common/pico_bit_ops/bit_ops_aeabi.S.obj
 .preinit_array.00020
                0x20000c30        0x4 CMakeFiles/pico-mouse.dir/C_/Program_Files/Raspberry_Pi/Pico_SDK_v1.5.0/pico-sdk/src/rp2_common/pico_double/double_aeabi.S.obj
 .preinit_array.00020
                0x20000c34        0x4 CMakeFiles/pico-mouse.dir/C_/Program_Files/Raspberry_Pi/Pico_SDK_v1.5.0/pico-sdk/src/rp2_common/pico_float/float_aeabi.S.obj
 *(.preinit_array)
                0x20000c38                PROVIDE (__preinit_array_end = .)
                0x20000c38                . = ALIGN (0x4)
                0x20000c38                PROVIDE (__init_array_start = .)
 *(SORT_BY_NAME(.init_array.*))
 *(.init_array)
 .init_array    0x20000c38        0x4 c:/progra~1/raspbe~1/picosd~1.0/gcc-ar~1/bin/../lib/gcc/arm-none-eabi/10.3.1/thumb/v6-m/nofp/crtbegin.o
                0x20000c3c                PROVIDE (__init_array_end = .)
                0x20000c3c                . = ALIGN (0x4)
                [!provide]                PROVIDE (__fini_array_start = .)
 *(SORT_BY_NAME(.fini_array.*))
 *(.fini_array)
                [!provide]                PROVIDE (__fini_array_end = .)
 *(.jcr)
                0x20000c3c                . = ALIGN (0x4)
                0x20000c3c                __data_end__ = .

.igot.plt       0x20000c3c        0x0 load address 0x10009854
 .igot.plt      0x20000c3c        0x0 c:/progra~1/raspbe~1/picosd~1.0/gcc-ar~1/bin/../lib/gcc/arm-none-eabi/10.3.1/thumb/v6-m/nofp/crtbegin.o

.uninitialized_data
                0x20000c3c        0x0 load address 0x10009854
                0x20000c3c                . = ALIGN (0x4)
 *(.uninitialized_data*)

.scratch_x      0x20040000        0x0 load address 0x10009854
                0x20040000                __scratch_x_start__ = .
 *(.scratch_x.*)
                0x20040000                . = ALIGN (0x4)
                0x20040000                __scratch_x_end__ = .
                0x10009854                __scratch_x_source__ = LOADADDR (.scratch_x)

.scratch_y      0x20041000        0x0 load address 0x10009854
                0x20041000                __scratch_y_start__ = .
 *(.scratch_y.*)
                0x20041000                . = ALIGN (0x4)
                0x20041000                __scratch_y_end__ = .
                0x10009854                __scratch_y_source__ = LOADADDR (.scratch_y)

.bss            0x20000c40      0x9dc
                0x20000c40                . = ALIGN (0x4)
                0x20000c40                __bss_start__ = .
 *(SORT_BY_ALIGNMENT(SORT_BY_NAME(.bss*)))
 .bss.default_alarm_pool_entries
                0x20000c40      0x100 CMakeFiles/pico-mouse.dir/C_/Program_Files/Raspberry_Pi/Pico_SDK_v1.5.0/pico-sdk/src/common/pico_time/time.c.obj
 .bss           0x20000d40       0x1c c:/progra~1/raspbe~1/picosd~1.0/gcc-ar~1/bin/../lib/gcc/arm-none-eabi/10.3.1/thumb/v6-m/nofp/crtbegin.o
 .bss._app_driver
                0x20000d5c        0x4 CMakeFiles/pico-mouse.dir/C_/Program_Files/Raspberry_Pi/Pico_SDK_v1.5.0/pico-sdk/lib/tinyusb/src/device/usbd.c.obj
 .bss._ctrl_xfer
                0x20000d60       0x14 CMakeFiles/pico-mouse.dir/C_/Program_Files/Raspberry_Pi/Pico_SDK_v1.5.0/pico-sdk/lib/tinyusb/src/device/usbd_control.c.obj
 .bss._desc_str
                0x20000d74       0x40 CMakeFiles/pico-mouse.dir/usb_descriptors.c.obj
 .bss._hidd_itf