Archive member included to satisfy reference by file (symbol)

c:/progra~1/raspbe~1/picosd~1.0/gcc-ar~1/bin/../lib/gcc/arm-none-eabi/10.3.1/thumb/v6-m/nofp\libgcc.a(_dvmd_tls.o)
                              CMakeFiles/pico-mouse.dir/C_/Program_Files/Raspberry_Pi/Pico_SDK_v1.5.0/pico-sdk/src/rp2_common/pico_divider/divider.S.obj (__aeabi_idiv0)
c:/progra~1/raspbe~1/picosd~1.0/gcc-ar~1/bin/../lib/gcc/arm-none-eabi/10.3.1/../../../../arm-none-eabi/lib/thumb/v6-m/nofp\libg.a(lib_a-calloc.o)
                              CMakeFiles/pico-mouse.dir/C_/Program_Files/Raspberry_Pi/Pico_SDK_v1.5.0/pico-sdk/src/rp2_common/pico_malloc/pico_malloc.c.obj (calloc)
c:/progra~1/raspbe~1/picosd~1.0/gcc-ar~1/bin/../lib/gcc/arm-none-eabi/10.3.1/../../../../arm-none-eabi/lib/thumb/v6-m/nofp\libg.a(lib_a-callocr.o)
                              c:/progra~1/raspbe~1/picosd~1.0/gcc-ar~1/bin/../lib/gcc/arm-none-eabi/10.3.1/../../../../arm-none-eabi/lib/thumb/v6-m/nofp\libg.a(lib_a-calloc.o) (_calloc_r)
c:/progra~1/raspbe~1/picosd~1.0/gcc-ar~1/bin/../lib/gcc/arm-none-eabi/10.3.1/../../../../arm-none-eabi/lib/thumb/v6-m/nofp\libg.a(lib_a-errno.o)
                              c:/progra~1/raspbe~1/picosd~1.0/gcc-ar~1/bin/../lib/gcc/arm-none-eabi/10.3.1/../../../../arm-none-eabi/lib/thumb/v6-m/nofp\libg.a(lib_a-callocr.o) (__errno)
c:/progra~1/raspbe~1/picosd~1.0/gcc-ar~1/bin/../lib/gcc/arm-none-eabi/10.3.1/../../../../arm-none-eabi/lib/thumb/v6-m/nofp\libg.a(lib_a-impure.o)
                              c:/progra~1/raspbe~1/picosd~1.0/gcc-ar~1/bin/../lib/gcc/arm-none-eabi/10.3.1/../../../../arm-none-eabi/lib/thumb/v6-m/nofp\libg.a(lib_a-calloc.o) (_impure_ptr)
c:/progra~1/raspbe~1/picosd~1.0/gcc-ar~1/bin/../lib/gcc/arm-none-eabi/10.3.1/../../../../arm-none-eabi/lib/thumb/v6-m/nofp\libg.a(lib_a-init.o)
                              c:/progra~1/raspbe~1/picosd~1.0/gcc-ar~1/bin/../lib/gcc/arm-none-eabi/10.3.1/../../../../arm-none-eabi/lib/thumb/v6-m/nofp/crt0.o (__libc_init_array)
c:/progra~1/raspbe~1/picosd~1.0/gcc-ar~1/bin/../lib/gcc/arm-none-eabi/10.3.1/../../../../arm-none-eabi/lib/thumb/v6-m/nofp\libg.a(lib_a-malloc.o)
                              CMakeFiles/pico-mouse.dir/C_/Program_Files/Raspberry_Pi/Pico_SDK_v1.5.0/pico-sdk/src/rp2_common/pico_malloc/pico_malloc.c.obj (malloc)
c:/progra~1/raspbe~1/picosd~1.0/gcc-ar~1/bin/../lib/gcc/arm-none-eabi/10.3.1/../../../../arm-none-eabi/lib/thumb/v6-m/nofp\libg.a(lib_a-mallocr.o)
                              c:/progra~1/raspbe~1/picosd~1.0/gcc-ar~1/bin/../lib/gcc/arm-none-eabi/10.3.1/../../../../arm-none-eabi/lib/thumb/v6-m/nofp\libg.a(lib_a-callocr.o) (_malloc_r)
c:/progra~1/raspbe~1/picosd~1.0/gcc-ar~1/bin/../lib/gcc/arm-none-eabi/10.3.1/../../../../arm-none-eabi/lib/thumb/v6-m/nofp\libg.a(lib_a-mlock.o)
                              c:/progra~1/raspbe~1/picosd~1.0/gcc-ar~1/bin/../lib/gcc/arm-none-eabi/10.3.1/../../../../arm-none-eabi/lib/thumb/v6-m/nofp\libg.a(lib_a-mallocr.o) (__malloc_lock)
c:/progra~1/raspbe~1/picosd~1.0/gcc-ar~1/bin/../lib/gcc/arm-none-eabi/10.3.1/../../../../arm-none-eabi/lib/thumb/v6-m/nofp\libg.a(lib_a-realloc.o)
                              CMakeFiles/pico-mouse.dir/C_/Program_Files/Raspberry_Pi/Pico_SDK_v1.5.0/pico-sdk/src/rp2_common/pico_malloc/pico_malloc.c.obj (realloc)
c:/progra~1/raspbe~1/picosd~1.0/gcc-ar~1/bin/../lib/gcc/arm-none-eabi/10.3.1/../../../../arm-none-eabi/lib/thumb/v6-m/nofp\libg.a(lib_a-reallocr.o)
                              c:/progra~1/raspbe~1/picosd~1.0/gcc-ar~1/bin/../lib/gcc/arm-none-eabi/10.3.1/../../../../arm-none-eabi/lib/thumb/v6-m/nofp\libg.a(lib_a-realloc.o) (_realloc_r)
c:/progra~1/raspbe~1/picosd~1.0/gcc-ar~1/bin/../lib/gcc/arm-none-eabi/10.3.1/../../../../arm-none-eabi/lib/thumb/v6-m/nofp\libg.a(lib_a-sbrkr.o)
                              c:/progra~1/raspbe~1/picosd~1.0/gcc-ar~1/bin/../lib/gcc/arm-none-eabi/10.3.1/../../../../arm-none-eabi/lib/thumb/v6-m/nofp\libg.a(lib_a-mallocr.o) (_sbrk_r)
c:/progra~1/raspbe~1/picosd~1.0/gcc-ar~1/bin/../lib/gcc/arm-none-eabi/10.3.1/../../../../arm-none-eabi/lib/thumb/v6-m/nofp\libg.a(lib_a-strlen-stub.o)
                              CMakeFiles/pico-mouse.dir/usb_descriptors.c.obj (strlen)
c:/progra~1/raspbe~1/picosd~1.0/gcc-ar~1/bin/../lib/gcc/arm-none-eabi/10.3.1/../../../../arm-none-eabi/lib/thumb/v6-m/nofp\libg.a(lib_a-freer.o)
                              c:/progra~1/raspbe~1/picosd~1.0/gcc-ar~1/bin/../lib/gcc/arm-none-eabi/10.3.1/../../../../arm-none-eabi/lib/thumb/v6-m/nofp\libg.a(lib_a-malloc.o) (_free_r)
c:/progra~1/raspbe~1/picosd~1.0/gcc-ar~1/bin/../lib/gcc/arm-none-eabi/10.3.1/../../../../arm-none-eabi/lib/thumb/v6-m/nofp\libg.a(lib_a-lock.o)
                              c:/progra~1/raspbe~1/picosd~1.0/gcc-ar~1/bin/../lib/gcc/arm-none-eabi/10.3.1/../../../../arm-none-eabi/lib/thumb/v6-m/nofp\libg.a(lib_a-mlock.o) (__retarget_lock_acquire_recursive)
[...]
Memory Configuration

Name             Origin             Length             Attributes
FLASH            0x10000000         0x00200000         xr
RAM              0x20000000         0x00040000         xrw
SCRATCH_X        0x20040000         0x00001000         xrw
SCRATCH_Y        0x20041000         0x00001000         xrw
*default*        0x00000000         0xffffffff

Linker script and memory map

LOAD c:/progra~1/raspbe~1/picosd~1.0/gcc-ar~1/bin/../lib/gcc/arm-none-eabi/10.3.1/thumb/v6-m/nofp/crti.o
LOAD c:/progra~1/raspbe~1/picosd~1.0/gcc-ar~1/bin/../lib/gcc/arm-none-eabi/10.3.1/thumb/v6-m/nofp/crtbegin.o
LOAD c:/progra~1/raspbe~1/picosd~1.0/gcc-ar~1/bin/../lib/gcc/arm-none-eabi/10.3.1/../../../../arm-none-eabi/lib/thumb/v6-m/nofp/crt0.o

.flash_begin    0x10000000        0x0
                0x10000000                __flash_binary_start = .

.boot2          0x10000000      0x100
                0x10000000                __boot2_start__ = .
 *(.boot2)
 .boot2         0x10000000      0x100 C:\Users\Brent\AppData\Local\Temp\ccs0WBXP.o
                0x10000100                __boot2_end__ = .
                0x00000001                ASSERT (((__boot2_end__ - __boot2_start__) == 0x100), ERROR: Pico second stage bootloader must be 256 bytes in size)

.text           0x10000100     0x6418
                0x10000100                __logical_binary_start = .
 *(.vectors)
 .vectors       0x10000100       0xd4 CMakeFiles/pico-mouse.dir/C_/Program_Files/Raspberry_Pi/Pico_SDK_v1.5.0/pico-sdk/src/rp2_common/pico_standard_link/crt0.S.obj
                0x10000100                __VECTOR_TABLE
                0x10000100                __vectors
                0x100001c0                isr_invalid
                0x100001c0                __default_isrs_start
                0x100001c2                isr_nmi
                0x100001c4                isr_hardfault
                0x100001c6                isr_svcall
                0x100001c8                isr_pendsv
                0x100001ca                isr_systick
                0x100001cc                isr_irq23
                0x100001cc                isr_irq18
                0x100001cc                isr_irq11
                0x100001cc                isr_irq28
                0x100001cc                isr_irq19
                0x100001cc                isr_irq0
                0x100001cc                isr_irq6
                0x100001cc                isr_irq5
                0x100001cc                isr_irq12
                0x100001cc                isr_irq22
                0x100001cc                isr_irq31
                0x100001cc                isr_irq17
                0x100001cc                isr_irq27
                0x100001cc                isr_irq30
                0x100001cc                isr_irq2
                0x100001cc                isr_irq10
                0x100001cc                isr_irq8
                0x100001cc                isr_irq24
                0x100001cc                isr_irq1
                0x100001cc                isr_irq7
                0x100001cc                isr_irq21
                0x100001cc                isr_irq20
                0x100001cc                isr_irq15
                0x100001cc                isr_irq25
                0x100001cc                isr_irq13
                0x100001cc                __unhandled_user_irq
                0x100001cc                isr_irq4
                0x100001cc                isr_irq16
                0x100001cc                isr_irq29
                0x100001cc                isr_irq26
                0x100001cc                __default_isrs_end
                0x100001cc                isr_irq3
                0x100001cc                isr_irq14
                0x100001cc                isr_irq9
                0x100001d2                unhandled_user_irq_num_in_r0
 *(.binary_info_header)
 .binary_info_header
                0x100001d4       0x14 CMakeFiles/pico-mouse.dir/C_/Program_Files/Raspberry_Pi/Pico_SDK_v1.5.0/pico-sdk/src/rp2_common/pico_standard_link/crt0.S.obj
                0x100001e8                __binary_info_header_end = .
 *(.reset)
 .reset         0x100001e8       0xa0 CMakeFiles/pico-mouse.dir/C_/Program_Files/Raspberry_Pi/Pico_SDK_v1.5.0/pico-sdk/src/rp2_common/pico_standard_link/crt0.S.obj
                0x100001e8                _entry_point
 .reset         0x10000288       0x30 CMakeFiles/pico-mouse.dir/C_/Program_Files/Raspberry_Pi/Pico_SDK_v1.5.0/pico-sdk/src/rp2_common/pico_standard_link/binary_info.c.obj
 *(.init)
 .init          0x100002b8        0x4 c:/progra~1/raspbe~1/picosd~1.0/gcc-ar~1/bin/../lib/gcc/arm-none-eabi/10.3.1/thumb/v6-m/nofp/crti.o
                0x100002b8                _init
 *(EXCLUDE_FILE(*libm.a: *libc.a:*lib_a-mem*.o *libgcc.a:) .text*)
 .text          0x100002bc       0x48 c:/progra~1/raspbe~1/picosd~1.0/gcc-ar~1/bin/../lib/gcc/arm-none-eabi/10.3.1/thumb/v6-m/nofp/crtbegin.o
 .text.buttons_init
                0x10000304       0x30 CMakeFiles/pico-mouse.dir/main.c.obj
 .text.buttons_getMask
                0x10000334       0xa0 CMakeFiles/pico-mouse.dir/main.c.obj
 .text.hid_task
                0x100003d4       0xa8 CMakeFiles/pico-mouse.dir/main.c.obj
                0x100003d4                hid_task
 .text.main     0x1000047c       0x4e CMakeFiles/pico-mouse.dir/main.c.obj
                0x1000047c                main
 .text.tud_mount_cb
                0x100004ca        0x2 CMakeFiles/pico-mouse.dir/main.c.obj
                0x100004ca                tud_mount_cb
 .text.tud_umount_cb
                0x100004cc        0x2 CMakeFiles/pico-mouse.dir/main.c.obj
                0x100004cc                tud_umount_cb
 .text.tud_suspend_cb
                0x100004ce        0x2 CMakeFiles/pico-mouse.dir/main.c.obj
                0x100004ce                tud_suspend_cb
 .text.tud_resume_cb
                0x100004d0        0x2 CMakeFiles/pico-mouse.dir/main.c.obj
                0x100004d0                tud_resume_cb
 *fill*         0x100004d2        0x2 
 .text.tud_hid_report_complete_cb
                0x100004d4       0x34 CMakeFiles/pico-mouse.dir/main.c.obj
                0x100004d4                tud_hid_report_complete_cb
 .text.tud_hid_get_report_cb
                0x10000508        0x4 CMakeFiles/pico-mouse.dir/main.c.obj
                0x10000508                tud_hid_get_report_cb
 .text.tud_hid_set_report_cb
                0x1000050c        0x2 CMakeFiles/pico-mouse.dir/main.c.obj
                0x1000050c                tud_hid_set_report_cb
 *fill*         0x1000050e        0x2 
 .text.tud_descriptor_device_cb
                0x10000510        0x8 CMakeFiles/pico-mouse.dir/usb_descriptors.c.obj
                0x10000510                tud_descriptor_device_cb
 .text.tud_hid_descriptor_report_cb
                0x10000518        0x8 CMakeFiles/pico-mouse.dir/usb_descriptors.c.obj
                0x10000518                tud_hid_descriptor_report_cb
 .text.tud_descriptor_configuration_cb
                0x10000520        0x8 CMakeFiles/pico-mouse.dir/usb_descriptors.c.obj
                0x10000520                tud_descriptor_configuration_cb
 .text.tud_descriptor_string_cb
                0x10000528       0x60 CMakeFiles/pico-mouse.dir/usb_descriptors.c.obj
                0x10000528                tud_descriptor_string_cb
 .text.PMW3360_writeRegister
                0x10000588       0x64 CMakeFiles/pico-mouse.dir/C_/Users/Brent/Documents/GitHub/PMW3360-Firmware/src/PMW3360.c.obj
 .text.PMW3360_readRegister
                0x100005ec       0x6c CMakeFiles/pico-mouse.dir/C_/Users/Brent/Documents/GitHub/PMW3360-Firmware/src/PMW3360.c.obj
 .text.PMW3360_init
                0x10000658      0x154 CMakeFiles/pico-mouse.dir/C_/Users/Brent/Documents/GitHub/PMW3360-Firmware/src/PMW3360.c.obj
                0x10000658                PMW3360_init
 .text.PMW3360_read
                0x100007ac       0xc8 CMakeFiles/pico-mouse.dir/C_/Users/Brent/Documents/GitHub/PMW3360-Firmware/src/PMW3360.c.obj
                0x100007ac                PMW3360_read
 .text.gpio_set_function
                0x10000874       0x30 CMakeFiles/pico-mouse.dir/C_/Program_Files/Raspberry_Pi/Pico_SDK_v1.5.0/pico-sdk/src/rp2_common/hardware_gpio/gpio.c.obj
                0x10000874                gpio_set_function
 .text.gpio_set_pulls
                0x100008a4       0x34 CMakeFiles/pico-mouse.dir/C_/Program_Files/Raspberry_Pi/Pico_SDK_v1.5.0/pico-sdk/src/rp2_common/hardware_gpio/gpio.c.obj
                0x100008a4                gpio_set_pulls
 .text.gpio_init
                0x100008d8       0x16 CMakeFiles/pico-mouse.dir/C_/Program_Files/Raspberry_Pi/Pico_SDK_v1.5.0/pico-sdk/src/rp2_common/hardware_gpio/gpio.c.obj
                0x100008d8                gpio_init
 *fill*         0x100008ee        0x2 
 .text.running_on_fpga
                0x100008f0       0x14 CMakeFiles/pico-mouse.dir/C_/Program_Files/Raspberry_Pi/Pico_SDK_v1.5.0/pico-sdk/src/rp2_common/pico_platform/platform.c.obj
                0x100008f0                running_on_fpga
 .text.hw_claim_lock
                0x10000904       0x18 CMakeFiles/pico-mouse.dir/C_/Program_Files/Raspberry_Pi/Pico_SDK_v1.5.0/pico-sdk/src/rp2_common/hardware_claim/claim.c.obj
                0x10000904                hw_claim_lock
 .text.hw_claim_unlock
                0x1000091c       0x14 CMakeFiles/pico-mouse.dir/C_/Program_Files/Raspberry_Pi/Pico_SDK_v1.5.0/pico-sdk/src/rp2_common/hardware_claim/claim.c.obj
                0x1000091c                hw_claim_unlock
 .text.hw_claim_or_assert
                0x10000930       0x32 CMakeFiles/pico-mouse.dir/C_/Program_Files/Raspberry_Pi/Pico_SDK_v1.5.0/pico-sdk/src/rp2_common/hardware_claim/claim.c.obj
                0x10000930                hw_claim_or_assert
 .text.hw_claim_unused_from_range
                0x10000962       0x50 CMakeFiles/pico-mouse.dir/C_/Program_Files/Raspberry_Pi/Pico_SDK_v1.5.0/pico-sdk/src/rp2_common/hardware_claim/claim.c.obj
                0x10000962                hw_claim_unused_from_range
 *fill*         0x100009b2        0x2 
 .text.spin_locks_reset
                0x100009b4       0x20 CMakeFiles/pico-mouse.dir/C_/Program_Files/Raspberry_Pi/Pico_SDK_v1.5.0/pico-sdk/src/rp2_common/hardware_sync/sync.c.obj
                0x100009b4                spin_locks_reset
 .text.next_striped_spin_lock_num
                0x100009d4       0x1c CMakeFiles/pico-mouse.dir/C_/Program_Files/Raspberry_Pi/Pico_SDK_v1.5.0/pico-sdk/src/rp2_common/hardware_sync/sync.c.obj
                0x100009d4                next_striped_spin_lock_num
 .text.spin_lock_claim_unused
                0x100009f0       0x20 CMakeFiles/pico-mouse.dir/C_/Program_Files/Raspberry_Pi/Pico_SDK_v1.5.0/pico-sdk/src/rp2_common/hardware_sync/sync.c.obj
                0x100009f0                spin_lock_claim_unused
 .text.set_raw_irq_handler_and_unlock
                0x10000a10       0x28 CMakeFiles/pico-mouse.dir/C_/Program_Files/Raspberry_Pi/Pico_SDK_v1.5.0/pico-sdk/src/rp2_common/hardware_irq/irq.c.obj
 .text.make_branch
                0x10000a38       0x48 CMakeFiles/pico-mouse.dir/C_/Program_Files/Raspberry_Pi/Pico_SDK_v1.5.0/pico-sdk/src/rp2_common/hardware_irq/irq.c.obj
 .text.insert_branch_and_link
                0x10000a80       0x40 CMakeFiles/pico-mouse.dir/C_/Program_Files/Raspberry_Pi/Pico_SDK_v1.5.0/pico-sdk/src/rp2_common/hardware_irq/irq.c.obj
 .text.irq_is_enabled
                0x10000ac0       0x18 CMakeFiles/pico-mouse.dir/C_/Program_Files/Raspberry_Pi/Pico_SDK_v1.5.0/pico-sdk/src/rp2_common/hardware_irq/irq.c.obj
                0x10000ac0                irq_is_enabled
 .text.irq_set_mask_enabled
                0x10000ad8       0x20 CMakeFiles/pico-mouse.dir/C_/Program_Files/Raspberry_Pi/Pico_SDK_v1.5.0/pico-sdk/src/rp2_common/hardware_irq/irq.c.obj
                0x10000ad8                irq_set_mask_enabled
 .text.irq_set_enabled
                0x10000af8        0xe CMakeFiles/pico-mouse.dir/C_/Program_Files/Raspberry_Pi/Pico_SDK_v1.5.0/pico-sdk/src/rp2_common/hardware_irq/irq.c.obj
                0x10000af8                irq_set_enabled
 *fill*         0x10000b06        0x2 
 .text.irq_get_vtable_handler
                0x10000b08       0x10 CMakeFiles/pico-mouse.dir/C_/Program_Files/Raspberry_Pi/Pico_SDK_v1.5.0/pico-sdk/src/rp2_common/hardware_irq/irq.c.obj
                0x10000b08                irq_get_vtable_handler
 .text.irq_set_exclusive_handler
                0x10000b18       0x54 CMakeFiles/pico-mouse.dir/C_/Program_Files/Raspberry_Pi/Pico_SDK_v1.5.0/pico-sdk/src/rp2_common/hardware_irq/irq.c.obj
                0x10000b18                irq_set_exclusive_handler
 .text.irq_add_shared_handler
                0x10000b6c      0x234 CMakeFiles/pico-mouse.dir/C_/Program_Files/Raspberry_Pi/Pico_SDK_v1.5.0/pico-sdk/src/rp2_common/hardware_irq/irq.c.obj
                0x10000b6c                irq_add_shared_handler
 .text.irq_remove_handler
                0x10000da0      0x1ac CMakeFiles/pico-mouse.dir/C_/Program_Files/Raspberry_Pi/Pico_SDK_v1.5.0/pico-sdk/src/rp2_common/hardware_irq/irq.c.obj
                0x10000da0                irq_remove_handler
 .text.irq_add_tail_to_free_list
                0x10000f4c       0xf0 CMakeFiles/pico-mouse.dir/C_/Program_Files/Raspberry_Pi/Pico_SDK_v1.5.0/pico-sdk/src/rp2_common/hardware_irq/irq.c.obj
                0x10000f4c                irq_add_tail_to_free_list
 .text.irq_init_priorities
                0x1000103c       0x1c CMakeFiles/pico-mouse.dir/C_/Program_Files/Raspberry_Pi/Pico_SDK_v1.5.0/pico-sdk/src/rp2_common/hardware_irq/irq.c.obj
                0x1000103c                irq_init_priorities
 .text.lock_init
                0x10001058       0x10 CMakeFiles/pico-mouse.dir/C_/Program_Files/Raspberry_Pi/Pico_SDK_v1.5.0/pico-sdk/src/common/pico_sync/lock_core.c.obj
                0x10001058                lock_init
 .text.mutex_init
                0x10001068       0x1a CMakeFiles/pico-mouse.dir/C_/Program_Files/Raspberry_Pi/Pico_SDK_v1.5.0/pico-sdk/src/common/pico_sync/mutex.c.obj
                0x10001068                mutex_init
 .text.recursive_mutex_init
                0x10001082       0x1e CMakeFiles/pico-mouse.dir/C_/Program_Files/Raspberry_Pi/Pico_SDK_v1.5.0/pico-sdk/src/common/pico_sync/mutex.c.obj
                0x10001082                recursive_mutex_init
 .text.critical_section_init_with_lock_num
                0x100010a0       0x14 CMakeFiles/pico-mouse.dir/C_/Program_Files/Raspberry_Pi/Pico_SDK_v1.5.0/pico-sdk/src/common/pico_sync/critical_section.c.obj
                0x100010a0                critical_section_init_with_lock_num
 .text.critical_section_init
                0x100010b4       0x14 CMakeFiles/pico-mouse.dir/C_/Program_Files/Raspberry_Pi/Pico_SDK_v1.5.0/pico-sdk/src/common/pico_sync/critical_section.c.obj
                0x100010b4                critical_section_init
 .text.alarm_pool_post_alloc_init
                0x100010c8       0x40 CMakeFiles/pico-mouse.dir/C_/Program_Files/Raspberry_Pi/Pico_SDK_v1.5.0/pico-sdk/src/common/pico_time/time.c.obj
 .text.sleep_until_callback
                0x10001108       0x30 CMakeFiles/pico-mouse.dir/C_/Program_Files/Raspberry_Pi/Pico_SDK_v1.5.0/pico-sdk/src/common/pico_time/time.c.obj
 .text.timer_pool_entry_comparator
                0x10001138       0x7c CMakeFiles/pico-mouse.dir/C_/Program_Files/Raspberry_Pi/Pico_SDK_v1.5.0/pico-sdk/src/common/pico_time/time.c.obj
                0x10001138                timer_pool_entry_comparator
 .text.ph_add_child_node
                0x100011b4       0xa4 CMakeFiles/pico-mouse.dir/C_/Program_Files/Raspberry_Pi/Pico_SDK_v1.5.0/pico-sdk/src/common/pico_time/time.c.obj
 .text.ph_merge_nodes
                0x10001258       0x3e CMakeFiles/pico-mouse.dir/C_/Program_Files/Raspberry_Pi/Pico_SDK_v1.5.0/pico-sdk/src/common/pico_time/time.c.obj
 *fill*         0x10001296        0x2 
 .text.add_alarm_under_lock
                0x10001298      0x174 CMakeFiles/pico-mouse.dir/C_/Program_Files/Raspberry_Pi/Pico_SDK_v1.5.0/pico-sdk/src/common/pico_time/time.c.obj
 .text.alarm_pool_alarm_callback
                0x1000140c      0x33c CMakeFiles/pico-mouse.dir/C_/Program_Files/Raspberry_Pi/Pico_SDK_v1.5.0/pico-sdk/src/common/pico_time/time.c.obj
 .text.alarm_pool_init_default
                0x10001748       0x40 CMakeFiles/pico-mouse.dir/C_/Program_Files/Raspberry_Pi/Pico_SDK_v1.5.0/pico-sdk/src/common/pico_time/time.c.obj
                0x10001748                alarm_pool_init_default
 .text.alarm_pool_get_default
                0x10001788       0x2c CMakeFiles/pico-mouse.dir/C_/Program_Files/Raspberry_Pi/Pico_SDK_v1.5.0/pico-sdk/src/common/pico_time/time.c.obj
                0x10001788                alarm_pool_get_default
 .text.alarm_pool_add_alarm_at
                0x100017b4      0x168 CMakeFiles/pico-mouse.dir/C_/Program_Files/Raspberry_Pi/Pico_SDK_v1.5.0/pico-sdk/src/common/pico_time/time.c.obj
                0x100017b4                alarm_pool_add_alarm_at
 .text.alarm_pool_cancel_alarm
                0x1000191c       0xf0 CMakeFiles/pico-mouse.dir/C_/Program_Files/Raspberry_Pi/Pico_SDK_v1.5.0/pico-sdk/src/common/pico_time/time.c.obj
                0x1000191c                alarm_pool_cancel_alarm
 .text.sleep_until
                0x10001a0c       0xfc CMakeFiles/pico-mouse.dir/C_/Program_Files/Raspberry_Pi/Pico_SDK_v1.5.0/pico-sdk/src/common/pico_time/time.c.obj
                0x10001a0c                sleep_until
 .text.sleep_us
                0x10001b08       0x58 CMakeFiles/pico-mouse.dir/C_/Program_Files/Raspberry_Pi/Pico_SDK_v1.5.0/pico-sdk/src/common/pico_time/time.c.obj
                0x10001b08                sleep_us
 .text.sleep_ms
                0x10001b60       0x14 CMakeFiles/pico-mouse.dir/C_/Program_Files/Raspberry_Pi/Pico_SDK_v1.5.0/pico-sdk/src/common/pico_time/time.c.obj
                0x10001b60                sleep_ms
 .text.best_effort_wfe_or_timeout
                0x10001b74       0xac CMakeFiles/pico-mouse.dir/C_/Program_Files/Raspberry_Pi/Pico_SDK_v1.5.0/pico-sdk/src/common/pico_time/time.c.obj
                0x10001b74                best_effort_wfe_or_timeout
 .text.hardware_alarm_irq_handler
                0x10001c20       0x90 CMakeFiles/pico-mouse.dir/C_/Program_Files/Raspberry_Pi/Pico_SDK_v1.5.0/pico-sdk/src/rp2_common/hardware_timer/timer.c.obj
 .text.hardware_alarm_claim
                0x10001cb0       0x18 CMakeFiles/pico-mouse.dir/C_/Program_Files/Raspberry_Pi/Pico_SDK_v1.5.0/pico-sdk/src/rp2_common/hardware_timer/timer.c.obj
                0x10001cb0                hardware_alarm_claim
 .text.time_us_64
                0x10001cc8       0x18 CMakeFiles/pico-mouse.dir/C_/Program_Files/Raspberry_Pi/Pico_SDK_v1.5.0/pico-sdk/src/rp2_common/hardware_timer/timer.c.obj
                0x10001cc8                time_us_64
 .text.busy_wait_until
                0x10001ce0       0x28 CMakeFiles/pico-mouse.dir/C_/Program_Files/Raspberry_Pi/Pico_SDK_v1.5.0/pico-sdk/src/rp2_common/hardware_timer/timer.c.obj
                0x10001ce0                busy_wait_until
 .text.hardware_alarm_set_callback
                0x10001d08       0x90 CMakeFiles/pico-mouse.dir/C_/Program_Files/Raspberry_Pi/Pico_SDK_v1.5.0/pico-sdk/src/rp2_common/hardware_timer/timer.c.obj
                0x10001d08                hardware_alarm_set_callback
 .text.hardware_alarm_set_target
                0x10001d98       0xe8 CMakeFiles/pico-mouse.dir/C_/Program_Files/Raspberry_Pi/Pico_SDK_v1.5.0/pico-sdk/src/rp2_common/hardware_timer/timer.c.obj
                0x10001d98                hardware_alarm_set_target
 .text.hardware_alarm_cancel
                0x10001e80       0x40 CMakeFiles/pico-mouse.dir/C_/Program_Files/Raspberry_Pi/Pico_SDK_v1.5.0/pico-sdk/src/rp2_common/hardware_timer/timer.c.obj
                0x10001e80                hardware_alarm_cancel
 .text.ph_add_child_node
                0x10001ec0       0xa4 CMakeFiles/pico-mouse.dir/C_/Program_Files/Raspberry_Pi/Pico_SDK_v1.5.0/pico-sdk/src/common/pico_util/pheap.c.obj
 .text.ph_merge_nodes
                0x10001f64       0x3e CMakeFiles/pico-mouse.dir/C_/Program_Files/Raspberry_Pi/Pico_SDK_v1.5.0/pico-sdk/src/common/pico_util/pheap.c.obj
 *fill*         0x10001fa2        0x2 
 .text.ph_clear
                0x10001fa4       0x70 CMakeFiles/pico-mouse.dir/C_/Program_Files/Raspberry_Pi/Pico_SDK_v1.5.0/pico-sdk/src/common/pico_util/pheap.c.obj
                0x10001fa4                ph_clear
 .text.ph_post_alloc_init
                0x10002014        0xe CMakeFiles/pico-mouse.dir/C_/Program_Files/Raspberry_Pi/Pico_SDK_v1.5.0/pico-sdk/src/common/pico_util/pheap.c.obj
                0x10002014                ph_post_alloc_init
 *fill*         0x10002022        0x2 
 .text.ph_merge_two_pass
                0x10002024       0xa8 CMakeFiles/pico-mouse.dir/C_/Program_Files/Raspberry_Pi/Pico_SDK_v1.5.0/pico-sdk/src/common/pico_util/pheap.c.obj
                0x10002024                ph_merge_two_pass
 .text.ph_remove_any_head
                0x100020cc      0x128 CMakeFiles/pico-mouse.dir/C_/Program_Files/Raspberry_Pi/Pico_SDK_v1.5.0/pico-sdk/src/common/pico_util/pheap.c.obj
 .text.ph_remove_head
                0x100021f4       0x14 CMakeFiles/pico-mouse.dir/C_/Program_Files/Raspberry_Pi/Pico_SDK_v1.5.0/pico-sdk/src/common/pico_util/pheap.c.obj
                0x100021f4                ph_remove_head
 .text.ph_remove_and_free_node
                0x10002208       0xf8 CMakeFiles/pico-mouse.dir/C_/Program_Files/Raspberry_Pi/Pico_SDK_v1.5.0/pico-sdk/src/common/pico_util/pheap.c.obj
                0x10002208                ph_remove_and_free_node
 .text.clock_configure
                0x10002300      0x104 CMakeFiles/pico-mouse.dir/C_/Program_Files/Raspberry_Pi/Pico_SDK_v1.5.0/pico-sdk/src/rp2_common/hardware_clocks/clocks.c.obj
                0x10002300                clock_configure
 .text.clocks_init
                0x10002404      0x100 CMakeFiles/pico-mouse.dir/C_/Program_Files/Raspberry_Pi/Pico_SDK_v1.5.0/pico-sdk/src/rp2_common/hardware_clocks/clocks.c.obj
                0x10002404                clocks_init
 .text.clock_get_hz
                0x10002504        0xc CMakeFiles/pico-mouse.dir/C_/Program_Files/Raspberry_Pi/Pico_SDK_v1.5.0/pico-sdk/src/rp2_common/hardware_clocks/clocks.c.obj
                0x10002504                clock_get_hz
 .text.pll_init
                0x10002510      0x12c CMakeFiles/pico-mouse.dir/C_/Program_Files/Raspberry_Pi/Pico_SDK_v1.5.0/pico-sdk/src/rp2_common/hardware_pll/pll.c.obj
                0x10002510                pll_init
 .text.watchdog_start_tick
                0x1000263c       0x10 CMakeFiles/pico-mouse.dir/C_/Program_Files/Raspberry_Pi/Pico_SDK_v1.5.0/pico-sdk/src/rp2_common/hardware_watchdog/watchdog.c.obj
                0x1000263c                watchdog_start_tick
 .text.xosc_init
                0x1000264c       0x28 CMakeFiles/pico-mouse.dir/C_/Program_Files/Raspberry_Pi/Pico_SDK_v1.5.0/pico-sdk/src/rp2_common/hardware_xosc/xosc.c.obj
                0x1000264c                xosc_init
 .text._exit    0x10002674        0x4 CMakeFiles/pico-mouse.dir/C_/Program_Files/Raspberry_Pi/Pico_SDK_v1.5.0/pico-sdk/src/rp2_common/pico_runtime/runtime.c.obj
                0x10002674                _exit
 .text.exit     0x10002678        0x6 CMakeFiles/pico-mouse.dir/C_/Program_Files/Raspberry_Pi/Pico_SDK_v1.5.0/pico-sdk/src/rp2_common/pico_runtime/runtime.c.obj
                0x10002678                exit
 *fill*         0x1000267e        0x2 
 .text.__assert_func
                0x10002680       0x3c CMakeFiles/pico-mouse.dir/C_/Program_Files/Raspberry_Pi/Pico_SDK_v1.5.0/pico-sdk/src/rp2_common/pico_runtime/runtime.c.obj
                0x10002680                __assert_func
 .text.runtime_init
                0x100026bc       0xf8 CMakeFiles/pico-mouse.dir/C_/Program_Files/Raspberry_Pi/Pico_SDK_v1.5.0/pico-sdk/src/rp2_common/pico_runtime/runtime.c.obj
                0x100026bc                runtime_init
 .text.panic    0x100027b4       0x30 CMakeFiles/pico-mouse.dir/C_/Program_Files/Raspberry_Pi/Pico_SDK_v1.5.0/pico-sdk/src/rp2_common/pico_runtime/runtime.c.obj
                0x100027b4                panic
 .text._out_null
                0x100027e4        0x2 CMakeFiles/pico-mouse.dir/C_/Program_Files/Raspberry_Pi/Pico_SDK_v1.5.0/pico-sdk/src/rp2_common/pico_printf/printf.c.obj
 .text._out_fct
                0x100027e6        0xe CMakeFiles/pico-mouse.dir/C_/Program_Files/Raspberry_Pi/Pico_SDK_v1.5.0/pico-sdk/src/rp2_common/pico_printf/printf.c.obj
 .text._atoi    0x100027f4       0x24 CMakeFiles/pico-mouse.dir/C_/Program_Files/Raspberry_Pi/Pico_SDK_v1.5.0/pico-sdk/src/rp2_common/pico_printf/printf.c.obj
 .text._out_rev
                0x10002818       0xae CMakeFiles/pico-mouse.dir/C_/Program_Files/Raspberry_Pi/Pico_SDK_v1.5.0/pico-sdk/src/rp2_common/pico_printf/printf.c.obj
 .text._ntoa_format
                0x100028c6      0x112 CMakeFiles/pico-mouse.dir/C_/Program_Files/Raspberry_Pi/Pico_SDK_v1.5.0/pico-sdk/src/rp2_common/pico_printf/printf.c.obj
 .text._ntoa_long
                0x100029d8       0xbc CMakeFiles/pico-mouse.dir/C_/Program_Files/Raspberry_Pi/Pico_SDK_v1.5.0/pico-sdk/src/rp2_common/pico_printf/printf.c.obj
 .text._ntoa_long_long
                0x10002a94       0xe2 CMakeFiles/pico-mouse.dir/C_/Program_Files/Raspberry_Pi/Pico_SDK_v1.5.0/pico-sdk/src/rp2_common/pico_printf/printf.c.obj
 *fill*         0x10002b76        0x2 
 .text._etoa    0x10002b78      0x414 CMakeFiles/pico-mouse.dir/C_/Program_Files/Raspberry_Pi/Pico_SDK_v1.5.0/pico-sdk/src/rp2_common/pico_printf/printf.c.obj
 .text._ftoa    0x10002f8c      0x354 CMakeFiles/pico-mouse.dir/C_/Program_Files/Raspberry_Pi/Pico_SDK_v1.5.0/pico-sdk/src/rp2_common/pico_printf/printf.c.obj
 .text._vsnprintf
                0x100032e0      0x624 CMakeFiles/pico-mouse.dir/C_/Program_Files/Raspberry_Pi/Pico_SDK_v1.5.0/pico-sdk/src/rp2_common/pico_printf/printf.c.obj
 .text.vfctprintf
                0x10003904       0x20 CMakeFiles/pico-mouse.dir/C_/Program_Files/Raspberry_Pi/Pico_SDK_v1.5.0/pico-sdk/src/rp2_common/pico_printf/printf.c.obj
                0x10003904                vfctprintf
 .text          0x10003924       0x10 CMakeFiles/pico-mouse.dir/C_/Program_Files/Raspberry_Pi/Pico_SDK_v1.5.0/pico-sdk/src/rp2_common/pico_bit_ops/bit_ops_aeabi.S.obj
 .text.rom_func_lookup
                0x10003934       0x10 CMakeFiles/pico-mouse.dir/C_/Program_Files/Raspberry_Pi/Pico_SDK_v1.5.0/pico-sdk/src/rp2_common/pico_bootrom/bootrom.c.obj
                0x10003934                rom_func_lookup
 .text.rom_data_lookup
                0x10003944       0x10 CMakeFiles/pico-mouse.dir/C_/Program_Files/Raspberry_Pi/Pico_SDK_v1.5.0/pico-sdk/src/rp2_common/pico_bootrom/bootrom.c.obj
                0x10003944                rom_data_lookup
 .text.rom_funcs_lookup
                0x10003954       0x36 CMakeFiles/pico-mouse.dir/C_/Program_Files/Raspberry_Pi/Pico_SDK_v1.5.0/pico-sdk/src/rp2_common/pico_bootrom/bootrom.c.obj
                0x10003954                rom_funcs_lookup
 *fill*         0x1000398a        0x2 
 .text.__wrap___aeabi_idiv
                0x1000398c       0x50 CMakeFiles/pico-mouse.dir/C_/Program_Files/Raspberry_Pi/Pico_SDK_v1.5.0/pico-sdk/src/rp2_common/pico_divider/divider.S.obj
                0x1000398c                __wrap___aeabi_idivmod
                0x1000398c                divmod_s32s32
                0x1000398c                div_s32s32
                0x1000398c                __wrap___aeabi_idiv
                0x10003994                divmod_s32s32_unsafe
                0x100039c0                divmod_s32s32_savestate
 .text.__wrap___aeabi_uidiv
                0x100039dc       0x4c CMakeFiles/pico-mouse.dir/C_/Program_Files/Raspberry_Pi/Pico_SDK_v1.5.0/pico-sdk/src/rp2_common/pico_divider/divider.S.obj
                0x100039dc                __wrap___aeabi_uidiv
                0x100039dc                __wrap___aeabi_uidivmod
                0x100039dc                div_u32u32
                0x100039dc                divmod_u32u32
                0x100039e4                divmod_u32u32_unsafe
                0x10003a0c                divmod_u32u32_savestate
 .text.__wrap___aeabi_ldiv
                0x10003a28      0x424 CMakeFiles/pico-mouse.dir/C_/Program_Files/Raspberry_Pi/Pico_SDK_v1.5.0/pico-sdk/src/rp2_common/pico_divider/divider.S.obj
                0x10003a28                div_s64s64
                0x10003a28                divmod_s64s64
                0x10003a28                __wrap___aeabi_ldivmod
                0x10003a58                divmod_u64u64
                0x10003a58                div_u64u64
                0x10003a58                __wrap___aeabi_uldivmod
                0x10003a68                divmod_u64u64_savestate
                0x10003a88                divmod_s64s64_unsafe
                0x10003b10                divmod_u64u64_unsafe
 .text.__wrap___aeabi_darithmetic
                0x10003e4c       0x80 CMakeFiles/pico-mouse.dir/C_/Program_Files/Raspberry_Pi/Pico_SDK_v1.5.0/pico-sdk/src/rp2_common/pico_double/double_aeabi.S.obj
                0x10003e4c                __wrap___aeabi_drsub
                0x10003e52                __wrap___aeabi_dsub
                0x10003e64                __wrap___aeabi_dadd
                0x10003e76                __wrap___aeabi_ddiv
                0x10003eb2                __wrap___aeabi_dmul
 .text.__wrap___aeabi_cdcmple
                0x10003ecc       0x6c CMakeFiles/pico-mouse.dir/C_/Program_Files/Raspberry_Pi/Pico_SDK_v1.5.0/pico-sdk/src/rp2_common/pico_double/double_aeabi.S.obj
                0x10003ecc                __wrap___aeabi_cdrcmple
                0x10003edc                __wrap___aeabi_cdcmpeq
                0x10003edc                __wrap___aeabi_cdcmple
 .text.__wrap___aeabi_dcmplt
                0x10003f38        0xc CMakeFiles/pico-mouse.dir/C_/Program_Files/Raspberry_Pi/Pico_SDK_v1.5.0/pico-sdk/src/rp2_common/pico_double/double_aeabi.S.obj
                0x10003f38                __wrap___aeabi_dcmplt
 .text.__wrap___aeabi_dcmple
                0x10003f44       0x10 CMakeFiles/pico-mouse.dir/C_/Program_Files/Raspberry_Pi/Pico_SDK_v1.5.0/pico-sdk/src/rp2_common/pico_double/double_aeabi.S.obj
                0x10003f44                __wrap___aeabi_dcmple
 .text.__wrap___aeabi_dcmpge
                0x10003f54       0x10 CMakeFiles/pico-mouse.dir/C_/Program_Files/Raspberry_Pi/Pico_SDK_v1.5.0/pico-sdk/src/rp2_common/pico_double/double_aeabi.S.obj
                0x10003f54                __wrap___aeabi_dcmpge
 .text.__wrap___aeabi_dcmpgt
                0x10003f64        0xa CMakeFiles/pico-mouse.dir/C_/Program_Files/Raspberry_Pi/Pico_SDK_v1.5.0/pico-sdk/src/rp2_common/pico_double/double_aeabi.S.obj
                0x10003f64                __wrap___aeabi_dcmpgt
 .text.__wrap___aeabi_dcmpun
                0x10003f6e       0x1c CMakeFiles/pico-mouse.dir/C_/Program_Files/Raspberry_Pi/Pico_SDK_v1.5.0/pico-sdk/src/rp2_common/pico_double/double_aeabi.S.obj
                0x10003f6e                __wrap___aeabi_dcmpun
 *fill*         0x10003f8a        0x2 
 .text.__wrap___aeabi_i2d
                0x10003f8c       0x38 CMakeFiles/pico-mouse.dir/C_/Program_Files/Raspberry_Pi/Pico_SDK_v1.5.0/pico-sdk/src/rp2_common/pico_double/double_aeabi.S.obj
                0x10003f8c                __wrap___aeabi_ui2d
                0x10003f94                __wrap___aeabi_i2d
 .text.__wrap___aeabi_d2iz
                0x10003fc4       0x48 CMakeFiles/pico-mouse.dir/C_/Program_Files/Raspberry_Pi/Pico_SDK_v1.5.0/pico-sdk/src/rp2_common/pico_double/double_aeabi.S.obj
                0x10003fc4                double2int_z
                0x10003fc4                __wrap___aeabi_d2iz
 .text.__wrap___aeabi_d2uiz
                0x1000400c       0x18 CMakeFiles/pico-mouse.dir/C_/Program_Files/Raspberry_Pi/Pico_SDK_v1.5.0/pico-sdk/src/rp2_common/pico_double/double_aeabi.S.obj
                0x1000400c                __wrap___aeabi_d2uiz
                0x1000400c                double2uint
 .text.__aeabi_double_init
                0x10004024       0xc8 CMakeFiles/pico-mouse.dir/C_/Program_Files/Raspberry_Pi/Pico_SDK_v1.5.0/pico-sdk/src/rp2_common/pico_double/double_init_rom.c.obj
                0x10004024                __aeabi_double_init
 .text.double_table_shim_on_use_helper
                0x100040ec       0x34 CMakeFiles/pico-mouse.dir/C_/Program_Files/Raspberry_Pi/Pico_SDK_v1.5.0/pico-sdk/src/rp2_common/pico_double/double_v1_rom_shim.S.obj
                0x100040ec                double_table_shim_on_use_helper
 .text.__wrap___aeabi_dsub
                0x10004120       0x10 CMakeFiles/pico-mouse.dir/C_/Program_Files/Raspberry_Pi/Pico_SDK_v1.5.0/pico-sdk/src/rp2_common/pico_double/double_v1_rom_shim.S.obj
                0x10004120                drsub_shim
                0x10004126                dsub_shim
 .text.dadd_shim
                0x10004130      0x15c CMakeFiles/pico-mouse.dir/C_/Program_Files/Raspberry_Pi/Pico_SDK_v1.5.0/pico-sdk/src/rp2_common/pico_double/double_v1_rom_shim.S.obj
                0x10004130                dadd_shim
 .text.dmul_shim
                0x1000428c      0x15c CMakeFiles/pico-mouse.dir/C_/Program_Files/Raspberry_Pi/Pico_SDK_v1.5.0/pico-sdk/src/rp2_common/pico_double/double_v1_rom_shim.S.obj
                0x1000428c                dmul_shim
 .text.ddiv_shim
                0x100043e8      0x1b0 CMakeFiles/pico-mouse.dir/C_/Program_Files/Raspberry_Pi/Pico_SDK_v1.5.0/pico-sdk/src/rp2_common/pico_double/double_v1_rom_shim.S.obj
                0x100043e8                ddiv_shim
 .text.double2uint_shim
                0x10004598        0xe CMakeFiles/pico-mouse.dir/C_/Program_Files/Raspberry_Pi/Pico_SDK_v1.5.0/pico-sdk/src/rp2_common/pico_double/double_v1_rom_shim.S.obj
                0x10004598                double2uint_shim
                0x1000459a                double2ufix_shim
 *fill*         0x100045a6        0x2 
 .text.double2uint64_shim
                0x100045a8       0x70 CMakeFiles/pico-mouse.dir/C_/Program_Files/Raspberry_Pi/Pico_SDK_v1.5.0/pico-sdk/src/rp2_common/pico_double/double_v1_rom_shim.S.obj
                0x100045a8                double2uint64_shim
                0x100045aa                double2ufix64_shim
                0x100045ca                d2fix_a
 .text.dunpacks
                0x10004618       0x3c CMakeFiles/pico-mouse.dir/C_/Program_Files/Raspberry_Pi/Pico_SDK_v1.5.0/pico-sdk/src/rp2_common/pico_double/double_v1_rom_shim.S.obj
                0x10004618                dunpacks
 .text.__aeabi_lmul
                0x10004654       0x32 CMakeFiles/pico-mouse.dir/C_/Program_Files/Raspberry_Pi/Pico_SDK_v1.5.0/pico-sdk/src/rp2_common/pico_int64_ops/pico_int64_ops_aeabi.S.obj
                0x10004654                __wrap___aeabi_lmul
 *fill*         0x10004686        0x2 
 .text.__aeabi_float_init
                0x10004688       0xfc CMakeFiles/pico-mouse.dir/C_/Program_Files/Raspberry_Pi/Pico_SDK_v1.5.0/pico-sdk/src/rp2_common/pico_float/float_init_rom.c.obj
                0x10004688                __aeabi_float_init
 .text.float_table_shim_on_use_helper
                0x10004784       0x34 CMakeFiles/pico-mouse.dir/C_/Program_Files/Raspberry_Pi/Pico_SDK_v1.5.0/pico-sdk/src/rp2_common/pico_float/float_v1_rom_shim.S.obj
                0x10004784                float_table_shim_on_use_helper
 .text          0x100047b8       0x10 CMakeFiles/pico-mouse.dir/C_/Program_Files/Raspberry_Pi/Pico_SDK_v1.5.0/pico-sdk/src/rp2_common/pico_mem_ops/mem_ops_aeabi.S.obj
                0x100047b8                __aeabi_mem_init
 .text.memset   0x100047c8        0xc CMakeFiles/pico-mouse.dir/C_/Program_Files/Raspberry_Pi/Pico_SDK_v1.5.0/pico-sdk/src/rp2_common/pico_mem_ops/mem_ops_aeabi.S.obj
                0x100047c8                __wrap_memset
 .text.memcpy   0x100047d4        0xc CMakeFiles/pico-mouse.dir/C_/Program_Files/Raspberry_Pi/Pico_SDK_v1.5.0/pico-sdk/src/rp2_common/pico_mem_ops/mem_ops_aeabi.S.obj
                0x100047d4                __wrap_memcpy
                0x100047d4                __wrap___aeabi_memcpy
 .text.stdio_out_chars_no_crlf
                0x100047e0        0xe CMakeFiles/pico-mouse.dir/C_/Program_Files/Raspberry_Pi/Pico_SDK_v1.5.0/pico-sdk/src/rp2_common/pico_stdio/stdio.c.obj
 *fill*         0x100047ee        0x2 
 .text.stdio_out_chars_crlf
                0x100047f0       0x80 CMakeFiles/pico-mouse.dir/C_/Program_Files/Raspberry_Pi/Pico_SDK_v1.5.0/pico-sdk/src/rp2_common/pico_stdio/stdio.c.obj
 .text.stdio_stack_buffer_flush
                0x10004870       0x44 CMakeFiles/pico-mouse.dir/C_/Program_Files/Raspberry_Pi/Pico_SDK_v1.5.0/pico-sdk/src/rp2_common/pico_stdio/stdio.c.obj
 .text.stdio_buffered_printer
                0x100048b4       0x20 CMakeFiles/pico-mouse.dir/C_/Program_Files/Raspberry_Pi/Pico_SDK_v1.5.0/pico-sdk/src/rp2_common/pico_stdio/stdio.c.obj
 .text.stdout_serialize_begin
                0x100048d4       0x5c CMakeFiles/pico-mouse.dir/C_/Program_Files/Raspberry_Pi/Pico_SDK_v1.5.0/pico-sdk/src/rp2_common/pico_stdio/stdio.c.obj
                0x100048d4                stdout_serialize_begin
 .text.stdout_serialize_end
                0x10004930       0x10 CMakeFiles/pico-mouse.dir/C_/Program_Files/Raspberry_Pi/Pico_SDK_v1.5.0/pico-sdk/src/rp2_common/pico_stdio/stdio.c.obj
                0x10004930                stdout_serialize_end
 .text.stdio_put_string
                0x10004940       0x98 CMakeFiles/pico-mouse.dir/C_/Program_Files/Raspberry_Pi/Pico_SDK_v1.5.0/pico-sdk/src/rp2_common/pico_stdio/stdio.c.obj
 .text.stdio_flush
                0x100049d8       0x20 CMakeFiles/pico-mouse.dir/C_/Program_Files/Raspberry_Pi/Pico_SDK_v1.5.0/pico-sdk/src/rp2_common/pico_stdio/stdio.c.obj
                0x100049d8                stdio_flush
 .text.__wrap_puts
                0x100049f8       0x1e CMakeFiles/pico-mouse.dir/C_/Program_Files/Raspberry_Pi/Pico_SDK_v1.5.0/pico-sdk/src/rp2_common/pico_stdio/stdio.c.obj
                0x100049f8                __wrap_puts
 *fill*         0x10004a16        0x2 
 .text.__wrap_vprintf
                0x10004a18       0x40 CMakeFiles/pico-mouse.dir/C_/Program_Files/Raspberry_Pi/Pico_SDK_v1.5.0/pico-sdk/src/rp2_common/pico_stdio/stdio.c.obj
                0x10004a18                __wrap_vprintf
 .text.__wrap_printf
                0x10004a58       0x18 CMakeFiles/pico-mouse.dir/C_/Program_Files/Raspberry_Pi/Pico_SDK_v1.5.0/pico-sdk/src/rp2_common/pico_stdio/stdio.c.obj
                0x10004a58                __wrap_printf
 .text.spi_set_baudrate
                0x10004a70       0x92 CMakeFiles/pico-mouse.dir/C_/Program_Files/Raspberry_Pi/Pico_SDK_v1.5.0/pico-sdk/src/rp2_common/hardware_spi/spi.c.obj
                0x10004a70                spi_set_baudrate
 *fill*         0x10004b02        0x2 
 .text.spi_init
                0x10004b04       0x68 CMakeFiles/pico-mouse.dir/C_/Program_Files/Raspberry_Pi/Pico_SDK_v1.5.0/pico-sdk/src/rp2_common/hardware_spi/spi.c.obj
                0x10004b04                spi_init
 .text.hw_endpoint_get_by_addr
                0x10004b6c       0x18 CMakeFiles/pico-mouse.dir/C_/Program_Files/Raspberry_Pi/Pico_SDK_v1.5.0/pico-sdk/lib/tinyusb/src/portable/raspberrypi/rp2040/dcd_rp2040.c.obj
 .text._hw_endpoint_alloc
                0x10004b84       0x70 CMakeFiles/pico-mouse.dir/C_/Program_Files/Raspberry_Pi/Pico_SDK_v1.5.0/pico-sdk/lib/tinyusb/src/portable/raspberrypi/rp2040/dcd_rp2040.c.obj
 .text.hw_endpoint_init
                0x10004bf4       0x88 CMakeFiles/pico-mouse.dir/C_/Program_Files/Raspberry_Pi/Pico_SDK_v1.5.0/pico-sdk/lib/tinyusb/src/portable/raspberrypi/rp2040/dcd_rp2040.c.obj
 .text.hw_endpoint_xfer
                0x10004c7c       0x14 CMakeFiles/pico-mouse.dir/C_/Program_Files/Raspberry_Pi/Pico_SDK_v1.5.0/pico-sdk/lib/tinyusb/src/portable/raspberrypi/rp2040/dcd_rp2040.c.obj
 .text.dcd_int_enable
                0x10004c90       0x2c CMakeFiles/pico-mouse.dir/C_/Program_Files/Raspberry_Pi/Pico_SDK_v1.5.0/pico-sdk/lib/tinyusb/src/portable/raspberrypi/rp2040/dcd_rp2040.c.obj
                0x10004c90                dcd_int_enable
 .text.dcd_set_address
                0x10004cbc       0x2c CMakeFiles/pico-mouse.dir/C_/Program_Files/Raspberry_Pi/Pico_SDK_v1.5.0/pico-sdk/lib/tinyusb/src/portable/raspberrypi/rp2040/dcd_rp2040.c.obj
                0x10004cbc                dcd_set_address
 .text.dcd_remote_wakeup
                0x10004ce8       0x38 CMakeFiles/pico-mouse.dir/C_/Program_Files/Raspberry_Pi/Pico_SDK_v1.5.0/pico-sdk/lib/tinyusb/src/portable/raspberrypi/rp2040/dcd_rp2040.c.obj
                0x10004ce8                dcd_remote_wakeup
 .text.dcd_connect
                0x10004d20       0x10 CMakeFiles/pico-mouse.dir/C_/Program_Files/Raspberry_Pi/Pico_SDK_v1.5.0/pico-sdk/lib/tinyusb/src/portable/raspberrypi/rp2040/dcd_rp2040.c.obj
                0x10004d20                dcd_connect
 .text.dcd_init
                0x10004d30       0x80 CMakeFiles/pico-mouse.dir/C_/Program_Files/Raspberry_Pi/Pico_SDK_v1.5.0/pico-sdk/lib/tinyusb/src/portable/raspberrypi/rp2040/dcd_rp2040.c.obj
                0x10004d30                dcd_init
 .text.dcd_edpt0_status_complete
                0x10004db0       0x1c CMakeFiles/pico-mouse.dir/C_/Program_Files/Raspberry_Pi/Pico_SDK_v1.5.0/pico-sdk/lib/tinyusb/src/portable/raspberrypi/rp2040/dcd_rp2040.c.obj
                0x10004db0                dcd_edpt0_status_complete
 .text.dcd_edpt_open
                0x10004dcc       0x40 CMakeFiles/pico-mouse.dir/C_/Program_Files/Raspberry_Pi/Pico_SDK_v1.5.0/pico-sdk/lib/tinyusb/src/portable/raspberrypi/rp2040/dcd_rp2040.c.obj
                0x10004dcc                dcd_edpt_open
 .text.dcd_edpt_close_all
                0x10004e0c        0x8 CMakeFiles/pico-mouse.dir/C_/Program_Files/Raspberry_Pi/Pico_SDK_v1.5.0/pico-sdk/lib/tinyusb/src/portable/raspberrypi/rp2040/dcd_rp2040.c.obj
                0x10004e0c                dcd_edpt_close_all
 .text.dcd_edpt_xfer
                0x10004e14       0x34 CMakeFiles/pico-mouse.dir/C_/Program_Files/Raspberry_Pi/Pico_SDK_v1.5.0/pico-sdk/lib/tinyusb/src/portable/raspberrypi/rp2040/dcd_rp2040.c.obj
                0x10004e14                dcd_edpt_xfer
 .text.dcd_edpt_stall
                0x10004e48       0x2c CMakeFiles/pico-mouse.dir/C_/Program_Files/Raspberry_Pi/Pico_SDK_v1.5.0/pico-sdk/lib/tinyusb/src/portable/raspberrypi/rp2040/dcd_rp2040.c.obj
                0x10004e48                dcd_edpt_stall
 .text.dcd_edpt_clear_stall
                0x10004e74       0x20 CMakeFiles/pico-mouse.dir/C_/Program_Files/Raspberry_Pi/Pico_SDK_v1.5.0/pico-sdk/lib/tinyusb/src/portable/raspberrypi/rp2040/dcd_rp2040.c.obj
                0x10004e74                dcd_edpt_clear_stall
 .text.rp2040_usb_init
                0x10004e94       0x4c CMakeFiles/pico-mouse.dir/C_/Program_Files/Raspberry_Pi/Pico_SDK_v1.5.0/pico-sdk/lib/tinyusb/src/portable/raspberrypi/rp2040/rp2040_usb.c.obj
                0x10004e94                rp2040_usb_init
 .text.hw_endpoint_xfer_start
                0x10004ee0       0x50 CMakeFiles/pico-mouse.dir/C_/Program_Files/Raspberry_Pi/Pico_SDK_v1.5.0/pico-sdk/lib/tinyusb/src/portable/raspberrypi/rp2040/rp2040_usb.c.obj
                0x10004ee0                hw_endpoint_xfer_start
 .text.configuration_reset
                0x10004f30       0x84 CMakeFiles/pico-mouse.dir/C_/Program_Files/Raspberry_Pi/Pico_SDK_v1.5.0/pico-sdk/lib/tinyusb/src/device/usbd.c.obj
 .text.usbd_reset
                0x10004fb4        0xc CMakeFiles/pico-mouse.dir/C_/Program_Files/Raspberry_Pi/Pico_SDK_v1.5.0/pico-sdk/lib/tinyusb/src/device/usbd.c.obj
 .text.invoke_class_control
                0x10004fc0       0x1a CMakeFiles/pico-mouse.dir/C_/Program_Files/Raspberry_Pi/Pico_SDK_v1.5.0/pico-sdk/lib/tinyusb/src/device/usbd.c.obj
 *fill*         0x10004fda        0x2 
 .text.process_set_config
                0x10004fdc      0x15c CMakeFiles/pico-mouse.dir/C_/Program_Files/Raspberry_Pi/Pico_SDK_v1.5.0/pico-sdk/lib/tinyusb/src/device/usbd.c.obj
 .text.process_get_descriptor
                0x10005138       0xdc CMakeFiles/pico-mouse.dir/C_/Program_Files/Raspberry_Pi/Pico_SDK_v1.5.0/pico-sdk/lib/tinyusb/src/device/usbd.c.obj
 .text.tud_mounted
                0x10005214       0x10 CMakeFiles/pico-mouse.dir/C_/Program_Files/Raspberry_Pi/Pico_SDK_v1.5.0/pico-sdk/lib/tinyusb/src/device/usbd.c.obj
                0x10005214                tud_mounted
 .text.tud_suspended
                0x10005224       0x10 CMakeFiles/pico-mouse.dir/C_/Program_Files/Raspberry_Pi/Pico_SDK_v1.5.0/pico-sdk/lib/tinyusb/src/device/usbd.c.obj
                0x10005224                tud_suspended
 .text.tud_remote_wakeup
                0x10005234       0x34 CMakeFiles/pico-mouse.dir/C_/Program_Files/Raspberry_Pi/Pico_SDK_v1.5.0/pico-sdk/lib/tinyusb/src/device/usbd.c.obj
                0x10005234                tud_remote_wakeup
 .text.tud_inited
                0x10005268       0x14 CMakeFiles/pico-mouse.dir/C_/Program_Files/Raspberry_Pi/Pico_SDK_v1.5.0/pico-sdk/lib/tinyusb/src/device/usbd.c.obj
                0x10005268                tud_inited
 .text.tud_init
                0x1000527c       0xcc CMakeFiles/pico-mouse.dir/C_/Program_Files/Raspberry_Pi/Pico_SDK_v1.5.0/pico-sdk/lib/tinyusb/src/device/usbd.c.obj
                0x1000527c                tud_init
 .text.usbd_edpt_open
                0x10005348       0x34 CMakeFiles/pico-mouse.dir/C_/Program_Files/Raspberry_Pi/Pico_SDK_v1.5.0/pico-sdk/lib/tinyusb/src/device/usbd.c.obj
                0x10005348                usbd_edpt_open
 .text.usbd_open_edpt_pair
                0x1000537c       0x62 CMakeFiles/pico-mouse.dir/C_/Program_Files/Raspberry_Pi/Pico_SDK_v1.5.0/pico-sdk/lib/tinyusb/src/device/usbd.c.obj
                0x1000537c                usbd_open_edpt_pair
 *fill*         0x100053de        0x2 
 .text.usbd_edpt_claim
                0x100053e0       0x28 CMakeFiles/pico-mouse.dir/C_/Program_Files/Raspberry_Pi/Pico_SDK_v1.5.0/pico-sdk/lib/tinyusb/src/device/usbd.c.obj
                0x100053e0                usbd_edpt_claim
 .text.usbd_edpt_xfer
                0x10005408       0x78 CMakeFiles/pico-mouse.dir/C_/Program_Files/Raspberry_Pi/Pico_SDK_v1.5.0/pico-sdk/lib/tinyusb/src/device/usbd.c.obj
                0x10005408                usbd_edpt_xfer
 .text.usbd_edpt_busy
                0x10005480       0x1c CMakeFiles/pico-mouse.dir/C_/Program_Files/Raspberry_Pi/Pico_SDK_v1.5.0/pico-sdk/lib/tinyusb/src/device/usbd.c.obj
                0x10005480                usbd_edpt_busy
 .text.usbd_edpt_stall
                0x1000549c       0x48 CMakeFiles/pico-mouse.dir/C_/Program_Files/Raspberry_Pi/Pico_SDK_v1.5.0/pico-sdk/lib/tinyusb/src/device/usbd.c.obj
                0x1000549c                usbd_edpt_stall
 .text.usbd_edpt_clear_stall
                0x100054e4       0x48 CMakeFiles/pico-mouse.dir/C_/Program_Files/Raspberry_Pi/Pico_SDK_v1.5.0/pico-sdk/lib/tinyusb/src/device/usbd.c.obj
                0x100054e4                usbd_edpt_clear_stall
 .text.usbd_edpt_stalled
                0x1000552c       0x1c CMakeFiles/pico-mouse.dir/C_/Program_Files/Raspberry_Pi/Pico_SDK_v1.5.0/pico-sdk/lib/tinyusb/src/device/usbd.c.obj
                0x1000552c                usbd_edpt_stalled
 .text.process_control_request
                0x10005548      0x37c CMakeFiles/pico-mouse.dir/C_/Program_Files/Raspberry_Pi/Pico_SDK_v1.5.0/pico-sdk/lib/tinyusb/src/device/usbd.c.obj
 .text.tud_task_ext
                0x100058c4      0x1b4 CMakeFiles/pico-mouse.dir/C_/Program_Files/Raspberry_Pi/Pico_SDK_v1.5.0/pico-sdk/lib/tinyusb/src/device/usbd.c.obj
                0x100058c4                tud_task_ext
 .text._data_stage_xact
                0x10005a78       0x58 CMakeFiles/pico-mouse.dir/C_/Program_Files/Raspberry_Pi/Pico_SDK_v1.5.0/pico-sdk/lib/tinyusb/src/device/usbd_control.c.obj
 .text.tud_control_status
                0x10005ad0       0x38 CMakeFiles/pico-mouse.dir/C_/Program_Files/Raspberry_Pi/Pico_SDK_v1.5.0/pico-sdk/lib/tinyusb/src/device/usbd_control.c.obj
                0x10005ad0                tud_control_status
 .text.tud_control_xfer
                0x10005b08       0x74 CMakeFiles/pico-mouse.dir/C_/Program_Files/Raspberry_Pi/Pico_SDK_v1.5.0/pico-sdk/lib/tinyusb/src/device/usbd_control.c.obj
                0x10005b08                tud_control_xfer
 .text.usbd_control_reset
                0x10005b7c       0x14 CMakeFiles/pico-mouse.dir/C_/Program_Files/Raspberry_Pi/Pico_SDK_v1.5.0/pico-sdk/lib/tinyusb/src/device/usbd_control.c.obj
                0x10005b7c                usbd_control_reset
 .text.usbd_control_set_complete_callback
                0x10005b90        0xc CMakeFiles/pico-mouse.dir/C_/Program_Files/Raspberry_Pi/Pico_SDK_v1.5.0/pico-sdk/lib/tinyusb/src/device/usbd_control.c.obj
                0x10005b90                usbd_control_set_complete_callback
 .text.usbd_control_set_request
                0x10005b9c       0x1c CMakeFiles/pico-mouse.dir/C_/Program_Files/Raspberry_Pi/Pico_SDK_v1.5.0/pico-sdk/lib/tinyusb/src/device/usbd_control.c.obj
                0x10005b9c                usbd_control_set_request
 .text.usbd_control_xfer_cb
                0x10005bb8       0xcc CMakeFiles/pico-mouse.dir/C_/Program_Files/Raspberry_Pi/Pico_SDK_v1.5.0/pico-sdk/lib/tinyusb/src/device/usbd_control.c.obj
                0x10005bb8                usbd_control_xfer_cb
 .text.tud_hid_n_ready
                0x10005c84       0x50 CMakeFiles/pico-mouse.dir/C_/Program_Files/Raspberry_Pi/Pico_SDK_v1.5.0/pico-sdk/lib/tinyusb/src/class/hid/hid_device.c.obj
                0x10005c84                tud_hid_n_ready
 .text.tud_hid_n_report
                0x10005cd4       0x84 CMakeFiles/pico-mouse.dir/C_/Program_Files/Raspberry_Pi/Pico_SDK_v1.5.0/pico-sdk/lib/tinyusb/src/class/hid/hid_device.c.obj
                0x10005cd4                tud_hid_n_report
 .text.tud_hid_n_mouse_report
                0x10005d58       0x2e CMakeFiles/pico-mouse.dir/C_/Program_Files/Raspberry_Pi/Pico_SDK_v1.5.0/pico-sdk/lib/tinyusb/src/class/hid/hid_device.c.obj
                0x10005d58                tud_hid_n_mouse_report
 *fill*         0x10005d86        0x2 
 .text.hidd_reset
                0x10005d88       0x14 CMakeFiles/pico-mouse.dir/C_/Program_Files/Raspberry_Pi/Pico_SDK_v1.5.0/pico-sdk/lib/tinyusb/src/class/hid/hid_device.c.obj
                0x10005d88                hidd_reset
 .text.hidd_init
                0x10005d9c        0xa CMakeFiles/pico-mouse.dir/C_/Program_Files/Raspberry_Pi/Pico_SDK_v1.5.0/pico-sdk/lib/tinyusb/src/class/hid/hid_device.c.obj
                0x10005d9c                hidd_init
 *fill*         0x10005da6        0x2 
 .text.hidd_open
                0x10005da8       0xbc CMakeFiles/pico-mouse.dir/C_/Program_Files/Raspberry_Pi/Pico_SDK_v1.5.0/pico-sdk/lib/tinyusb/src/class/hid/hid_device.c.obj
                0x10005da8                hidd_open
 .text.hidd_control_xfer_cb
                0x10005e64      0x278 CMakeFiles/pico-mouse.dir/C_/Program_Files/Raspberry_Pi/Pico_SDK_v1.5.0/pico-sdk/lib/tinyusb/src/class/hid/hid_device.c.obj
                0x10005e64                hidd_control_xfer_cb
 .text.hidd_xfer_cb
                0x100060dc       0x84 CMakeFiles/pico-mouse.dir/C_/Program_Files/Raspberry_Pi/Pico_SDK_v1.5.0/pico-sdk/lib/tinyusb/src/class/hid/hid_device.c.obj
                0x100060dc                hidd_xfer_cb
 .text.tusb_init
                0x10006160        0xa CMakeFiles/pico-mouse.dir/C_/Program_Files/Raspberry_Pi/Pico_SDK_v1.5.0/pico-sdk/lib/tinyusb/src/tusb.c.obj
                0x10006160                tusb_init
 .text.tusb_inited
                0x1000616a        0xe CMakeFiles/pico-mouse.dir/C_/Program_Files/Raspberry_Pi/Pico_SDK_v1.5.0/pico-sdk/lib/tinyusb/src/tusb.c.obj
                0x1000616a                tusb_inited
 .text.tu_edpt_claim
                0x10006178       0x50 CMakeFiles/pico-mouse.dir/C_/Program_Files/Raspberry_Pi/Pico_SDK_v1.5.0/pico-sdk/lib/tinyusb/src/tusb.c.obj
                0x10006178                tu_edpt_claim
 .text.tu_edpt_validate
                0x100061c8       0x78 CMakeFiles/pico-mouse.dir/C_/Program_Files/Raspberry_Pi/Pico_SDK_v1.5.0/pico-sdk/lib/tinyusb/src/tusb.c.obj
                0x100061c8                tu_edpt_validate
 .text.tu_edpt_bind_driver
                0x10006240       0x26 CMakeFiles/pico-mouse.dir/C_/Program_Files/Raspberry_Pi/Pico_SDK_v1.5.0/pico-sdk/lib/tinyusb/src/tusb.c.obj
                0x10006240                tu_edpt_bind_driver
 .text.advance_index
                0x10006266       0x1a CMakeFiles/pico-mouse.dir/C_/Program_Files/Raspberry_Pi/Pico_SDK_v1.5.0/pico-sdk/lib/tinyusb/src/common/tusb_fifo.c.obj
 .text._tu_fifo_peek
                0x10006280       0x56 CMakeFiles/pico-mouse.dir/C_/Program_Files/Raspberry_Pi/Pico_SDK_v1.5.0/pico-sdk/lib/tinyusb/src/common/tusb_fifo.c.obj
 .text.tu_fifo_full
                0x100062d6       0x28 CMakeFiles/pico-mouse.dir/C_/Program_Files/Raspberry_Pi/Pico_SDK_v1.5.0/pico-sdk/lib/tinyusb/src/common/tusb_fifo.c.obj
                0x100062d6                tu_fifo_full
 .text.tu_fifo_read
                0x100062fe       0x42 CMakeFiles/pico-mouse.dir/C_/Program_Files/Raspberry_Pi/Pico_SDK_v1.5.0/pico-sdk/lib/tinyusb/src/common/tusb_fifo.c.obj
                0x100062fe                tu_fifo_read
 .text.tu_fifo_write
                0x10006340       0x64 CMakeFiles/pico-mouse.dir/C_/Program_Files/Raspberry_Pi/Pico_SDK_v1.5.0/pico-sdk/lib/tinyusb/src/common/tusb_fifo.c.obj
                0x10006340                tu_fifo_write
 .text.tu_fifo_clear
                0x100063a4       0x3e CMakeFiles/pico-mouse.dir/C_/Program_Files/Raspberry_Pi/Pico_SDK_v1.5.0/pico-sdk/lib/tinyusb/src/common/tusb_fifo.c.obj
                0x100063a4                tu_fifo_clear
 *fill*         0x100063e2        0x2 
 .text.strlen   0x100063e4       0x5c c:/progra~1/raspbe~1/picosd~1.0/gcc-ar~1/bin/../lib/gcc/arm-none-eabi/10.3.1/../../../../arm-none-eabi/lib/thumb/v6-m/nofp\libg.a(lib_a-strlen-stub.o)
                0x100063e4                strlen
 *(.fini)
 .fini          0x10006440        0x4 c:/progra~1/raspbe~1/picosd~1.0/gcc-ar~1/bin/../lib/gcc/arm-none-eabi/10.3.1/thumb/v6-m/nofp/crti.o
                0x10006440                _fini
 *fill*         0x10006444        0x4 
 .fini.__stub   0x10006448       0xd0 linker stubs
 *crtbegin.o(.ctors)
 *crtbegin?.o(.ctors)
 *(EXCLUDE_FILE(*crtend.o *crtend?.o) .ctors)
 *(SORT_BY_NAME(.ctors.*))
 *(.ctors)
 *crtbegin.o(.dtors)
 *crtbegin?.o(.dtors)
 *(EXCLUDE_FILE(*crtend.o *crtend?.o) .dtors)
 *(SORT_BY_NAME(.dtors.*))
 *(.dtors)
 *(.eh_frame*)
 .eh_frame      0x10006518        0x0 c:/progra~1/raspbe~1/picosd~1.0/gcc-ar~1/bin/../lib/gcc/arm-none-eabi/10.3.1/thumb/v6-m/nofp/crtbegin.o
                0x10006518                . = ALIGN (0x4)

.glue_7         0x10006518        0x0
 .glue_7        0x10006518        0x0 linker stubs

.glue_7t        0x10006518        0x0
 .glue_7t       0x10006518        0x0 linker stubs

.vfp11_veneer   0x10006518        0x0
 .vfp11_veneer  0x10006518        0x0 linker stubs

.v4_bx          0x10006518        0x0
 .v4_bx         0x10006518        0x0 linker stubs

.iplt           0x10006518        0x0
 .iplt          0x10006518        0x0 c:/progra~1/raspbe~1/picosd~1.0/gcc-ar~1/bin/../lib/gcc/arm-none-eabi/10.3.1/thumb/v6-m/nofp/crtbegin.o

.rodata         0x10006518     0x24a4
 *(EXCLUDE_FILE(*libm.a: *libc.a:*lib_a-mem*.o *libgcc.a:) .rodata*)
 .rodata.buttons_getMask.str1.4
                0x10006518       0x7d CMakeFiles/pico-mouse.dir/main.c.obj
 *fill*         0x10006595        0x3 
 .rodata.__func__.2
                0x10006598       0x15 CMakeFiles/pico-mouse.dir/main.c.obj
 *fill*         0x100065ad        0x3 
 .rodata.str1.4
                0x100065b0       0x1f CMakeFiles/pico-mouse.dir/usb_descriptors.c.obj
 *fill*         0x100065cf        0x1 
 .rodata.__compound_literal.0
                0x100065d0        0x2 CMakeFiles/pico-mouse.dir/usb_descriptors.c.obj
 *fill*         0x100065d2        0x2 
 .rodata.desc_configuration
                0x100065d4       0x22 CMakeFiles/pico-mouse.dir/usb_descriptors.c.obj
                0x100065d4                desc_configuration
 *fill*         0x100065f6        0x2 
 .rodata.desc_device
                0x100065f8       0x12 CMakeFiles/pico-mouse.dir/usb_descriptors.c.obj
                0x100065f8                desc_device
 *fill*         0x1000660a        0x2 
 .rodata.desc_hid_report
                0x1000660c       0x4f CMakeFiles/pico-mouse.dir/usb_descriptors.c.obj
                0x1000660c                desc_hid_report
 *fill*         0x1000665b        0x1 
 .rodata.PMW3360_firmware
                0x1000665c      0xffe CMakeFiles/pico-mouse.dir/C_/Users/Brent/Documents/GitHub/PMW3360-Firmware/src/PMW3360.c.obj
 *fill*         0x1000765a        0x2 
 .rodata.spin_lock_claim_unused.str1.4
                0x1000765c       0x1b CMakeFiles/pico-mouse.dir/C_/Program_Files/Raspberry_Pi/Pico_SDK_v1.5.0/pico-sdk/src/rp2_common/hardware_sync/sync.c.obj
 *fill*         0x10007677        0x1 
 .rodata.make_branch.str1.4
                0x10007678       0x89 CMakeFiles/pico-mouse.dir/C_/Program_Files/Raspberry_Pi/Pico_SDK_v1.5.0/pico-sdk/src/rp2_common/hardware_irq/irq.c.obj
 *fill*         0x10007701        0x3 
 .rodata.insert_branch_and_link.str1.4
                0x10007704       0x10 CMakeFiles/pico-mouse.dir/C_/Program_Files/Raspberry_Pi/Pico_SDK_v1.5.0/pico-sdk/src/rp2_common/hardware_irq/irq.c.obj
 .rodata.irq_set_exclusive_handler.str1.4
                0x10007714       0x36 CMakeFiles/pico-mouse.dir/C_/Program_Files/Raspberry_Pi/Pico_SDK_v1.5.0/pico-sdk/src/rp2_common/hardware_irq/irq.c.obj
 *fill*         0x1000774a        0x2 
 .rodata.irq_add_shared_handler.str1.4
                0x1000774c       0xd9 CMakeFiles/pico-mouse.dir/C_/Program_Files/Raspberry_Pi/Pico_SDK_v1.5.0/pico-sdk/src/rp2_common/hardware_irq/irq.c.obj
 *fill*         0x10007825        0x3 
 .rodata.irq_remove_handler.str1.4
                0x10007828       0x3a CMakeFiles/pico-mouse.dir/C_/Program_Files/Raspberry_Pi/Pico_SDK_v1.5.0/pico-sdk/src/rp2_common/hardware_irq/irq.c.obj
 *fill*         0x10007862        0x2 
 .rodata.irq_add_tail_to_free_list.str1.4
                0x10007864       0x3a CMakeFiles/pico-mouse.dir/C_/Program_Files/Raspberry_Pi/Pico_SDK_v1.5.0/pico-sdk/src/rp2_common/hardware_irq/irq.c.obj
 *fill*         0x1000789e        0x2 
 .rodata.__func__.0
                0x100078a0       0x1a CMakeFiles/pico-mouse.dir/C_/Program_Files/Raspberry_Pi/Pico_SDK_v1.5.0/pico-sdk/src/rp2_common/hardware_irq/irq.c.obj
 *fill*         0x100078ba        0x2 
 .rodata.__func__.1
                0x100078bc       0x17 CMakeFiles/pico-mouse.dir/C_/Program_Files/Raspberry_Pi/Pico_SDK_v1.5.0/pico-sdk/src/rp2_common/hardware_irq/irq.c.obj
 *fill*         0x100078d3        0x1 
 .rodata.__func__.2
                0x100078d4       0x13 CMakeFiles/pico-mouse.dir/C_/Program_Files/Raspberry_Pi/Pico_SDK_v1.5.0/pico-sdk/src/rp2_common/hardware_irq/irq.c.obj
 *fill*         0x100078e7        0x1 
 .rodata.__func__.3
                0x100078e8        0xc CMakeFiles/pico-mouse.dir/C_/Program_Files/Raspberry_Pi/Pico_SDK_v1.5.0/pico-sdk/src/rp2_common/hardware_irq/irq.c.obj
 .rodata.__func__.4
                0x100078f4        0xf CMakeFiles/pico-mouse.dir/C_/Program_Files/Raspberry_Pi/Pico_SDK_v1.5.0/pico-sdk/src/rp2_common/hardware_irq/irq.c.obj
 *fill*         0x10007903        0x1 
 .rodata.__func__.5
                0x10007904       0x17 CMakeFiles/pico-mouse.dir/C_/Program_Files/Raspberry_Pi/Pico_SDK_v1.5.0/pico-sdk/src/rp2_common/hardware_irq/irq.c.obj
 *fill*         0x1000791b        0x1 
 .rodata.__func__.6
                0x1000791c       0x1a CMakeFiles/pico-mouse.dir/C_/Program_Files/Raspberry_Pi/Pico_SDK_v1.5.0/pico-sdk/src/rp2_common/hardware_irq/irq.c.obj
 *fill*         0x10007936        0x2 
 .rodata.str1.4
                0x10007938       0xa5 CMakeFiles/pico-mouse.dir/C_/Program_Files/Raspberry_Pi/Pico_SDK_v1.5.0/pico-sdk/src/common/pico_sync/mutex.c.obj
                                0x125 (size before relaxing)
 *fill*         0x100079dd        0x3 
 .rodata.__func__.1
                0x100079e0        0xb CMakeFiles/pico-mouse.dir/C_/Program_Files/Raspberry_Pi/Pico_SDK_v1.5.0/pico-sdk/src/common/pico_sync/mutex.c.obj
 *fill*         0x100079eb        0x1 
 .rodata.__func__.3
                0x100079ec       0x18 CMakeFiles/pico-mouse.dir/C_/Program_Files/Raspberry_Pi/Pico_SDK_v1.5.0/pico-sdk/src/common/pico_sync/mutex.c.obj
 .rodata.__func__.4
                0x10007a04       0x15 CMakeFiles/pico-mouse.dir/C_/Program_Files/Raspberry_Pi/Pico_SDK_v1.5.0/pico-sdk/src/common/pico_sync/mutex.c.obj
 *fill*         0x10007a19        0x3 
 .rodata.repeating_timer_callback.str1.4
                0x10007a1c       0x67 CMakeFiles/pico-mouse.dir/C_/Program_Files/Raspberry_Pi/Pico_SDK_v1.5.0/pico-sdk/src/common/pico_time/time.c.obj
 *fill*         0x10007a83        0x1 
 .rodata.timer_pool_entry_comparator.str1.4
                0x10007a84       0x22 CMakeFiles/pico-mouse.dir/C_/Program_Files/Raspberry_Pi/Pico_SDK_v1.5.0/pico-sdk/src/common/pico_time/time.c.obj
 *fill*         0x10007aa6        0x2 
 .rodata.ph_add_child_node.str1.4
                0x10007aa8       0xb2 CMakeFiles/pico-mouse.dir/C_/Program_Files/Raspberry_Pi/Pico_SDK_v1.5.0/pico-sdk/src/common/pico_time/time.c.obj
 *fill*         0x10007b5a        0x2 
 .rodata.add_alarm_under_lock.str1.4
                0x10007b5c       0x28 CMakeFiles/pico-mouse.dir/C_/Program_Files/Raspberry_Pi/Pico_SDK_v1.5.0/pico-sdk/src/common/pico_time/time.c.obj
                                 0x2b (size before relaxing)
 .rodata.alarm_pool_alarm_callback.str1.4
                0x10007b84       0x98 CMakeFiles/pico-mouse.dir/C_/Program_Files/Raspberry_Pi/Pico_SDK_v1.5.0/pico-sdk/src/common/pico_time/time.c.obj
                                0x118 (size before relaxing)
 .rodata.alarm_pool_get_default.str1.4
                0x10007c1c       0x21 CMakeFiles/pico-mouse.dir/C_/Program_Files/Raspberry_Pi/Pico_SDK_v1.5.0/pico-sdk/src/common/pico_time/time.c.obj
 *fill*         0x10007c3d        0x3 
 .rodata.alarm_pool_cancel_alarm.str1.4
                0x10007c40       0x27 CMakeFiles/pico-mouse.dir/C_/Program_Files/Raspberry_Pi/Pico_SDK_v1.5.0/pico-sdk/src/common/pico_time/time.c.obj
 *fill*         0x10007c67        0x1 
 .rodata.sleep_until.str1.4
                0x10007c68       0x4d CMakeFiles/pico-mouse.dir/C_/Program_Files/Raspberry_Pi/Pico_SDK_v1.5.0/pico-sdk/src/common/pico_time/time.c.obj
 *fill*         0x10007cb5        0x3 
 .rodata.__func__.1
                0x10007cb8       0x18 CMakeFiles/pico-mouse.dir/C_/Program_Files/Raspberry_Pi/Pico_SDK_v1.5.0/pico-sdk/src/common/pico_time/time.c.obj
 .rodata.__func__.10
                0x10007cd0       0x15 CMakeFiles/pico-mouse.dir/C_/Program_Files/Raspberry_Pi/Pico_SDK_v1.5.0/pico-sdk/src/common/pico_time/time.c.obj
 *fill*         0x10007ce5        0x3 
 .rodata.__func__.11
                0x10007ce8       0x1a CMakeFiles/pico-mouse.dir/C_/Program_Files/Raspberry_Pi/Pico_SDK_v1.5.0/pico-sdk/src/common/pico_time/time.c.obj
 *fill*         0x10007d02        0x2 
 .rodata.__func__.12
                0x10007d04        0xa CMakeFiles/pico-mouse.dir/C_/Program_Files/Raspberry_Pi/Pico_SDK_v1.5.0/pico-sdk/src/common/pico_time/time.c.obj
 *fill*         0x10007d0e        0x2 
 .rodata.__func__.3
                0x10007d10       0x17 CMakeFiles/pico-mouse.dir/C_/Program_Files/Raspberry_Pi/Pico_SDK_v1.5.0/pico-sdk/src/common/pico_time/time.c.obj
 *fill*         0x10007d27        0x1 
 .rodata.__func__.4
                0x10007d28       0x12 CMakeFiles/pico-mouse.dir/C_/Program_Files/Raspberry_Pi/Pico_SDK_v1.5.0/pico-sdk/src/common/pico_time/time.c.obj
 *fill*         0x10007d3a        0x2 
 .rodata.__func__.5
                0x10007d3c        0xd CMakeFiles/pico-mouse.dir/C_/Program_Files/Raspberry_Pi/Pico_SDK_v1.5.0/pico-sdk/src/common/pico_time/time.c.obj
 *fill*         0x10007d49        0x3 
 .rodata.__func__.6
                0x10007d4c       0x12 CMakeFiles/pico-mouse.dir/C_/Program_Files/Raspberry_Pi/Pico_SDK_v1.5.0/pico-sdk/src/common/pico_time/time.c.obj
 *fill*         0x10007d5e        0x2 
 .rodata.__func__.7
                0x10007d60        0xf CMakeFiles/pico-mouse.dir/C_/Program_Files/Raspberry_Pi/Pico_SDK_v1.5.0/pico-sdk/src/common/pico_time/time.c.obj
 *fill*         0x10007d6f        0x1 
 .rodata.__func__.8
                0x10007d70        0xc CMakeFiles/pico-mouse.dir/C_/Program_Files/Raspberry_Pi/Pico_SDK_v1.5.0/pico-sdk/src/common/pico_time/time.c.obj
 .rodata.__func__.9
                0x10007d7c       0x15 CMakeFiles/pico-mouse.dir/C_/Program_Files/Raspberry_Pi/Pico_SDK_v1.5.0/pico-sdk/src/common/pico_time/time.c.obj
 *fill*         0x10007d91        0x3 
 .rodata.hardware_alarm_claim.str1.4
                0x10007d94       0x22 CMakeFiles/pico-mouse.dir/C_/Program_Files/Raspberry_Pi/Pico_SDK_v1.5.0/pico-sdk/src/rp2_common/hardware_timer/timer.c.obj
 *fill*         0x10007db6        0x2 
 .rodata.hardware_alarm_set_target.str1.4
                0x10007db8       0x81 CMakeFiles/pico-mouse.dir/C_/Program_Files/Raspberry_Pi/Pico_SDK_v1.5.0/pico-sdk/src/rp2_common/hardware_timer/timer.c.obj
 *fill*         0x10007e39        0x3 
 .rodata.__func__.0
                0x10007e3c       0x1a CMakeFiles/pico-mouse.dir/C_/Program_Files/Raspberry_Pi/Pico_SDK_v1.5.0/pico-sdk/src/rp2_common/hardware_timer/timer.c.obj
 .rodata.ph_add_child_node.str1.4
                0x10007e56       0xb2 CMakeFiles/pico-mouse.dir/C_/Program_Files/Raspberry_Pi/Pico_SDK_v1.5.0/pico-sdk/src/common/pico_util/pheap.c.obj
 *fill*         0x10007e56        0x2 
 .rodata.ph_remove_any_head.str1.4
                0x10007e58       0xa8 CMakeFiles/pico-mouse.dir/C_/Program_Files/Raspberry_Pi/Pico_SDK_v1.5.0/pico-sdk/src/common/pico_util/pheap.c.obj
                                 0xbc (size before relaxing)
 .rodata.ph_remove_and_free_node.str1.4
                0x10007f00       0x1e CMakeFiles/pico-mouse.dir/C_/Program_Files/Raspberry_Pi/Pico_SDK_v1.5.0/pico-sdk/src/common/pico_util/pheap.c.obj
                                 0x26 (size before relaxing)
 *fill*         0x10007f1e        0x2 
 .rodata.__func__.0
                0x10007f20       0x18 CMakeFiles/pico-mouse.dir/C_/Program_Files/Raspberry_Pi/Pico_SDK_v1.5.0/pico-sdk/src/common/pico_util/pheap.c.obj
 .rodata.__func__.1
                0x10007f38       0x13 CMakeFiles/pico-mouse.dir/C_/Program_Files/Raspberry_Pi/Pico_SDK_v1.5.0/pico-sdk/src/common/pico_util/pheap.c.obj
 *fill*         0x10007f4b        0x1 
 .rodata.__func__.2
                0x10007f4c       0x12 CMakeFiles/pico-mouse.dir/C_/Program_Files/Raspberry_Pi/Pico_SDK_v1.5.0/pico-sdk/src/common/pico_util/pheap.c.obj
 *fill*         0x10007f5e        0x2 
 .rodata.__func__.3
                0x10007f60        0xc CMakeFiles/pico-mouse.dir/C_/Program_Files/Raspberry_Pi/Pico_SDK_v1.5.0/pico-sdk/src/common/pico_util/pheap.c.obj
 .rodata.clock_configure.str1.4
                0x10007f6c       0x73 CMakeFiles/pico-mouse.dir/C_/Program_Files/Raspberry_Pi/Pico_SDK_v1.5.0/pico-sdk/src/rp2_common/hardware_clocks/clocks.c.obj
 *fill*         0x10007fdf        0x1 
 .rodata.__func__.1
                0x10007fe0       0x10 CMakeFiles/pico-mouse.dir/C_/Program_Files/Raspberry_Pi/Pico_SDK_v1.5.0/pico-sdk/src/rp2_common/hardware_clocks/clocks.c.obj
 .rodata.pll_init.str1.4
                0x10007ff0      0x13f CMakeFiles/pico-mouse.dir/C_/Program_Files/Raspberry_Pi/Pico_SDK_v1.5.0/pico-sdk/src/rp2_common/hardware_pll/pll.c.obj
 *fill*         0x1000812f        0x1 
 .rodata.__func__.0
                0x10008130        0x9 CMakeFiles/pico-mouse.dir/C_/Program_Files/Raspberry_Pi/Pico_SDK_v1.5.0/pico-sdk/src/rp2_common/hardware_pll/pll.c.obj
 *fill*         0x10008139        0x3 
 .rodata.__assert_func.str1.4
                0x1000813c       0x3f CMakeFiles/pico-mouse.dir/C_/Program_Files/Raspberry_Pi/Pico_SDK_v1.5.0/pico-sdk/src/rp2_common/pico_runtime/runtime.c.obj
                                 0x43 (size before relaxing)
 *fill*         0x1000817b        0x1 
 .rodata.runtime_init.str1.4
                0x1000817c       0x7d CMakeFiles/pico-mouse.dir/C_/Program_Files/Raspberry_Pi/Pico_SDK_v1.5.0/pico-sdk/src/rp2_common/pico_runtime/runtime.c.obj
 *fill*         0x100081f9        0x3 
 .rodata.panic.str1.4
                0x100081fc       0x12 CMakeFiles/pico-mouse.dir/C_/Program_Files/Raspberry_Pi/Pico_SDK_v1.5.0/pico-sdk/src/rp2_common/pico_runtime/runtime.c.obj
 *fill*         0x1000820e        0x2 
 .rodata.__func__.2
                0x10008210        0xd CMakeFiles/pico-mouse.dir/C_/Program_Files/Raspberry_Pi/Pico_SDK_v1.5.0/pico-sdk/src/rp2_common/pico_runtime/runtime.c.obj
 *fill*         0x1000821d        0x3 
 .rodata._ftoa.str1.4
                0x10008220       0x15 CMakeFiles/pico-mouse.dir/C_/Program_Files/Raspberry_Pi/Pico_SDK_v1.5.0/pico-sdk/src/rp2_common/pico_printf/printf.c.obj
 *fill*         0x10008235        0x3 
 .rodata._vsnprintf
                0x10008238      0x1e0 CMakeFiles/pico-mouse.dir/C_/Program_Files/Raspberry_Pi/Pico_SDK_v1.5.0/pico-sdk/src/rp2_common/pico_printf/printf.c.obj
 .rodata.pow10.0
                0x10008418       0x50 CMakeFiles/pico-mouse.dir/C_/Program_Files/Raspberry_Pi/Pico_SDK_v1.5.0/pico-sdk/src/rp2_common/pico_printf/printf.c.obj
 .rodata.__aeabi_double_init.str1.4
                0x10008468       0xc4 CMakeFiles/pico-mouse.dir/C_/Program_Files/Raspberry_Pi/Pico_SDK_v1.5.0/pico-sdk/src/rp2_common/pico_double/double_init_rom.c.obj
 .rodata.__func__.0
                0x1000852c       0x14 CMakeFiles/pico-mouse.dir/C_/Program_Files/Raspberry_Pi/Pico_SDK_v1.5.0/pico-sdk/src/rp2_common/pico_double/double_init_rom.c.obj
 .rodata.__aeabi_float_init.str1.4
                0x10008540       0x96 CMakeFiles/pico-mouse.dir/C_/Program_Files/Raspberry_Pi/Pico_SDK_v1.5.0/pico-sdk/src/rp2_common/pico_float/float_init_rom.c.obj
                                 0x9a (size before relaxing)
 *fill*         0x100085d6        0x2 
 .rodata.__func__.0
                0x100085d8       0x13 CMakeFiles/pico-mouse.dir/C_/Program_Files/Raspberry_Pi/Pico_SDK_v1.5.0/pico-sdk/src/rp2_common/pico_float/float_init_rom.c.obj
 *fill*         0x100085eb        0x1 
 .rodata.str1.4
                0x100085ec       0x40 CMakeFiles/pico-mouse.dir/C_/Program_Files/Raspberry_Pi/Pico_SDK_v1.5.0/pico-sdk/src/rp2_common/pico_standard_link/binary_info.c.obj
 .rodata.__bi_44
                0x1000862c        0xc CMakeFiles/pico-mouse.dir/C_/Program_Files/Raspberry_Pi/Pico_SDK_v1.5.0/pico-sdk/src/rp2_common/pico_standard_link/binary_info.c.obj
 .rodata.__bi_75
                0x10008638        0xc CMakeFiles/pico-mouse.dir/C_/Program_Files/Raspberry_Pi/Pico_SDK_v1.5.0/pico-sdk/src/rp2_common/pico_standard_link/binary_info.c.obj
 .rodata.__bi_81
                0x10008644        0xc CMakeFiles/pico-mouse.dir/C_/Program_Files/Raspberry_Pi/Pico_SDK_v1.5.0/pico-sdk/src/rp2_common/pico_standard_link/binary_info.c.obj
 .rodata.stdout_serialize_begin.str1.4
                0x10008650       0x7d CMakeFiles/pico-mouse.dir/C_/Program_Files/Raspberry_Pi/Pico_SDK_v1.5.0/pico-sdk/src/rp2_common/pico_stdio/stdio.c.obj
 .rodata.__func__.3
                0x10008650       0x15 CMakeFiles/pico-mouse.dir/C_/Program_Files/Raspberry_Pi/Pico_SDK_v1.5.0/pico-sdk/src/rp2_common/pico_stdio/stdio.c.obj
 *fill*         0x10008665        0x3 
 .rodata.crlf_str.2
                0x10008668        0x2 CMakeFiles/pico-mouse.dir/C_/Program_Files/Raspberry_Pi/Pico_SDK_v1.5.0/pico-sdk/src/rp2_common/pico_stdio/stdio.c.obj
 *fill*         0x1000866a        0x2 
 .rodata._hw_endpoint_alloc.str1.4
                0x1000866c       0xd1 CMakeFiles/pico-mouse.dir/C_/Program_Files/Raspberry_Pi/Pico_SDK_v1.5.0/pico-sdk/lib/tinyusb/src/portable/raspberrypi/rp2040/dcd_rp2040.c.obj
 *fill*         0x1000873d        0x3 
 .rodata.str1.4
                0x10008740       0x14 CMakeFiles/pico-mouse.dir/C_/Program_Files/Raspberry_Pi/Pico_SDK_v1.5.0/pico-sdk/lib/tinyusb/src/portable/raspberrypi/rp2040/dcd_rp2040.c.obj
 .rodata.dcd_int_enable.str1.4
                0x10008754        0xc CMakeFiles/pico-mouse.dir/C_/Program_Files/Raspberry_Pi/Pico_SDK_v1.5.0/pico-sdk/lib/tinyusb/src/portable/raspberrypi/rp2040/dcd_rp2040.c.obj
 .rodata.__func__.0
                0x10008760        0xe CMakeFiles/pico-mouse.dir/C_/Program_Files/Raspberry_Pi/Pico_SDK_v1.5.0/pico-sdk/lib/tinyusb/src/portable/raspberrypi/rp2040/dcd_rp2040.c.obj
 *fill*         0x1000876e        0x2 
 .rodata.__func__.1
                0x10008770        0xe CMakeFiles/pico-mouse.dir/C_/Program_Files/Raspberry_Pi/Pico_SDK_v1.5.0/pico-sdk/lib/tinyusb/src/portable/raspberrypi/rp2040/dcd_rp2040.c.obj
 *fill*         0x1000877e        0x2 
 .rodata.__func__.2
                0x10008780       0x12 CMakeFiles/pico-mouse.dir/C_/Program_Files/Raspberry_Pi/Pico_SDK_v1.5.0/pico-sdk/lib/tinyusb/src/portable/raspberrypi/rp2040/dcd_rp2040.c.obj
 *fill*         0x10008792        0x2 
 .rodata.__func__.3
                0x10008794       0x10 CMakeFiles/pico-mouse.dir/C_/Program_Files/Raspberry_Pi/Pico_SDK_v1.5.0/pico-sdk/lib/tinyusb/src/portable/raspberrypi/rp2040/dcd_rp2040.c.obj
 .rodata.__func__.5
                0x100087a4        0xf CMakeFiles/pico-mouse.dir/C_/Program_Files/Raspberry_Pi/Pico_SDK_v1.5.0/pico-sdk/lib/tinyusb/src/portable/raspberrypi/rp2040/dcd_rp2040.c.obj
 *fill*         0x100087b3        0x1 
 .rodata.__func__.6
                0x100087b4       0x13 CMakeFiles/pico-mouse.dir/C_/Program_Files/Raspberry_Pi/Pico_SDK_v1.5.0/pico-sdk/lib/tinyusb/src/portable/raspberrypi/rp2040/dcd_rp2040.c.obj
 *fill*         0x100087c7        0x1 
 .rodata.__func__.7
                0x100087c8        0x9 CMakeFiles/pico-mouse.dir/C_/Program_Files/Raspberry_Pi/Pico_SDK_v1.5.0/pico-sdk/lib/tinyusb/src/portable/raspberrypi/rp2040/dcd_rp2040.c.obj
 *fill*         0x100087d1        0x3 
 .rodata.str1.4
                0x100087d4      0x103 CMakeFiles/pico-mouse.dir/C_/Program_Files/Raspberry_Pi/Pico_SDK_v1.5.0/pico-sdk/lib/tinyusb/src/portable/raspberrypi/rp2040/rp2040_usb.c.obj
 *fill*         0x100088d7        0x1 
 .rodata.__func__.0
                0x100088d8        0xf CMakeFiles/pico-mouse.dir/C_/Program_Files/Raspberry_Pi/Pico_SDK_v1.5.0/pico-sdk/lib/tinyusb/src/portable/raspberrypi/rp2040/rp2040_usb.c.obj
 *fill*         0x100088e7        0x1 
 .rodata.process_get_descriptor
                0x100088e8       0x40 CMakeFiles/pico-mouse.dir/C_/Program_Files/Raspberry_Pi/Pico_SDK_v1.5.0/pico-sdk/lib/tinyusb/src/device/usbd.c.obj
 .rodata.process_control_request
                0x10008928       0x28 CMakeFiles/pico-mouse.dir/C_/Program_Files/Raspberry_Pi/Pico_SDK_v1.5.0/pico-sdk/lib/tinyusb/src/device/usbd.c.obj
 .rodata.tud_task_ext
                0x10008950       0x24 CMakeFiles/pico-mouse.dir/C_/Program_Files/Raspberry_Pi/Pico_SDK_v1.5.0/pico-sdk/lib/tinyusb/src/device/usbd.c.obj
 .rodata._usbd_driver
                0x10008974       0x18 CMakeFiles/pico-mouse.dir/C_/Program_Files/Raspberry_Pi/Pico_SDK_v1.5.0/pico-sdk/lib/tinyusb/src/device/usbd.c.obj
 .rodata.hidd_control_xfer_cb
                0x1000898c       0x30 CMakeFiles/pico-mouse.dir/C_/Program_Files/Raspberry_Pi/Pico_SDK_v1.5.0/pico-sdk/lib/tinyusb/src/class/hid/hid_device.c.obj
                0x100089bc                . = ALIGN (0x4)
 *(SORT_BY_ALIGNMENT(SORT_BY_NAME(.flashdata*)))
                0x100089bc                . = ALIGN (0x4)

.rel.dyn        0x100089bc        0x0
 .rel.iplt      0x100089bc        0x0 c:/progra~1/raspbe~1/picosd~1.0/gcc-ar~1/bin/../lib/gcc/arm-none-eabi/10.3.1/thumb/v6-m/nofp/crtbegin.o

.ARM.extab
 *(.ARM.extab* .gnu.linkonce.armextab.*)
                0x100089bc                __exidx_start = .

.ARM.exidx
 *(.ARM.exidx* .gnu.linkonce.armexidx.*)
                0x100089bc                __exidx_end = .
                0x100089bc                . = ALIGN (0x4)
                0x100089bc                __binary_info_start = .

.binary_info    0x100089bc       0x1c
 *(.binary_info.keep.*)
 .binary_info.keep.__bi_ptr22
                0x100089bc        0x4 CMakeFiles/pico-mouse.dir/C_/Program_Files/Raspberry_Pi/Pico_SDK_v1.5.0/pico-sdk/src/rp2_common/pico_standard_link/binary_info.c.obj
 .binary_info.keep.__bi_ptr30
                0x100089c0        0x4 CMakeFiles/pico-mouse.dir/C_/Program_Files/Raspberry_Pi/Pico_SDK_v1.5.0/pico-sdk/src/rp2_common/pico_standard_link/binary_info.c.obj
 .binary_info.keep.__bi_ptr38
                0x100089c4        0x4 CMakeFiles/pico-mouse.dir/C_/Program_Files/Raspberry_Pi/Pico_SDK_v1.5.0/pico-sdk/src/rp2_common/pico_standard_link/binary_info.c.obj
 .binary_info.keep.__bi_ptr44
                0x100089c8        0x4 CMakeFiles/pico-mouse.dir/C_/Program_Files/Raspberry_Pi/Pico_SDK_v1.5.0/pico-sdk/src/rp2_common/pico_standard_link/binary_info.c.obj
 .binary_info.keep.__bi_ptr50
                0x100089cc        0x4 CMakeFiles/pico-mouse.dir/C_/Program_Files/Raspberry_Pi/Pico_SDK_v1.5.0/pico-sdk/src/rp2_common/pico_standard_link/binary_info.c.obj
 .binary_info.keep.__bi_ptr75
                0x100089d0        0x4 CMakeFiles/pico-mouse.dir/C_/Program_Files/Raspberry_Pi/Pico_SDK_v1.5.0/pico-sdk/src/rp2_common/pico_standard_link/binary_info.c.obj
 .binary_info.keep.__bi_ptr81
                0x100089d4        0x4 CMakeFiles/pico-mouse.dir/C_/Program_Files/Raspberry_Pi/Pico_SDK_v1.5.0/pico-sdk/src/rp2_common/pico_standard_link/binary_info.c.obj
 *(.binary_info.*)
                0x100089d8                __binary_info_end = .
                0x100089d8                . = ALIGN (0x4)
                0x100089d8                __etext = .

.ram_vector_table
                0x20000000       0xc0
 *(.ram_vector_table)
 .ram_vector_table
                0x20000000       0xc0 CMakeFiles/pico-mouse.dir/C_/Program_Files/Raspberry_Pi/Pico_SDK_v1.5.0/pico-sdk/src/rp2_common/pico_runtime/runtime.c.obj
                0x20000000                ram_vector_table

.data           0x200000c0      0xb34 load address 0x100089d8
                0x200000c0                __data_start__ = .
 *(vtable)
 *(.time_critical*)
 .time_critical.mutex_try_enter
                0x200000c0       0x46 CMakeFiles/pico-mouse.dir/C_/Program_Files/Raspberry_Pi/Pico_SDK_v1.5.0/pico-sdk/src/common/pico_sync/mutex.c.obj
                0x200000c0                mutex_try_enter
 *fill*         0x20000106        0x2 
 .time_critical.mutex_enter_block_until
                0x20000108       0x8c CMakeFiles/pico-mouse.dir/C_/Program_Files/Raspberry_Pi/Pico_SDK_v1.5.0/pico-sdk/src/common/pico_sync/mutex.c.obj
                0x20000108                mutex_enter_block_until
 .time_critical.mutex_try_enter_block_until
                0x20000194       0x34 CMakeFiles/pico-mouse.dir/C_/Program_Files/Raspberry_Pi/Pico_SDK_v1.5.0/pico-sdk/src/common/pico_sync/mutex.c.obj
                0x20000194                mutex_try_enter_block_until
 .time_critical.mutex_enter_timeout_ms
                0x200001c8       0x68 CMakeFiles/pico-mouse.dir/C_/Program_Files/Raspberry_Pi/Pico_SDK_v1.5.0/pico-sdk/src/common/pico_sync/mutex.c.obj
                0x200001c8                mutex_enter_timeout_ms
 .time_critical.mutex_exit
                0x20000230       0x4c CMakeFiles/pico-mouse.dir/C_/Program_Files/Raspberry_Pi/Pico_SDK_v1.5.0/pico-sdk/src/common/pico_sync/mutex.c.obj
                0x20000230                mutex_exit
 .time_critical.spi_write_read_blocking
                0x2000027c       0x42 CMakeFiles/pico-mouse.dir/C_/Program_Files/Raspberry_Pi/Pico_SDK_v1.5.0/pico-sdk/src/rp2_common/hardware_spi/spi.c.obj
                0x2000027c                spi_write_read_blocking
 .time_critical.spi_write_blocking
                0x200002be       0x3a CMakeFiles/pico-mouse.dir/C_/Program_Files/Raspberry_Pi/Pico_SDK_v1.5.0/pico-sdk/src/rp2_common/hardware_spi/spi.c.obj
                0x200002be                spi_write_blocking
 .time_critical.reset_non_control_endpoints
                0x200002f8       0x40 CMakeFiles/pico-mouse.dir/C_/Program_Files/Raspberry_Pi/Pico_SDK_v1.5.0/pico-sdk/lib/tinyusb/src/portable/raspberrypi/rp2040/dcd_rp2040.c.obj
 .time_critical.hw_handle_buff_status
                0x20000338       0xa4 CMakeFiles/pico-mouse.dir/C_/Program_Files/Raspberry_Pi/Pico_SDK_v1.5.0/pico-sdk/lib/tinyusb/src/portable/raspberrypi/rp2040/dcd_rp2040.c.obj
 .time_critical.dcd_rp2040_irq
                0x200003dc      0x1cc CMakeFiles/pico-mouse.dir/C_/Program_Files/Raspberry_Pi/Pico_SDK_v1.5.0/pico-sdk/lib/tinyusb/src/portable/raspberrypi/rp2040/dcd_rp2040.c.obj
 .time_critical.e15_is_bulkin_ep
                0x200005a8       0x2c CMakeFiles/pico-mouse.dir/C_/Program_Files/Raspberry_Pi/Pico_SDK_v1.5.0/pico-sdk/lib/tinyusb/src/portable/raspberrypi/rp2040/rp2040_usb.c.obj
 .time_critical.e15_is_critical_frame_period
                0x200005d4       0x30 CMakeFiles/pico-mouse.dir/C_/Program_Files/Raspberry_Pi/Pico_SDK_v1.5.0/pico-sdk/lib/tinyusb/src/portable/raspberrypi/rp2040/rp2040_usb.c.obj
 .time_critical.prepare_ep_buffer
                0x20000604       0x70 CMakeFiles/pico-mouse.dir/C_/Program_Files/Raspberry_Pi/Pico_SDK_v1.5.0/pico-sdk/lib/tinyusb/src/portable/raspberrypi/rp2040/rp2040_usb.c.obj
 .time_critical.sync_ep_buffer
                0x20000674       0x80 CMakeFiles/pico-mouse.dir/C_/Program_Files/Raspberry_Pi/Pico_SDK_v1.5.0/pico-sdk/lib/tinyusb/src/portable/raspberrypi/rp2040/rp2040_usb.c.obj
 .time_critical._hw_endpoint_xfer_sync
                0x200006f4       0x28 CMakeFiles/pico-mouse.dir/C_/Program_Files/Raspberry_Pi/Pico_SDK_v1.5.0/pico-sdk/lib/tinyusb/src/portable/raspberrypi/rp2040/rp2040_usb.c.obj
 .time_critical.hw_endpoint_reset_transfer
                0x2000071c        0xc CMakeFiles/pico-mouse.dir/C_/Program_Files/Raspberry_Pi/Pico_SDK_v1.5.0/pico-sdk/lib/tinyusb/src/portable/raspberrypi/rp2040/rp2040_usb.c.obj
                0x2000071c                hw_endpoint_reset_transfer
 .time_critical._hw_endpoint_buffer_control_update32
                0x20000728       0x58 CMakeFiles/pico-mouse.dir/C_/Program_Files/Raspberry_Pi/Pico_SDK_v1.5.0/pico-sdk/lib/tinyusb/src/portable/raspberrypi/rp2040/rp2040_usb.c.obj
                0x20000728                _hw_endpoint_buffer_control_update32
 .time_critical.hw_endpoint_start_next_buffer
                0x20000780       0x88 CMakeFiles/pico-mouse.dir/C_/Program_Files/Raspberry_Pi/Pico_SDK_v1.5.0/pico-sdk/lib/tinyusb/src/portable/raspberrypi/rp2040/rp2040_usb.c.obj
                0x20000780                hw_endpoint_start_next_buffer
 .time_critical.hw_endpoint_xfer_continue
                0x20000808       0x50 CMakeFiles/pico-mouse.dir/C_/Program_Files/Raspberry_Pi/Pico_SDK_v1.5.0/pico-sdk/lib/tinyusb/src/portable/raspberrypi/rp2040/rp2040_usb.c.obj
                0x20000808                hw_endpoint_xfer_continue
 .time_critical.tinyusb
                0x20000858      0x1ec CMakeFiles/pico-mouse.dir/C_/Program_Files/Raspberry_Pi/Pico_SDK_v1.5.0/pico-sdk/lib/tinyusb/src/device/usbd.c.obj
                0x20000858                dcd_event_handler
 *(.text*)
 .text          0x20000a44        0x4 c:/progra~1/raspbe~1/picosd~1.0/gcc-ar~1/bin/../lib/gcc/arm-none-eabi/10.3.1/thumb/v6-m/nofp\libgcc.a(_dvmd_tls.o)
                0x20000a44                __aeabi_idiv0
                0x20000a44                __aeabi_ldiv0
 .text.__stub   0x20000a48       0x90 linker stubs
                0x20000ad8                . = ALIGN (0x4)
 *(.rodata*)
                0x20000ad8                . = ALIGN (0x4)
 *(.data*)
 .data.buttons  0x20000ad8       0x28 CMakeFiles/pico-mouse.dir/main.c.obj
                0x20000ad8                buttons
 .data.string_desc_arr
                0x20000b00       0x10 CMakeFiles/pico-mouse.dir/usb_descriptors.c.obj
                0x20000b00                string_desc_arr
 .data.striped_spin_lock_num
                0x20000b10        0x1 CMakeFiles/pico-mouse.dir/C_/Program_Files/Raspberry_Pi/Pico_SDK_v1.5.0/pico-sdk/src/rp2_common/hardware_sync/sync.c.obj
 *fill*         0x20000b11        0x3 
 .data          0x20000b14       0x48 CMakeFiles/pico-mouse.dir/C_/Program_Files/Raspberry_Pi/Pico_SDK_v1.5.0/pico-sdk/src/rp2_common/hardware_irq/irq_handler_chain.S.obj
                0x20000b14                irq_handler_chain_slots
                0x20000b44                irq_handler_chain_first_slot
                0x20000b4e                irq_handler_chain_remove_tail
 .data.default_alarm_pool
                0x20000b5c       0x18 CMakeFiles/pico-mouse.dir/C_/Program_Files/Raspberry_Pi/Pico_SDK_v1.5.0/pico-sdk/src/common/pico_time/time.c.obj
 .data.default_alarm_pool_heap
                0x20000b74       0x10 CMakeFiles/pico-mouse.dir/C_/Program_Files/Raspberry_Pi/Pico_SDK_v1.5.0/pico-sdk/src/common/pico_time/time.c.obj
 *fill*         0x20000b84        0xc 
 .data.aeabi_bits_funcs
                0x20000b90       0x10 CMakeFiles/pico-mouse.dir/C_/Program_Files/Raspberry_Pi/Pico_SDK_v1.5.0/pico-sdk/src/rp2_common/pico_bit_ops/bit_ops_aeabi.S.obj
                0x20000b90                aeabi_bits_funcs
                0x20000ba0                aeabi_bits_funcs_end
 .data.aeabi_mem_funcs
                0x20000ba0       0x10 CMakeFiles/pico-mouse.dir/C_/Program_Files/Raspberry_Pi/Pico_SDK_v1.5.0/pico-sdk/src/rp2_common/pico_mem_ops/mem_ops_aeabi.S.obj
                0x20000ba0                aeabi_mem_funcs
                0x20000bb0                aeabi_mem_funcs_end
 .data.ep_dir_string
                0x20000bb0        0x8 CMakeFiles/pico-mouse.dir/C_/Program_Files/Raspberry_Pi/Pico_SDK_v1.5.0/pico-sdk/lib/tinyusb/src/portable/raspberrypi/rp2040/rp2040_usb.c.obj
                0x20000bb0                ep_dir_string
 .data._usbd_qdef
                0x20000bb8       0x1c CMakeFiles/pico-mouse.dir/C_/Program_Files/Raspberry_Pi/Pico_SDK_v1.5.0/pico-sdk/lib/tinyusb/src/device/usbd.c.obj
                0x20000bb8                _usbd_qdef
 .data._usbd_rhport
                0x20000bd4        0x1 CMakeFiles/pico-mouse.dir/C_/Program_Files/Raspberry_Pi/Pico_SDK_v1.5.0/pico-sdk/lib/tinyusb/src/device/usbd.c.obj
                0x20000bd8                . = ALIGN (0x4)
 *fill*         0x20000bd5        0x3 
 *(.after_data.*)
                0x20000bd8                . = ALIGN (0x4)
                0x20000bd8                PROVIDE (__mutex_array_start = .)
 *(SORT_BY_NAME(.mutex_array.*))
 *(.mutex_array)
 .mutex_array   0x20000bd8        0x8 CMakeFiles/pico-mouse.dir/C_/Program_Files/Raspberry_Pi/Pico_SDK_v1.5.0/pico-sdk/src/rp2_common/pico_stdio/stdio.c.obj
                0x20000be0                PROVIDE (__mutex_array_end = .)
                0x20000be0                . = ALIGN (0x4)
                0x20000be0                PROVIDE (__preinit_array_start = .)
 *(SORT_BY_NAME(.preinit_array.*))
 .preinit_array.00001
                0x20000be0        0x4 CMakeFiles/pico-mouse.dir/C_/Program_Files/Raspberry_Pi/Pico_SDK_v1.5.0/pico-sdk/src/rp2_common/pico_mem_ops/mem_ops_aeabi.S.obj
 .preinit_array.00010
                0x20000be4        0x4 CMakeFiles/pico-mouse.dir/C_/Program_Files/Raspberry_Pi/Pico_SDK_v1.5.0/pico-sdk/src/rp2_common/pico_bit_ops/bit_ops_aeabi.S.obj
 .preinit_array.00020
                0x20000be8        0x4 CMakeFiles/pico-mouse.dir/C_/Program_Files/Raspberry_Pi/Pico_SDK_v1.5.0/pico-sdk/src/rp2_common/pico_double/double_aeabi.S.obj
 .preinit_array.00020
                0x20000bec        0x4 CMakeFiles/pico-mouse.dir/C_/Program_Files/Raspberry_Pi/Pico_SDK_v1.5.0/pico-sdk/src/rp2_common/pico_float/float_aeabi.S.obj
 *(.preinit_array)
                0x20000bf0                PROVIDE (__preinit_array_end = .)
                0x20000bf0                . = ALIGN (0x4)
                0x20000bf0                PROVIDE (__init_array_start = .)
 *(SORT_BY_NAME(.init_array.*))
 *(.init_array)
 .init_array    0x20000bf0        0x4 c:/progra~1/raspbe~1/picosd~1.0/gcc-ar~1/bin/../lib/gcc/arm-none-eabi/10.3.1/thumb/v6-m/nofp/crtbegin.o
                0x20000bf4                PROVIDE (__init_array_end = .)
                0x20000bf4                . = ALIGN (0x4)
                [!provide]                PROVIDE (__fini_array_start = .)
 *(SORT_BY_NAME(.fini_array.*))
 *(.fini_array)
                [!provide]                PROVIDE (__fini_array_end = .)
 *(.jcr)
                0x20000bf4                . = ALIGN (0x4)
                0x20000bf4                __data_end__ = .

.igot.plt       0x20000bf4        0x0 load address 0x1000950c
 .igot.plt      0x20000bf4        0x0 c:/progra~1/raspbe~1/picosd~1.0/gcc-ar~1/bin/../lib/gcc/arm-none-eabi/10.3.1/thumb/v6-m/nofp/crtbegin.o

.uninitialized_data
                0x20000bf4        0x0 load address 0x1000950c
                0x20000bf4                . = ALIGN (0x4)
 *(.uninitialized_data*)

.scratch_x      0x20040000        0x0 load address 0x1000950c
                0x20040000                __scratch_x_start__ = .
 *(.scratch_x.*)
                0x20040000                . = ALIGN (0x4)
                0x20040000                __scratch_x_end__ = .
                0x1000950c                __scratch_x_source__ = LOADADDR (.scratch_x)

.scratch_y      0x20041000        0x0 load address 0x1000950c
                0x20041000                __scratch_y_start__ = .
 *(.scratch_y.*)
                0x20041000                . = ALIGN (0x4)
                0x20041000                __scratch_y_end__ = .
                0x1000950c                __scratch_y_source__ = LOADADDR (.scratch_y)

.bss            0x20000bf8      0x9f0
                0x20000bf8                . = ALIGN (0x4)
                0x20000bf8                __bss_start__ = .
 *(SORT_BY_ALIGNMENT(SORT_BY_NAME(.bss*)))
 .bss.default_alarm_pool_entries
                0x20000bf8      0x100 CMakeFiles/pico-mouse.dir/C_/Program_Files/Raspberry_Pi/Pico_SDK_v1.5.0/pico-sdk/src/common/pico_time/time.c.obj
 .bss           0x20000cf8       0x1c c:/progra~1/raspbe~1/picosd~1.0/gcc-ar~1/bin/../lib/gcc/arm-none-eabi/10.3.1/thumb/v6-m/nofp/crtbegin.o
 .bss._app_driver
                0x20000d14        0x4 CMakeFiles/pico-mouse.dir/C_/Program_Files/Raspberry_Pi/Pico_SDK_v1.5.0/pico-sdk/lib/tinyusb/src/device/usbd.c.obj
 .bss._ctrl_xfer
                0x20000d18       0x14 CMakeFiles/pico-mouse.dir/C_/Program_Files/Raspberry_Pi/Pico_SDK_v1.5.0/pico-sdk/lib/tinyusb/src/device/usbd_control.c.obj
 .bss._desc_str
                0x20000d2c       0x40 CMakeFiles/pico-mouse.dir/usb_descriptors.c.obj
 .bss._hidd_itf
                0x20000d6c       0x2c CMakeFiles/pico-mouse.dir/C_/Program_Files/Raspberry_Pi/Pico_SDK_v1.5.0/pico-sdk/lib/tinyusb/src/class/hid/hid_device.c.obj
 .bss._ubsd_mutexdef
                0x20000d98        0x8 CMakeFiles/pico-mouse.dir/C_/Program_Files/Raspberry_Pi/Pico_SDK_v1.5.0/pico-sdk/lib/tinyusb/src/device/usbd.c.obj
 .bss._usbd_ctrl_buf
                0x20000da0       0x40 CMakeFiles/pico-mouse.dir/C_/Program_Files/Raspberry_Pi/Pico_SDK_v1.5.0/pico-sdk/lib/tinyusb/src/device/usbd_control.c.obj
 .bss._usbd_dev
                0x20000de0       0x53 CMakeFiles/pico-mouse.dir/C_/Program_Files/Raspberry_Pi/Pico_SDK_v1.5.0/pico-sdk/lib/tinyusb/src/device/usbd.c.obj
 *fill*         0x20000e33        0x1 
 .bss._usbd_mutex
                0x20000e34        0x4 CMakeFiles/pico-mouse.dir/C_/Program_Files/Raspberry_Pi/Pico_SDK_v1.5.0/pico-sdk/lib/tinyusb/src/device/usbd.c.obj
 .bss._usbd_q   0x20000e38        0x4 CMakeFiles/pico-mouse.dir/C_/Program_Files/Raspberry_Pi/Pico_SDK_v1.5.0/pico-sdk/lib/tinyusb/src/device/usbd.c.obj
 .bss._usbd_qdef_buf
                0x20000e3c       0xc0 CMakeFiles/pico-mouse.dir/C_/Program_Files/Raspberry_Pi/Pico_SDK_v1.5.0/pico-sdk/lib/tinyusb/src/device/usbd.c.obj
                0x20000e3c                _usbd_qdef_buf
 .bss.alarm_callbacks
                0x20000efc       0x10 CMakeFiles/pico-mouse.dir/C_/Program_Files/Raspberry_Pi/Pico_SDK_v1.5.0/pico-sdk/src/rp2_common/hardware_timer/timer.c.obj
 .bss.claimed   0x20000f0c        0x4 CMakeFiles/pico-mouse.dir/C_/Program_Files/Raspberry_Pi/Pico_SDK_v1.5.0/pico-sdk/src/rp2_common/hardware_sync/sync.c.obj
 .bss.configured_freq
                0x20000f10       0x28 CMakeFiles/pico-mouse.dir/C_/Program_Files/Raspberry_Pi/Pico_SDK_v1.5.0/pico-sdk/src/rp2_common/hardware_clocks/clocks.c.obj
 .bss.default_alarm_pool_entry_ids_high
                0x20000f38       0x10 CMakeFiles/pico-mouse.dir/C_/Program_Files/Raspberry_Pi/Pico_SDK_v1.5.0/pico-sdk/src/common/pico_time/time.c.obj
 .bss.default_alarm_pool_heap_nodes
                0x20000f48       0x30 CMakeFiles/pico-mouse.dir/C_/Program_Files/Raspberry_Pi/Pico_SDK_v1.5.0/pico-sdk/src/common/pico_time/time.c.obj
 .bss.drivers   0x20000f78        0x4 CMakeFiles/pico-mouse.dir/C_/Program_Files/Raspberry_Pi/Pico_SDK_v1.5.0/pico-sdk/src/rp2_common/pico_stdio/stdio.c.obj
 .bss.e15_last_sof
                0x20000f7c        0x4 CMakeFiles/pico-mouse.dir/C_/Program_Files/Raspberry_Pi/Pico_SDK_v1.5.0/pico-sdk/lib/tinyusb/src/portable/raspberrypi/rp2040/rp2040_usb.c.obj
                0x20000f7c                e15_last_sof
 .bss.filter    0x20000f80        0x4 CMakeFiles/pico-mouse.dir/C_/Program_Files/Raspberry_Pi/Pico_SDK_v1.5.0/pico-sdk/src/rp2_common/pico_stdio/stdio.c.obj
 .bss.hid_data  0x20000f84        0x4 CMakeFiles/pico-mouse.dir/main.c.obj
 .bss.hw_endpoints
                0x20000f88      0x400 CMakeFiles/pico-mouse.dir/C_/Program_Files/Raspberry_Pi/Pico_SDK_v1.5.0/pico-sdk/lib/tinyusb/src/portable/raspberrypi/rp2040/dcd_rp2040.c.obj
 .bss.next_buffer_ptr
                0x20001388        0x4 CMakeFiles/pico-mouse.dir/C_/Program_Files/Raspberry_Pi/Pico_SDK_v1.5.0/pico-sdk/lib/tinyusb/src/portable/raspberrypi/rp2040/dcd_rp2040.c.obj
 .bss.pools     0x2000138c       0x10 CMakeFiles/pico-mouse.dir/C_/Program_Files/Raspberry_Pi/Pico_SDK_v1.5.0/pico-sdk/src/common/pico_time/time.c.obj
 .bss.sd_table  0x2000139c      0x100 CMakeFiles/pico-mouse.dir/C_/Program_Files/Raspberry_Pi/Pico_SDK_v1.5.0/pico-sdk/src/rp2_common/pico_double/double_init_rom.c.obj
                0x2000139c                sd_table
 .bss.sf_clz_func
                0x2000149c        0x4 CMakeFiles/pico-mouse.dir/C_/Program_Files/Raspberry_Pi/Pico_SDK_v1.5.0/pico-sdk/src/rp2_common/pico_double/double_init_rom.c.obj
                0x2000149c                sf_clz_func
 .bss.sf_table  0x200014a0      0x100 CMakeFiles/pico-mouse.dir/C_/Program_Files/Raspberry_Pi/Pico_SDK_v1.5.0/pico-sdk/src/rp2_common/pico_float/float_init_rom.c.obj